 Masking

 Timestamp is 52b45f66 (Fri Dec 20 16:16:54 2013)

 Preferred load address is 0000000180000000

 Start         Length     Name                   Class
 0001:00000000 0000d912H .text                   CODE
 0001:0000d920 00000092H .text$x                 CODE
 0002:00000000 00000310H .idata$5                DATA
 0002:00000310 00000008H .CRT$XCA                DATA
 0002:00000318 00000008H .CRT$XCZ                DATA
 0002:00000320 00000008H .CRT$XIA                DATA
 0002:00000328 00000008H .CRT$XIAA               DATA
 0002:00000330 00000008H .CRT$XIZ                DATA
 0002:00000340 00000690H .rdata                  DATA
 0002:000009d0 00000008H .rtc$IAA                DATA
 0002:000009d8 00000008H .rtc$IZZ                DATA
 0002:000009e0 00000008H .rtc$TAA                DATA
 0002:000009e8 00000008H .rtc$TZZ                DATA
 0002:000009f0 0000042cH .xdata                  DATA
 0002:00000e1c 00000078H .idata$2                DATA
 0002:00000e94 00000014H .idata$3                DATA
 0002:00000ea8 00000310H .idata$4                DATA
 0002:000011b8 000007e8H .idata$6                DATA
 0002:000019a0 000000b8H .edata                  DATA
 0003:00000000 000010a8H .data                   DATA
 0003:000010c0 00006408H .bss                    DATA
 0004:00000000 00000330H .pdata                  DATA

  Address         Publics by Value              Rva+Base               Lib:Object

 0000:00000000       ___safe_se_handler_table   0000000000000000     <absolute>
 0000:00000000       ___safe_se_handler_count   0000000000000000     <absolute>
 0000:00000000       __ImageBase                0000000180000000     <linker-defined>
 0001:000001f0       f_emlrt_marshallOut        00000001800011f0 f   Masking_mexutil.obj
 0001:00000220       g_emlrt_marshallOut        0000000180001220 f   Masking_mexutil.obj
 0001:000002f0       h_emlrt_marshallOut        00000001800012f0 f   Masking_mexutil.obj
 0001:000003f0       i_emlrt_marshallOut        00000001800013f0 f   Masking_mexutil.obj
 0001:00000450       j_emlrt_marshallOut        0000000180001450 f   Masking_mexutil.obj
 0001:000004c0       c_emlrt_marshallIn         00000001800014c0 f   Masking_mexutil.obj
 0001:00000570       e_emlrt_marshallIn         0000000180001570 f   Masking_mexutil.obj
 0001:000005e0       emlrt_synchGlobalsToML     00000001800015e0 f   Masking_mexutil.obj
 0001:00000ae0       g_emlrt_marshallIn         0000000180001ae0 f   Masking_mexutil.obj
 0001:00000b40       i_emlrt_marshallIn         0000000180001b40 f   Masking_mexutil.obj
 0001:00000c20       k_emlrt_marshallIn         0000000180001c20 f   Masking_mexutil.obj
 0001:00000cf0       emlrt_synchGlobalsFromML   0000000180001cf0 f   Masking_mexutil.obj
 0001:000011b0       Masking_initialize         00000001800021b0 f   Masking_initialize.obj
 0001:00001220       Masking_atexit             0000000180002220 f   Masking_terminate.obj
 0001:00001280       Masking_terminate          0000000180002280 f   Masking_terminate.obj
 0001:000012a0       Masking                    00000001800022a0 f   Masking.obj
 0001:0000a9e0       norm                       000000018000b9e0 f   norm.obj
 0001:0000aa90       AppFace                    000000018000ba90 f   AppFace.obj
 0001:0000afb0       BlockCheck                 000000018000bfb0 f   BlockCheck.obj
 0001:0000b1d0       cross                      000000018000c1d0 f   cross.obj
 0001:0000b230       c_sqrt                     000000018000c230 f   sqrt.obj
 0001:0000b590       d_sqrt                     000000018000c590 f   sqrt.obj
 0001:0000b5f0       b_sqrt                     000000018000c5f0 f   sqrt.obj
 0001:0000b650       b_exp                      000000018000c650 f   exp.obj
 0001:0000c420       Masking_api                000000018000d420 f   Masking_api.obj
 0001:0000c930       emxEnsureCapacity          000000018000d930 f   Masking_emxutil.obj
 0001:0000ca40       emxFree_real_T             000000018000da40 f   Masking_emxutil.obj
 0001:0000ca80       emxInit_real_T             000000018000da80 f   Masking_emxutil.obj
 0001:0000cc40       Masking_atexit_wrapper     000000018000dc40 f   Masking_mex.obj
 0001:0000cc50       mexFunction                000000018000dc50 f   Masking_mex.obj
 0001:0000cca0       emlrtMexFcnProperties      000000018000dca0 f   Masking_mex.obj
 0001:0000cdda       mxGetData                  000000018000ddda f   libmx:libmx.dll
 0001:0000cde0       mxCreateDoubleScalar       000000018000dde0 f   libmx:libmx.dll
 0001:0000cde6       mxGetPr                    000000018000dde6 f   libmx:libmx.dll
 0001:0000cdec       mxCreateNumericArray_700   000000018000ddec f   libmx:libmx.dll
 0001:0000cdf2       mxGetPi                    000000018000ddf2 f   libmx:libmx.dll
 0001:0000cdf8       mxCreateNumericMatrix_700  000000018000ddf8 f   libmx:libmx.dll
 0001:0000cdfe       mxCreateCharArray_700      000000018000ddfe f   libmx:libmx.dll
 0001:0000ce04       mxGetNaN                   000000018000de04 f   libmx:libmx.dll
 0001:0000ce0a       mxGetInf                   000000018000de0a f   libmx:libmx.dll
 0001:0000ce10       mxCreateStructMatrix_700   000000018000de10 f   libmx:libmx.dll
 0001:0000ce16       mxFree                     000000018000de16 f   libmx:libmx.dll
 0001:0000ce1c       mxCalloc                   000000018000de1c f   libmx:libmx.dll
 0001:0000ce22       mxSetFieldByNumber_700     000000018000de22 f   libmx:libmx.dll
 0001:0000ce28       mxCreateString             000000018000de28 f   libmx:libmx.dll
 0001:0000ce2e       mxCreateLogicalMatrix_700  000000018000de2e f   libmx:libmx.dll
 0001:0000ce34       mexPutVariable             000000018000de34 f   libmex:libmex.dll
 0001:0000ce3a       mexGetVariable             000000018000de3a f   libmex:libmex.dll
 0001:0000ce40       mexErrMsgIdAndTxt          000000018000de40 f   libmex:libmex.dll
 0001:0000ce46       mexAtExit                  000000018000de46 f   libmex:libmex.dll
 0001:0000ce4c       emlrtDestroyArray          000000018000de4c f   libemlrt:libemlrt.dll
 0001:0000ce52       emlrtCheckBuiltInR2012b    000000018000de52 f   libemlrt:libemlrt.dll
 0001:0000ce58       emlrtImportArrayR2011b     000000018000de58 f   libemlrt:libemlrt.dll
 0001:0000ce5e       emlrtCheckVsBuiltInR2012b  000000018000de5e f   libemlrt:libemlrt.dll
 0001:0000ce64       emlrtAssign                000000018000de64 f   libemlrt:libemlrt.dll
 0001:0000ce6a       emlrtExportNumericArrayR2008b 000000018000de6a f   libemlrt:libemlrt.dll
 0001:0000ce70       emlrtAlias                 000000018000de70 f   libemlrt:libemlrt.dll
 0001:0000ce76       emlrtHeapReferenceStackLeaveFcnR2012b 000000018000de76 f   libemlrt:libemlrt.dll
 0001:0000ce7c       emlrtHeapReferenceStackEnterFcnR2012b 000000018000de7c f   libemlrt:libemlrt.dll
 0001:0000ce82       emlrtFirstTimeR2012b       000000018000de82 f   libemlrt:libemlrt.dll
 0001:0000ce88       emlrtEnterRtStackR2012b    000000018000de88 f   libemlrt:libemlrt.dll
 0001:0000ce8e       emlrtClearAllocCountR2012b 000000018000de8e f   libemlrt:libemlrt.dll
 0001:0000ce94       emlrtCreateRootTLS         000000018000de94 f   libemlrt:libemlrt.dll
 0001:0000ce9a       emlrtGetBreakCheckFlagAddressR2012b 000000018000de9a f   libemlrt:libemlrt.dll
 0001:0000cea0       emlrtDestroyRootTLS        000000018000dea0 f   libemlrt:libemlrt.dll
 0001:0000cea6       emlrtLeaveRtStackR2012b    000000018000dea6 f   libemlrt:libemlrt.dll
 0001:0000ceac       emlrtInitCharArray         000000018000deac f   libemlrt:libemlrt.dll
 0001:0000ceb2       emlrtCallMATLABR2012b      000000018000deb2 f   libemlrt:libemlrt.dll
 0001:0000ceb8       emlrtBreakCheckR2012b      000000018000deb8 f   libemlrt:libemlrt.dll
 0001:0000cebe       emlrtPopRtStackR2012b      000000018000debe f   libemlrt:libemlrt.dll
 0001:0000cec4       emlrtPushRtStackR2012b     000000018000dec4 f   libemlrt:libemlrt.dll
 0001:0000ceca       emlrtDynamicBoundsCheckR2012b 000000018000deca f   libemlrt:libemlrt.dll
 0001:0000ced0       emlrtForLoopVectorCheckR2012b 000000018000ded0 f   libemlrt:libemlrt.dll
 0001:0000ced6       emlrtAddField              000000018000ded6 f   libemlrt:libemlrt.dll
 0001:0000cedc       emlrtFreeMex               000000018000dedc f   libemlrt:libemlrt.dll
 0001:0000cee2       emlrtHeapAllocationErrorR2012b 000000018000dee2 f   libemlrt:libemlrt.dll
 0001:0000cee8       emlrtCallocMex             000000018000dee8 f   libemlrt:libemlrt.dll
 0001:0000ceee       emlrtSizeMulR2012b         000000018000deee f   libemlrt:libemlrt.dll
 0001:0000cef4       emlrtPushHeapReferenceStackR2012b 000000018000def4 f   libemlrt:libemlrt.dll
 0001:0000cefa       emlrtMallocMex             000000018000defa f   libemlrt:libemlrt.dll
 0001:0000cf00       emlrtReturnArrayR2009a     000000018000df00 f   libemlrt:libemlrt.dll
 0001:0000cf06       muDoubleScalarPower        000000018000df06 f   libmwmathutil:libmwmathutil.dll
 0001:0000cf0c       muDoubleScalarAbs          000000018000df0c f   libmwmathutil:libmwmathutil.dll
 0001:0000cf12       muDoubleScalarSqrt         000000018000df12 f   libmwmathutil:libmwmathutil.dll
 0001:0000cf18       muDoubleScalarHypot        000000018000df18 f   libmwmathutil:libmwmathutil.dll
 0001:0000cf1e       muDoubleScalarIsInf        000000018000df1e f   libmwmathutil:libmwmathutil.dll
 0001:0000cf24       muDoubleScalarIsNaN        000000018000df24 f   libmwmathutil:libmwmathutil.dll
 0001:0000cf2a       muDoubleScalarSin          000000018000df2a f   libmwmathutil:libmwmathutil.dll
 0001:0000cf30       muDoubleScalarCos          000000018000df30 f   libmwmathutil:libmwmathutil.dll
 0001:0000cf36       muDoubleScalarExp          000000018000df36 f   libmwmathutil:libmwmathutil.dll
 0001:0000cf3c       __GSHandlerCheckCommon     000000018000df3c f   MSVCRT:gshandler.obj
 0001:0000cfa0       __GSHandlerCheck           000000018000dfa0 f   MSVCRT:gshandler.obj
 0001:0000cfd0       __security_check_cookie    000000018000dfd0 f   MSVCRT:amdsecgs.obj
 0001:0000d000       __chkstk                   000000018000e000 f   MSVCRT:chkstk.obj
 0001:0000d000       _alloca_probe              000000018000e000     MSVCRT:chkstk.obj
 0001:0000d04e       memcpy                     000000018000e04e f   MSVCRT:MSVCR100.dll
 0001:0000d054       memset                     000000018000e054 f   MSVCRT:MSVCR100.dll
 0001:0000d0bc       _CRT_INIT                  000000018000e0bc f   MSVCRT:crtdll.obj
 0001:0000d454       _DllMainCRTStartup         000000018000e454 f   MSVCRT:crtdll.obj
 0001:0000d494       __report_gsfailure         000000018000e494 f   MSVCRT:gs_report.obj
 0001:0000d5e0       __clean_type_info_names    000000018000e5e0 f   MSVCRT:tncleanup.obj
 0001:0000d5ec       _onexit                    000000018000e5ec f   MSVCRT:atonexit.obj
 0001:0000d69c       atexit                     000000018000e69c f   MSVCRT:atonexit.obj
 0001:0000d6b4       _RTC_Initialize            000000018000e6b4 f   MSVCRT:_initsect_.obj
 0001:0000d6ec       _RTC_Terminate             000000018000e6ec f   MSVCRT:_initsect_.obj
 0001:0000d730       _ValidateImageBase         000000018000e730 f   MSVCRT:pesect.obj
 0001:0000d760       _FindPESection             000000018000e760 f   MSVCRT:pesect.obj
 0001:0000d7b0       _IsNonwritableInCurrentImage 000000018000e7b0 f   MSVCRT:pesect.obj
 0001:0000d7f2       _initterm                  000000018000e7f2 f   MSVCRT:MSVCR100.dll
 0001:0000d7f8       _initterm_e                000000018000e7f8 f   MSVCRT:MSVCR100.dll
 0001:0000d7fe       _amsg_exit                 000000018000e7fe f   MSVCRT:MSVCR100.dll
 0001:0000d804       __C_specific_handler       000000018000e804 f   MSVCRT:MSVCR100.dll
 0001:0000d80a       __CppXcptFilter            000000018000e80a f   MSVCRT:MSVCR100.dll
 0001:0000d810       DllMain                    000000018000e810 f   MSVCRT:dllmain.obj
 0001:0000d834       __security_init_cookie     000000018000e834 f   MSVCRT:gs_support.obj
 0001:0000d8e8       __crt_debugger_hook        000000018000e8e8 f   MSVCRT:MSVCR100.dll
 0001:0000d8ee       __clean_type_info_names_internal 000000018000e8ee f   MSVCRT:MSVCR100.dll
 0001:0000d8f4       _unlock                    000000018000e8f4 f   MSVCRT:MSVCR100.dll
 0001:0000d8fa       __dllonexit                000000018000e8fa f   MSVCRT:MSVCR100.dll
 0001:0000d900       _lock                      000000018000e900 f   MSVCRT:MSVCR100.dll
 0001:0000d906       RtlVirtualUnwind           000000018000e906 f   kernel32:KERNEL32.dll
 0001:0000d90c       RtlLookupFunctionEntry     000000018000e90c f   kernel32:KERNEL32.dll
 0002:00000000       __imp_GetSystemTimeAsFileTime 000000018000f000     kernel32:KERNEL32.dll
 0002:00000008       __imp_GetCurrentProcessId  000000018000f008     kernel32:KERNEL32.dll
 0002:00000010       __imp_GetCurrentThreadId   000000018000f010     kernel32:KERNEL32.dll
 0002:00000018       __imp_GetTickCount         000000018000f018     kernel32:KERNEL32.dll
 0002:00000020       __imp_QueryPerformanceCounter 000000018000f020     kernel32:KERNEL32.dll
 0002:00000028       __imp_DisableThreadLibraryCalls 000000018000f028     kernel32:KERNEL32.dll
 0002:00000030       __imp_RtlCaptureContext    000000018000f030     kernel32:KERNEL32.dll
 0002:00000038       __imp_RtlLookupFunctionEntry 000000018000f038     kernel32:KERNEL32.dll
 0002:00000040       __imp_RtlVirtualUnwind     000000018000f040     kernel32:KERNEL32.dll
 0002:00000048       __imp_IsDebuggerPresent    000000018000f048     kernel32:KERNEL32.dll
 0002:00000050       __imp_SetUnhandledExceptionFilter 000000018000f050     kernel32:KERNEL32.dll
 0002:00000058       __imp_UnhandledExceptionFilter 000000018000f058     kernel32:KERNEL32.dll
 0002:00000060       __imp_GetCurrentProcess    000000018000f060     kernel32:KERNEL32.dll
 0002:00000068       __imp_TerminateProcess     000000018000f068     kernel32:KERNEL32.dll
 0002:00000070       __imp_Sleep                000000018000f070     kernel32:KERNEL32.dll
 0002:00000078       __imp_DecodePointer        000000018000f078     kernel32:KERNEL32.dll
 0002:00000080       __imp_EncodePointer        000000018000f080     kernel32:KERNEL32.dll
 0002:00000088       \177KERNEL32_NULL_THUNK_DATA 000000018000f088     kernel32:KERNEL32.dll
 0002:00000090       __imp__onexit              000000018000f090     MSVCRT:MSVCR100.dll
 0002:00000098       __imp__lock                000000018000f098     MSVCRT:MSVCR100.dll
 0002:000000a0       __imp___dllonexit          000000018000f0a0     MSVCRT:MSVCR100.dll
 0002:000000a8       __imp__malloc_crt          000000018000f0a8     MSVCRT:MSVCR100.dll
 0002:000000b0       __imp_memset               000000018000f0b0     MSVCRT:MSVCR100.dll
 0002:000000b8       __imp_memcpy               000000018000f0b8     MSVCRT:MSVCR100.dll
 0002:000000c0       __imp__initterm_e          000000018000f0c0     MSVCRT:MSVCR100.dll
 0002:000000c8       __imp_free                 000000018000f0c8     MSVCRT:MSVCR100.dll
 0002:000000d0       __imp__encoded_null        000000018000f0d0     MSVCRT:MSVCR100.dll
 0002:000000d8       __imp__amsg_exit           000000018000f0d8     MSVCRT:MSVCR100.dll
 0002:000000e0       __imp___C_specific_handler 000000018000f0e0     MSVCRT:MSVCR100.dll
 0002:000000e8       __imp___CppXcptFilter      000000018000f0e8     MSVCRT:MSVCR100.dll
 0002:000000f0       __imp___crt_debugger_hook  000000018000f0f0     MSVCRT:MSVCR100.dll
 0002:000000f8       __imp___clean_type_info_names_internal 000000018000f0f8     MSVCRT:MSVCR100.dll
 0002:00000100       __imp__initterm            000000018000f100     MSVCRT:MSVCR100.dll
 0002:00000108       __imp__unlock              000000018000f108     MSVCRT:MSVCR100.dll
 0002:00000110       \177MSVCR100_NULL_THUNK_DATA 000000018000f110     MSVCRT:MSVCR100.dll
 0002:00000118       __imp_emlrtDestroyRootTLS  000000018000f118     libemlrt:libemlrt.dll
 0002:00000120       __imp_emlrtLeaveRtStackR2012b 000000018000f120     libemlrt:libemlrt.dll
 0002:00000128       __imp_emlrtInitCharArray   000000018000f128     libemlrt:libemlrt.dll
 0002:00000130       __imp_emlrtCallMATLABR2012b 000000018000f130     libemlrt:libemlrt.dll
 0002:00000138       __imp_emlrtBreakCheckR2012b 000000018000f138     libemlrt:libemlrt.dll
 0002:00000140       __imp_emlrtPopRtStackR2012b 000000018000f140     libemlrt:libemlrt.dll
 0002:00000148       __imp_emlrtPushRtStackR2012b 000000018000f148     libemlrt:libemlrt.dll
 0002:00000150       __imp_emlrtDynamicBoundsCheckR2012b 000000018000f150     libemlrt:libemlrt.dll
 0002:00000158       __imp_emlrtForLoopVectorCheckR2012b 000000018000f158     libemlrt:libemlrt.dll
 0002:00000160       __imp_emlrtAddField        000000018000f160     libemlrt:libemlrt.dll
 0002:00000168       __imp_emlrtFreeMex         000000018000f168     libemlrt:libemlrt.dll
 0002:00000170       __imp_emlrtHeapAllocationErrorR2012b 000000018000f170     libemlrt:libemlrt.dll
 0002:00000178       __imp_emlrtCallocMex       000000018000f178     libemlrt:libemlrt.dll
 0002:00000180       __imp_emlrtSizeMulR2012b   000000018000f180     libemlrt:libemlrt.dll
 0002:00000188       __imp_emlrtPushHeapReferenceStackR2012b 000000018000f188     libemlrt:libemlrt.dll
 0002:00000190       __imp_emlrtMallocMex       000000018000f190     libemlrt:libemlrt.dll
 0002:00000198       __imp_emlrtReturnArrayR2009a 000000018000f198     libemlrt:libemlrt.dll
 0002:000001a0       __imp_emlrtGetBreakCheckFlagAddressR2012b 000000018000f1a0     libemlrt:libemlrt.dll
 0002:000001a8       __imp_emlrtClearAllocCountR2012b 000000018000f1a8     libemlrt:libemlrt.dll
 0002:000001b0       __imp_emlrtEnterRtStackR2012b 000000018000f1b0     libemlrt:libemlrt.dll
 0002:000001b8       __imp_emlrtFirstTimeR2012b 000000018000f1b8     libemlrt:libemlrt.dll
 0002:000001c0       __imp_emlrtHeapReferenceStackEnterFcnR2012b 000000018000f1c0     libemlrt:libemlrt.dll
 0002:000001c8       __imp_emlrtHeapReferenceStackLeaveFcnR2012b 000000018000f1c8     libemlrt:libemlrt.dll
 0002:000001d0       __imp_emlrtAlias           000000018000f1d0     libemlrt:libemlrt.dll
 0002:000001d8       __imp_emlrtExportNumericArrayR2008b 000000018000f1d8     libemlrt:libemlrt.dll
 0002:000001e0       __imp_emlrtAssign          000000018000f1e0     libemlrt:libemlrt.dll
 0002:000001e8       __imp_emlrtCheckVsBuiltInR2012b 000000018000f1e8     libemlrt:libemlrt.dll
 0002:000001f0       __imp_emlrtImportArrayR2011b 000000018000f1f0     libemlrt:libemlrt.dll
 0002:000001f8       __imp_emlrtCheckBuiltInR2012b 000000018000f1f8     libemlrt:libemlrt.dll
 0002:00000200       __imp_emlrtDestroyArray    000000018000f200     libemlrt:libemlrt.dll
 0002:00000208       __imp_emlrtCreateRootTLS   000000018000f208     libemlrt:libemlrt.dll
 0002:00000210       \177libemlrt_NULL_THUNK_DATA 000000018000f210     libemlrt:libemlrt.dll
 0002:00000218       __imp_mexPutVariable       000000018000f218     libmex:libmex.dll
 0002:00000220       __imp_mexErrMsgIdAndTxt    000000018000f220     libmex:libmex.dll
 0002:00000228       __imp_mexAtExit            000000018000f228     libmex:libmex.dll
 0002:00000230       __imp_mexGetVariable       000000018000f230     libmex:libmex.dll
 0002:00000238       \177libmex_NULL_THUNK_DATA 000000018000f238     libmex:libmex.dll
 0002:00000240       __imp_muDoubleScalarIsInf  000000018000f240     libmwmathutil:libmwmathutil.dll
 0002:00000248       __imp_muDoubleScalarHypot  000000018000f248     libmwmathutil:libmwmathutil.dll
 0002:00000250       __imp_muDoubleScalarIsNaN  000000018000f250     libmwmathutil:libmwmathutil.dll
 0002:00000258       __imp_muDoubleScalarAbs    000000018000f258     libmwmathutil:libmwmathutil.dll
 0002:00000260       __imp_muDoubleScalarPower  000000018000f260     libmwmathutil:libmwmathutil.dll
 0002:00000268       __imp_muDoubleScalarSin    000000018000f268     libmwmathutil:libmwmathutil.dll
 0002:00000270       __imp_muDoubleScalarCos    000000018000f270     libmwmathutil:libmwmathutil.dll
 0002:00000278       __imp_muDoubleScalarExp    000000018000f278     libmwmathutil:libmwmathutil.dll
 0002:00000280       __imp_muDoubleScalarSqrt   000000018000f280     libmwmathutil:libmwmathutil.dll
 0002:00000288       \177libmwmathutil_NULL_THUNK_DATA 000000018000f288     libmwmathutil:libmwmathutil.dll
 0002:00000290       __imp_mxCreateLogicalMatrix_700 000000018000f290     libmx:libmx.dll
 0002:00000298       __imp_mxCreateString       000000018000f298     libmx:libmx.dll
 0002:000002a0       __imp_mxSetFieldByNumber_700 000000018000f2a0     libmx:libmx.dll
 0002:000002a8       __imp_mxCalloc             000000018000f2a8     libmx:libmx.dll
 0002:000002b0       __imp_mxFree               000000018000f2b0     libmx:libmx.dll
 0002:000002b8       __imp_mxCreateStructMatrix_700 000000018000f2b8     libmx:libmx.dll
 0002:000002c0       __imp_mxGetInf             000000018000f2c0     libmx:libmx.dll
 0002:000002c8       __imp_mxGetNaN             000000018000f2c8     libmx:libmx.dll
 0002:000002d0       __imp_mxCreateCharArray_700 000000018000f2d0     libmx:libmx.dll
 0002:000002d8       __imp_mxCreateNumericMatrix_700 000000018000f2d8     libmx:libmx.dll
 0002:000002e0       __imp_mxGetPi              000000018000f2e0     libmx:libmx.dll
 0002:000002e8       __imp_mxCreateNumericArray_700 000000018000f2e8     libmx:libmx.dll
 0002:000002f0       __imp_mxGetPr              000000018000f2f0     libmx:libmx.dll
 0002:000002f8       __imp_mxCreateDoubleScalar 000000018000f2f8     libmx:libmx.dll
 0002:00000300       __imp_mxGetData            000000018000f300     libmx:libmx.dll
 0002:00000308       \177libmx_NULL_THUNK_DATA  000000018000f308     libmx:libmx.dll
 0002:00000310       __xc_a                     000000018000f310     MSVCRT:cinitexe.obj
 0002:00000318       __xc_z                     000000018000f318     MSVCRT:cinitexe.obj
 0002:00000320       __xi_a                     000000018000f320     MSVCRT:cinitexe.obj
 0002:00000330       __xi_z                     000000018000f330     MSVCRT:cinitexe.obj
 0002:00000350       ??_C@_06BNJCAIGJ@double?$AA@ 000000018000f350     Masking_mexutil.obj
 0002:00000358       ??_C@_01KNKLHLMO@K?$AA@    000000018000f358     Masking_mexutil.obj
 0002:0000035c       ??_C@_04PAOIBBOA@Geta?$AA@ 000000018000f35c     Masking_mexutil.obj
 0002:00000364       ??_C@_03PNFNLNLI@eta?$AA@  000000018000f364     Masking_mexutil.obj
 0002:00000368       ??_C@_06JDCIGNAE@wedges?$AA@ 000000018000f368     Masking_mexutil.obj
 0002:00000370       ??_C@_07DCAJEGJA@vnfaces?$AA@ 000000018000f370     Masking_mexutil.obj
 0002:00000378       ??_C@_06FJKEMHGD@global?$AA@ 000000018000f378     Masking_mexutil.obj
 0002:00000380       ??_C@_06MAIEDKPI@Nblock?$AA@ 000000018000f380     Masking_mexutil.obj
 0002:00000390       ??_C@_0FH@BPKCNFP@C?3?1Mingming?1Master?5Thesis?1Superv@ 000000018000f390     Masking_data.obj
 0002:000003e8       ??_C@_07EIALCKAL@Masking?$AA@ 000000018000f3e8     Masking_data.obj
 0002:000003f0       ??_C@_00CNPNBAHC@?$AA@     000000018000f3f0     Masking_initialize.obj
 0002:000003f8       __real@4059000000000000    000000018000f3f8     Masking_initialize.obj
 0002:00000400       ??_C@_04OKFALBN@dist?$AA@  000000018000f400     Masking.obj
 0002:00000408       ??_C@_03EBCIAGIO@tpp?$AA@  000000018000f408     Masking.obj
 0002:0000051c       ??_C@_04MKNBDEPB@exit?$AA@ 000000018000f51c     Masking.obj
 0002:00000524       ??_C@_04GKMJMOBJ@disp?$AA@ 000000018000f524     Masking.obj
 0002:00000530       __real@4014000000000000    000000018000f530     Masking.obj
 0002:00000538       __real@4010000000000000    000000018000f538     Masking.obj
 0002:00000540       __real@4018000000000000    000000018000f540     Masking.obj
 0002:00000548       __real@8000000000000000    000000018000f548     Masking.obj
 0002:00000550       __real@3eb0c6f7a0b5ed8d    000000018000f550     Masking.obj
 0002:00000558       __real@4000000000000000    000000018000f558     Masking.obj
 0002:00000560       __real@4008000000000000    000000018000f560     Masking.obj
 0002:00000568       __real@3f747ae147ae147b    000000018000f568     Masking.obj
 0002:00000570       __real@bff0000000000000    000000018000f570     Masking.obj
 0002:00000578       __real@bfe0000000000000    000000018000f578     Masking.obj
 0002:00000580       __real@3fe0000000000000    000000018000f580     Masking.obj
 0002:00000590       __mask@@NegDouble@         000000018000f590     Masking.obj
 0002:000005a0       __real@3ff000010c6f7a0b    000000018000f5a0     Masking.obj
 0002:000005a8       __real@beb0c6f7a0b5ed8d    000000018000f5a8     Masking.obj
 0002:000005b0       __real@3e45798ee2308c3a    000000018000f5b0     Masking.obj
 0002:000005b8       __real@3f50624dd2f1a9fc    000000018000f5b8     Masking.obj
 0002:000005c0       __real@3ff0000000000000    000000018000f5c0     Masking.obj
 0002:000005c8       __real@0010000000000000    000000018000f5c8     norm.obj
 0002:000005d0       ??_C@_0FH@DOFCEKAL@C?3?1Mingming?1Master?5Thesis?1Superv@ 000000018000f5d0     AppFace.obj
 0002:00000628       ??_C@_07JOJCOIBL@AppFace?$AA@ 000000018000f628     AppFace.obj
 0002:00000630       __real@3ddb7cdfd9d7bdbb    000000018000f630     AppFace.obj
 0002:00000638       __real@0000000000000000    000000018000f638     AppFace.obj
 0002:00000640       ??_C@_0FK@HKIDIPGG@C?3?1Mingming?1Master?5Thesis?1Superv@ 000000018000f640     BlockCheck.obj
 0002:000006a0       ??_C@_0L@GFGGHPJL@BlockCheck?$AA@ 000000018000f6a0     BlockCheck.obj
 0002:000006b0       ??_C@_0EG@BJPHDCH@C?3?1Program?5Files?1MATLAB?1R2012b?1t@ 000000018000f6b0     sqrt.obj
 0002:000006f8       ??_C@_09JANBMANM@eml_error?$AA@ 000000018000f6f8     sqrt.obj
 0002:00000710       ??_C@_0ED@DGFGHOCF@C?3?1Program?5Files?1MATLAB?1R2012b?1t@ 000000018000f710     sqrt.obj
 0002:00000754       ??_C@_04EIAKFFMI@sqrt?$AA@ 000000018000f754     sqrt.obj
 0002:00000788       ??_C@_05KKCIMGE@error?$AA@ 000000018000f788     sqrt.obj
 0002:00000790       ??_C@_07ONPBMBOP@message?$AA@ 000000018000f790     sqrt.obj
 0002:00000798       __real@3ff6a09e667f3bcd    000000018000f798     sqrt.obj
 0002:000007a0       __real@7fcfffffffffffff    000000018000f7a0     sqrt.obj
 0002:000007a8       __real@c000000000000000    000000018000f7a8     sqrt.obj
 0002:000007b0       ??_C@_0M@KADPCEJM@Masking_api?$AA@ 000000018000f7b0     Masking_api.obj
 0002:00000828       ??_C@_03GHIMBKG@npb?$AA@   000000018000f828     Masking_api.obj
 0002:0000082c       ??_C@_04LFLEPBN@mask?$AA@  000000018000f82c     Masking_api.obj
 0002:00000834       ??_C@_05EBDEMFLM@pflag?$AA@ 000000018000f834     Masking_api.obj
 0002:0000083c       ??_C@_05EBGMPLCF@nbpen?$AA@ 000000018000f83c     Masking_api.obj
 0002:00000844       ??_C@_03IHCDOBCB@epd?$AA@  000000018000f844     Masking_api.obj
 0002:00000848       ??_C@_02FFNOOABO@pd?$AA@   000000018000f848     Masking_api.obj
 0002:0000084c       ??_C@_05CIDNNCLI@ploss?$AA@ 000000018000f84c     Masking_api.obj
 0002:00000854       ??_C@_03JHEDJOHM@Tht?$AA@  000000018000f854     Masking_api.obj
 0002:00000858       ??_C@_03ICHPMEGI@Ttt?$AA@  000000018000f858     Masking_api.obj
 0002:0000085c       ??_C@_03GICPPCGA@Thi?$AA@  000000018000f85c     Masking_api.obj
 0002:00000860       ??_C@_03HNBDKIHE@Tti?$AA@  000000018000f860     Masking_api.obj
 0002:00000864       ??_C@_03PMPMKOHN@shr?$AA@  000000018000f864     Masking_api.obj
 0002:00000868       ??_C@_03OJMAPEGJ@str?$AA@  000000018000f868     Masking_api.obj
 0002:0000086c       ??_C@_03BGKMJIHF@sto?$AA@  000000018000f86c     Masking_api.obj
 0002:00000870       ??_C@_03DJAMCGB@sho?$AA@   000000018000f870     Masking_api.obj
 0002:00000874       ??_C@_03KKKGAJPL@sht?$AA@  000000018000f874     Masking_api.obj
 0002:00000878       ??_C@_03LPJKFDOP@stt?$AA@  000000018000f878     Masking_api.obj
 0002:0000087c       ??_C@_03EAPGDPPD@sti?$AA@  000000018000f87c     Masking_api.obj
 0002:00000880       ??_C@_03FFMKGFOH@shi?$AA@  000000018000f880     Masking_api.obj
 0002:00000884       ??_C@_05EFMDIBGF@P2_re?$AA@ 000000018000f884     Masking_api.obj
 0002:0000088c       ??_C@_05CGDPLLF@P1_re?$AA@ 000000018000f88c     Masking_api.obj
 0002:00000898       ??_C@_0CH@DLJMAEFE@emlcoder?3emlmex?3TooManyOutputArg@ 000000018000f898     Masking_mex.obj
 0002:000008c0       ??_C@_0DF@OAJMOHIF@Too?5many?5output?5arguments?5for?5en@ 000000018000f8c0     Masking_mex.obj
 0002:000008f8       ??_C@_0CE@IHHIPLIO@emlcoder?3emlmex?3WrongNumberOfInp@ 000000018000f8f8     Masking_mex.obj
 0002:00000920       ??_C@_0CN@COICODII@2?5inputs?5required?5for?5entry?9poin@ 000000018000f920     Masking_mex.obj
 0002:00000950       ??_C@_0BD@NDMMKFEF@8?40?40?4783?5?$CIR2012b?$CJ?$AA@ 000000018000f950     Masking_mex.obj
 0002:00000968       ??_C@_0P@FDPDNMBC@ConstantInputs?$AA@ 000000018000f968     Masking_mex.obj
 0002:00000978       ??_C@_0BA@HBLCOFA@NumberOfOutputs?$AA@ 000000018000f978     Masking_mex.obj
 0002:00000988       ??_C@_0P@DJPKAEOC@NumberOfInputs?$AA@ 000000018000f988     Masking_mex.obj
 0002:00000998       ??_C@_04FABLJDN@Name?$AA@  000000018000f998     Masking_mex.obj
 0002:000009a0       ??_C@_0M@HOOGCLMJ@EntryPoints?$AA@ 000000018000f9a0     Masking_mex.obj
 0002:000009b0       ??_C@_07NGFJPNPN@Version?$AA@ 000000018000f9b0     Masking_mex.obj
 0002:000009b8       _pDefaultRawDllMain        000000018000f9b8     MSVCRT:crtdll.obj
 0002:000009b8       _pRawDllMain               000000018000f9b8     MSVCRT:crtdll.obj
 0002:000009d0       __rtc_iaa                  000000018000f9d0     MSVCRT:_initsect_.obj
 0002:000009d8       __rtc_izz                  000000018000f9d8     MSVCRT:_initsect_.obj
 0002:000009e0       __rtc_taa                  000000018000f9e0     MSVCRT:_initsect_.obj
 0002:000009e8       __rtc_tzz                  000000018000f9e8     MSVCRT:_initsect_.obj
 0002:00000e1c       __IMPORT_DESCRIPTOR_libmx  000000018000fe1c     libmx:libmx.dll
 0002:00000e30       __IMPORT_DESCRIPTOR_libmex 000000018000fe30     libmex:libmex.dll
 0002:00000e44       __IMPORT_DESCRIPTOR_libemlrt 000000018000fe44     libemlrt:libemlrt.dll
 0002:00000e58       __IMPORT_DESCRIPTOR_libmwmathutil 000000018000fe58     libmwmathutil:libmwmathutil.dll
 0002:00000e6c       __IMPORT_DESCRIPTOR_MSVCR100 000000018000fe6c     MSVCRT:MSVCR100.dll
 0002:00000e80       __IMPORT_DESCRIPTOR_KERNEL32 000000018000fe80     kernel32:KERNEL32.dll
 0002:00000e94       __NULL_IMPORT_DESCRIPTOR   000000018000fe94     libmx:libmx.dll
 0003:00000000       emlrtRTEI                  0000000180011000     Masking_data.obj
 0003:00000018       c_emlrtRTEI                0000000180011018     Masking_data.obj
 0003:00001040       emlrtContextGlobal         0000000180012040     Masking_mex.obj
 0003:00001080       _fltused                   0000000180012080     MSVCRT:dllsupp.obj
 0003:00001088       __security_cookie          0000000180012088     MSVCRT:gs_cookie.obj
 0003:00001090       __security_cookie_complement 0000000180012090     MSVCRT:gs_cookie.obj
 0003:000010a0       __native_dllmain_reason    00000001800120a0     MSVCRT:natstart.obj
 0003:000010a4       __native_vcclrit_reason    00000001800120a4     MSVCRT:natstart.obj
 0003:000010c0       emlrtRootTLSGlobal         00000001800120c0     Masking_mex.obj
 0003:00001640       ?__type_info_root_node@@3U__type_info_node@@A 0000000180012640     MSVCRT:tncleanup.obj
 0003:00001660       vnfaces                    0000000180012660     <common>
 0003:00006ad0       Nblock_dirty               0000000180017ad0     <common>
 0003:00006ad4       wedges_dirty               0000000180017ad4     <common>
 0003:00006ad8       Geta_dirty                 0000000180017ad8     <common>
 0003:00006ae0       wedges                     0000000180017ae0     <common>
 0003:00006ae8       K_dirty                    0000000180017ae8     <common>
 0003:00006af0       Geta                       0000000180017af0     <common>
 0003:00006b00       eta_dirty                  0000000180017b00     <common>
 0003:00006b08       K                          0000000180017b08     <common>
 0003:00006b20       eta                        0000000180017b20     <common>
 0003:00007488       vnfaces_dirty              0000000180018488     <common>
 0003:00007490       Nblock                     0000000180018490     <common>
 0003:00007498       emlrtBreakCheckR2012bFlagVar 0000000180018498     <common>
 0003:000074a0       __native_startup_state     00000001800184a0     <common>
 0003:000074a8       __native_startup_lock      00000001800184a8     <common>
 0003:000074b0       __onexitend                00000001800184b0     <common>
 0003:000074b8       __onexitbegin              00000001800184b8     <common>
 0003:000074c0       __dyn_tls_init_callback    00000001800184c0     <common>

 entry point at        0001:0000d454

 Static symbols

 0001:00000000       o_emlrt_marshallIn         0000000180001000 f   Masking_mexutil.obj
 0001:000000e0       p_emlrt_marshallIn         00000001800010e0 f   Masking_mexutil.obj
 0001:00000f70       Masking_once               0000000180001f70 f   Masking_initialize.obj
 0001:0000b480       eml_error                  000000018000c480 f   sqrt.obj
 0001:0000b6c0       k_emlrt_marshallOut        000000018000c6c0 f   Masking_api.obj
 0001:0000c380       emlrt_marshallIn           000000018000d380 f   Masking_api.obj
 0001:0000cb50       Masking_mexFunction        000000018000db50 f   Masking_mex.obj
 0001:0000d05c       pre_c_init                 000000018000e05c f   MSVCRT:crtdll.obj
 0001:0000d318       __DllMainCRTStartup        000000018000e318 f   MSVCRT:crtdll.obj
 0001:0000d920       __DllMainCRTStartup$filt$0 000000018000e920 f   MSVCRT:crtdll.obj
 0001:0000d950       __DllMainCRTStartup$fin$1  000000018000e950 f   MSVCRT:crtdll.obj
 0001:0000d96a       _onexit$fin$0              000000018000e96a f   MSVCRT:atonexit.obj
 0001:0000d990       _IsNonwritableInCurrentImage$filt$0 000000018000e990 f   MSVCRT:pesect.obj
