 dsfield

 Timestamp is 52b45eef (Fri Dec 20 16:14:55 2013)

 Preferred load address is 0000000180000000

 Start         Length     Name                   Class
 0001:00000000 000072d2H .text                   CODE
 0001:000072e0 00000092H .text$x                 CODE
 0002:00000000 000002e0H .idata$5                DATA
 0002:000002e0 00000008H .CRT$XCA                DATA
 0002:000002e8 00000008H .CRT$XCZ                DATA
 0002:000002f0 00000008H .CRT$XIA                DATA
 0002:000002f8 00000008H .CRT$XIAA               DATA
 0002:00000300 00000008H .CRT$XIZ                DATA
 0002:00000310 00000760H .rdata                  DATA
 0002:00000a70 00000008H .rtc$IAA                DATA
 0002:00000a78 00000008H .rtc$IZZ                DATA
 0002:00000a80 00000008H .rtc$TAA                DATA
 0002:00000a88 00000008H .rtc$TZZ                DATA
 0002:00000a90 00000450H .xdata                  DATA
 0002:00000ee0 00000078H .idata$2                DATA
 0002:00000f58 00000014H .idata$3                DATA
 0002:00000f70 000002e0H .idata$4                DATA
 0002:00001250 0000073cH .idata$6                DATA
 0002:00001990 000000b8H .edata                  DATA
 0003:00000000 00000968H .data                   DATA
 0003:00000980 000085b8H .bss                    DATA
 0004:00000000 0000036cH .pdata                  DATA

  Address         Publics by Value              Rva+Base               Lib:Object

 0000:00000000       ___safe_se_handler_count   0000000000000000     <absolute>
 0000:00000000       ___safe_se_handler_table   0000000000000000     <absolute>
 0000:00000000       __ImageBase                0000000180000000     <linker-defined>
 0001:000000e0       b_emlrt_marshallOut        00000001800010e0 f   dsfield_mexutil.obj
 0001:000001b0       c_emlrt_marshallOut        00000001800011b0 f   dsfield_mexutil.obj
 0001:00000240       d_emlrt_marshallOut        0000000180001240 f   dsfield_mexutil.obj
 0001:000002b0       e_emlrt_marshallOut        00000001800012b0 f   dsfield_mexutil.obj
 0001:00000310       emlrt_marshallOut          0000000180001310 f   dsfield_mexutil.obj
 0001:00000340       emlrt_synchGlobalsToML     0000000180001340 f   dsfield_mexutil.obj
 0001:00000d50       error                      0000000180001d50 f   dsfield_mexutil.obj
 0001:00000da0       message                    0000000180001da0 f   dsfield_mexutil.obj
 0001:00000df0       o_emlrt_marshallIn         0000000180001df0 f   dsfield_mexutil.obj
 0001:00000ec0       q_emlrt_marshallIn         0000000180001ec0 f   dsfield_mexutil.obj
 0001:00000fa0       emlrt_marshallIn           0000000180001fa0 f   dsfield_mexutil.obj
 0001:00001050       k_emlrt_marshallIn         0000000180002050 f   dsfield_mexutil.obj
 0001:000010c0       m_emlrt_marshallIn         00000001800020c0 f   dsfield_mexutil.obj
 0001:000011a0       emlrt_synchGlobalsFromML   00000001800021a0 f   dsfield_mexutil.obj
 0001:00001a50       dsfield_initialize         0000000180002a50 f   dsfield_initialize.obj
 0001:00001ac0       dsfield_atexit             0000000180002ac0 f   dsfield_terminate.obj
 0001:00001b10       dsfield_terminate          0000000180002b10 f   dsfield_terminate.obj
 0001:00001b30       dsfield                    0000000180002b30 f   dsfield.obj
 0001:00003240       norm                       0000000180004240 f   norm.obj
 0001:00003240       b_norm                     0000000180004240 f   norm.obj
 0001:000032f0       c_abs                      00000001800042f0 f   abs.obj
 0001:000032f0       b_abs                      00000001800042f0 f   abs.obj
 0001:00003360       c_sqrt                     0000000180004360 f   sqrt.obj
 0001:000035b0       eml_error                  00000001800045b0 f   sqrt.obj
 0001:00003650       b_sqrt                     0000000180004650 f   sqrt.obj
 0001:000036b0       Falpha                     00000001800046b0 f   Falpha.obj
 0001:00003cb0       nchoosek                   0000000180004cb0 f   nchoosek.obj
 0001:000041e0       lobe                       00000001800051e0 f   lobe.obj
 0001:000042c0       RefField                   00000001800052c0 f   RefField.obj
 0001:00005770       b_exp                      0000000180006770 f   exp.obj
 0001:000057e0       b_rand                     00000001800067e0 f   rand.obj
 0001:00005a90       dsfield_api                0000000180006a90 f   dsfield_api.obj
 0001:00006630       dsfield_atexit_wrapper     0000000180007630 f   dsfield_mex.obj
 0001:00006640       mexFunction                0000000180007640 f   dsfield_mex.obj
 0001:00006690       emlrtMexFcnProperties      0000000180007690 f   dsfield_mex.obj
 0001:000067ca       mxGetData                  00000001800077ca f   libmx:libmx.dll
 0001:000067d0       mxGetPr                    00000001800077d0 f   libmx:libmx.dll
 0001:000067d6       mxCreateNumericArray_700   00000001800077d6 f   libmx:libmx.dll
 0001:000067dc       mxGetPi                    00000001800077dc f   libmx:libmx.dll
 0001:000067e2       mxCreateNumericMatrix_700  00000001800077e2 f   libmx:libmx.dll
 0001:000067e8       mxCreateDoubleScalar       00000001800077e8 f   libmx:libmx.dll
 0001:000067ee       mxGetNaN                   00000001800077ee f   libmx:libmx.dll
 0001:000067f4       mxGetInf                   00000001800077f4 f   libmx:libmx.dll
 0001:000067fa       mxCreateCharArray_700      00000001800077fa f   libmx:libmx.dll
 0001:00006800       mxSetFieldByNumber_700     0000000180007800 f   libmx:libmx.dll
 0001:00006806       mxCreateString             0000000180007806 f   libmx:libmx.dll
 0001:0000680c       mxCreateLogicalMatrix_700  000000018000780c f   libmx:libmx.dll
 0001:00006812       mxCreateStructMatrix_700   0000000180007812 f   libmx:libmx.dll
 0001:00006818       mexPutVariable             0000000180007818 f   libmex:libmex.dll
 0001:0000681e       mexGetVariable             000000018000781e f   libmex:libmex.dll
 0001:00006824       mexErrMsgIdAndTxt          0000000180007824 f   libmex:libmex.dll
 0001:0000682a       mexAtExit                  000000018000782a f   libmex:libmex.dll
 0001:00006830       emlrtDestroyArray          0000000180007830 f   libemlrt:libemlrt.dll
 0001:00006836       emlrtImportArrayR2011b     0000000180007836 f   libemlrt:libemlrt.dll
 0001:0000683c       emlrtCheckBuiltInR2012b    000000018000783c f   libemlrt:libemlrt.dll
 0001:00006842       emlrtCheckVsBuiltInR2012b  0000000180007842 f   libemlrt:libemlrt.dll
 0001:00006848       emlrtAlias                 0000000180007848 f   libemlrt:libemlrt.dll
 0001:0000684e       emlrtAssign                000000018000784e f   libemlrt:libemlrt.dll
 0001:00006854       emlrtExportNumericArrayR2008b 0000000180007854 f   libemlrt:libemlrt.dll
 0001:0000685a       emlrtCallMATLABR2012b      000000018000785a f   libemlrt:libemlrt.dll
 0001:00006860       emlrtFirstTimeR2012b       0000000180007860 f   libemlrt:libemlrt.dll
 0001:00006866       emlrtEnterRtStackR2012b    0000000180007866 f   libemlrt:libemlrt.dll
 0001:0000686c       emlrtClearAllocCountR2012b 000000018000786c f   libemlrt:libemlrt.dll
 0001:00006872       emlrtCreateRootTLS         0000000180007872 f   libemlrt:libemlrt.dll
 0001:00006878       emlrtGetBreakCheckFlagAddressR2012b 0000000180007878 f   libemlrt:libemlrt.dll
 0001:0000687e       emlrtDestroyRootTLS        000000018000787e f   libemlrt:libemlrt.dll
 0001:00006884       emlrtLeaveRtStackR2012b    0000000180007884 f   libemlrt:libemlrt.dll
 0001:0000688a       emlrtDynamicBoundsCheckR2012b 000000018000788a f   libemlrt:libemlrt.dll
 0001:00006890       emlrtIntegerCheckR2012b    0000000180007890 f   libemlrt:libemlrt.dll
 0001:00006896       emlrtPopRtStackR2012b      0000000180007896 f   libemlrt:libemlrt.dll
 0001:0000689c       emlrtPushRtStackR2012b     000000018000789c f   libemlrt:libemlrt.dll
 0001:000068a2       emlrtInitCharArray         00000001800078a2 f   libemlrt:libemlrt.dll
 0001:000068a8       emlrtBreakCheckR2012b      00000001800078a8 f   libemlrt:libemlrt.dll
 0001:000068ae       emlrtForLoopVectorCheckR2012b 00000001800078ae f   libemlrt:libemlrt.dll
 0001:000068b4       emlrtAliasP                00000001800078b4 f   libemlrt:libemlrt.dll
 0001:000068ba       emlrtReturnArrayR2009a     00000001800078ba f   libemlrt:libemlrt.dll
 0001:000068c0       muDoubleScalarSqrt         00000001800078c0 f   libmwmathutil:libmwmathutil.dll
 0001:000068c6       muDoubleScalarPower        00000001800078c6 f   libmwmathutil:libmwmathutil.dll
 0001:000068cc       muDoubleScalarAbs          00000001800078cc f   libmwmathutil:libmwmathutil.dll
 0001:000068d2       muDoubleScalarHypot        00000001800078d2 f   libmwmathutil:libmwmathutil.dll
 0001:000068d8       muDoubleScalarIsInf        00000001800078d8 f   libmwmathutil:libmwmathutil.dll
 0001:000068de       muDoubleScalarIsNaN        00000001800078de f   libmwmathutil:libmwmathutil.dll
 0001:000068e4       muDoubleScalarFloor        00000001800078e4 f   libmwmathutil:libmwmathutil.dll
 0001:000068ea       muDoubleScalarRound        00000001800078ea f   libmwmathutil:libmwmathutil.dll
 0001:000068f0       muDoubleScalarSin          00000001800078f0 f   libmwmathutil:libmwmathutil.dll
 0001:000068f6       muDoubleScalarCos          00000001800078f6 f   libmwmathutil:libmwmathutil.dll
 0001:000068fc       muDoubleScalarExp          00000001800078fc f   libmwmathutil:libmwmathutil.dll
 0001:00006904       __GSHandlerCheckCommon     0000000180007904 f   MSVCRT:gshandler.obj
 0001:00006968       __GSHandlerCheck           0000000180007968 f   MSVCRT:gshandler.obj
 0001:000069a0       __security_check_cookie    00000001800079a0 f   MSVCRT:amdsecgs.obj
 0001:000069d0       __chkstk                   00000001800079d0 f   MSVCRT:chkstk.obj
 0001:000069d0       _alloca_probe              00000001800079d0     MSVCRT:chkstk.obj
 0001:00006a1e       memcpy                     0000000180007a1e f   MSVCRT:MSVCR100.dll
 0001:00006a84       _CRT_INIT                  0000000180007a84 f   MSVCRT:crtdll.obj
 0001:00006e1c       _DllMainCRTStartup         0000000180007e1c f   MSVCRT:crtdll.obj
 0001:00006e5c       __report_gsfailure         0000000180007e5c f   MSVCRT:gs_report.obj
 0001:00006fa8       __clean_type_info_names    0000000180007fa8 f   MSVCRT:tncleanup.obj
 0001:00006fb4       _onexit                    0000000180007fb4 f   MSVCRT:atonexit.obj
 0001:00007064       atexit                     0000000180008064 f   MSVCRT:atonexit.obj
 0001:0000707c       _RTC_Initialize            000000018000807c f   MSVCRT:_initsect_.obj
 0001:000070b4       _RTC_Terminate             00000001800080b4 f   MSVCRT:_initsect_.obj
 0001:000070f0       _ValidateImageBase         00000001800080f0 f   MSVCRT:pesect.obj
 0001:00007120       _FindPESection             0000000180008120 f   MSVCRT:pesect.obj
 0001:00007170       _IsNonwritableInCurrentImage 0000000180008170 f   MSVCRT:pesect.obj
 0001:000071b2       _initterm                  00000001800081b2 f   MSVCRT:MSVCR100.dll
 0001:000071b8       _initterm_e                00000001800081b8 f   MSVCRT:MSVCR100.dll
 0001:000071be       _amsg_exit                 00000001800081be f   MSVCRT:MSVCR100.dll
 0001:000071c4       __C_specific_handler       00000001800081c4 f   MSVCRT:MSVCR100.dll
 0001:000071ca       __CppXcptFilter            00000001800081ca f   MSVCRT:MSVCR100.dll
 0001:000071d0       DllMain                    00000001800081d0 f   MSVCRT:dllmain.obj
 0001:000071f4       __security_init_cookie     00000001800081f4 f   MSVCRT:gs_support.obj
 0001:000072a8       __crt_debugger_hook        00000001800082a8 f   MSVCRT:MSVCR100.dll
 0001:000072ae       __clean_type_info_names_internal 00000001800082ae f   MSVCRT:MSVCR100.dll
 0001:000072b4       _unlock                    00000001800082b4 f   MSVCRT:MSVCR100.dll
 0001:000072ba       __dllonexit                00000001800082ba f   MSVCRT:MSVCR100.dll
 0001:000072c0       _lock                      00000001800082c0 f   MSVCRT:MSVCR100.dll
 0001:000072c6       RtlVirtualUnwind           00000001800082c6 f   kernel32:KERNEL32.dll
 0001:000072cc       RtlLookupFunctionEntry     00000001800082cc f   kernel32:KERNEL32.dll
 0002:00000000       __imp_GetSystemTimeAsFileTime 0000000180009000     kernel32:KERNEL32.dll
 0002:00000008       __imp_GetCurrentProcessId  0000000180009008     kernel32:KERNEL32.dll
 0002:00000010       __imp_GetCurrentThreadId   0000000180009010     kernel32:KERNEL32.dll
 0002:00000018       __imp_GetTickCount         0000000180009018     kernel32:KERNEL32.dll
 0002:00000020       __imp_QueryPerformanceCounter 0000000180009020     kernel32:KERNEL32.dll
 0002:00000028       __imp_DisableThreadLibraryCalls 0000000180009028     kernel32:KERNEL32.dll
 0002:00000030       __imp_RtlCaptureContext    0000000180009030     kernel32:KERNEL32.dll
 0002:00000038       __imp_RtlLookupFunctionEntry 0000000180009038     kernel32:KERNEL32.dll
 0002:00000040       __imp_RtlVirtualUnwind     0000000180009040     kernel32:KERNEL32.dll
 0002:00000048       __imp_IsDebuggerPresent    0000000180009048     kernel32:KERNEL32.dll
 0002:00000050       __imp_SetUnhandledExceptionFilter 0000000180009050     kernel32:KERNEL32.dll
 0002:00000058       __imp_UnhandledExceptionFilter 0000000180009058     kernel32:KERNEL32.dll
 0002:00000060       __imp_GetCurrentProcess    0000000180009060     kernel32:KERNEL32.dll
 0002:00000068       __imp_Sleep                0000000180009068     kernel32:KERNEL32.dll
 0002:00000070       __imp_DecodePointer        0000000180009070     kernel32:KERNEL32.dll
 0002:00000078       __imp_EncodePointer        0000000180009078     kernel32:KERNEL32.dll
 0002:00000080       __imp_TerminateProcess     0000000180009080     kernel32:KERNEL32.dll
 0002:00000088       \177KERNEL32_NULL_THUNK_DATA 0000000180009088     kernel32:KERNEL32.dll
 0002:00000090       __imp___C_specific_handler 0000000180009090     MSVCRT:MSVCR100.dll
 0002:00000098       __imp_frexp                0000000180009098     MSVCRT:MSVCR100.dll
 0002:000000a0       __imp_ldexp                00000001800090a0     MSVCRT:MSVCR100.dll
 0002:000000a8       __imp_memcpy               00000001800090a8     MSVCRT:MSVCR100.dll
 0002:000000b0       __imp___CppXcptFilter      00000001800090b0     MSVCRT:MSVCR100.dll
 0002:000000b8       __imp___crt_debugger_hook  00000001800090b8     MSVCRT:MSVCR100.dll
 0002:000000c0       __imp___clean_type_info_names_internal 00000001800090c0     MSVCRT:MSVCR100.dll
 0002:000000c8       __imp__unlock              00000001800090c8     MSVCRT:MSVCR100.dll
 0002:000000d0       __imp___dllonexit          00000001800090d0     MSVCRT:MSVCR100.dll
 0002:000000d8       __imp__lock                00000001800090d8     MSVCRT:MSVCR100.dll
 0002:000000e0       __imp__initterm            00000001800090e0     MSVCRT:MSVCR100.dll
 0002:000000e8       __imp__onexit              00000001800090e8     MSVCRT:MSVCR100.dll
 0002:000000f0       __imp__initterm_e          00000001800090f0     MSVCRT:MSVCR100.dll
 0002:000000f8       __imp_free                 00000001800090f8     MSVCRT:MSVCR100.dll
 0002:00000100       __imp__encoded_null        0000000180009100     MSVCRT:MSVCR100.dll
 0002:00000108       __imp__amsg_exit           0000000180009108     MSVCRT:MSVCR100.dll
 0002:00000110       __imp__malloc_crt          0000000180009110     MSVCRT:MSVCR100.dll
 0002:00000118       \177MSVCR100_NULL_THUNK_DATA 0000000180009118     MSVCRT:MSVCR100.dll
 0002:00000120       __imp_emlrtPopRtStackR2012b 0000000180009120     libemlrt:libemlrt.dll
 0002:00000128       __imp_emlrtPushRtStackR2012b 0000000180009128     libemlrt:libemlrt.dll
 0002:00000130       __imp_emlrtInitCharArray   0000000180009130     libemlrt:libemlrt.dll
 0002:00000138       __imp_emlrtDynamicBoundsCheckR2012b 0000000180009138     libemlrt:libemlrt.dll
 0002:00000140       __imp_emlrtForLoopVectorCheckR2012b 0000000180009140     libemlrt:libemlrt.dll
 0002:00000148       __imp_emlrtAliasP          0000000180009148     libemlrt:libemlrt.dll
 0002:00000150       __imp_emlrtReturnArrayR2009a 0000000180009150     libemlrt:libemlrt.dll
 0002:00000158       __imp_emlrtLeaveRtStackR2012b 0000000180009158     libemlrt:libemlrt.dll
 0002:00000160       __imp_emlrtDestroyRootTLS  0000000180009160     libemlrt:libemlrt.dll
 0002:00000168       __imp_emlrtGetBreakCheckFlagAddressR2012b 0000000180009168     libemlrt:libemlrt.dll
 0002:00000170       __imp_emlrtCreateRootTLS   0000000180009170     libemlrt:libemlrt.dll
 0002:00000178       __imp_emlrtClearAllocCountR2012b 0000000180009178     libemlrt:libemlrt.dll
 0002:00000180       __imp_emlrtEnterRtStackR2012b 0000000180009180     libemlrt:libemlrt.dll
 0002:00000188       __imp_emlrtFirstTimeR2012b 0000000180009188     libemlrt:libemlrt.dll
 0002:00000190       __imp_emlrtCallMATLABR2012b 0000000180009190     libemlrt:libemlrt.dll
 0002:00000198       __imp_emlrtExportNumericArrayR2008b 0000000180009198     libemlrt:libemlrt.dll
 0002:000001a0       __imp_emlrtAssign          00000001800091a0     libemlrt:libemlrt.dll
 0002:000001a8       __imp_emlrtAlias           00000001800091a8     libemlrt:libemlrt.dll
 0002:000001b0       __imp_emlrtCheckVsBuiltInR2012b 00000001800091b0     libemlrt:libemlrt.dll
 0002:000001b8       __imp_emlrtCheckBuiltInR2012b 00000001800091b8     libemlrt:libemlrt.dll
 0002:000001c0       __imp_emlrtImportArrayR2011b 00000001800091c0     libemlrt:libemlrt.dll
 0002:000001c8       __imp_emlrtDestroyArray    00000001800091c8     libemlrt:libemlrt.dll
 0002:000001d0       __imp_emlrtIntegerCheckR2012b 00000001800091d0     libemlrt:libemlrt.dll
 0002:000001d8       __imp_emlrtBreakCheckR2012b 00000001800091d8     libemlrt:libemlrt.dll
 0002:000001e0       \177libemlrt_NULL_THUNK_DATA 00000001800091e0     libemlrt:libemlrt.dll
 0002:000001e8       __imp_mexGetVariable       00000001800091e8     libmex:libmex.dll
 0002:000001f0       __imp_mexPutVariable       00000001800091f0     libmex:libmex.dll
 0002:000001f8       __imp_mexAtExit            00000001800091f8     libmex:libmex.dll
 0002:00000200       __imp_mexErrMsgIdAndTxt    0000000180009200     libmex:libmex.dll
 0002:00000208       \177libmex_NULL_THUNK_DATA 0000000180009208     libmex:libmex.dll
 0002:00000210       __imp_muDoubleScalarExp    0000000180009210     libmwmathutil:libmwmathutil.dll
 0002:00000218       __imp_muDoubleScalarCos    0000000180009218     libmwmathutil:libmwmathutil.dll
 0002:00000220       __imp_muDoubleScalarSin    0000000180009220     libmwmathutil:libmwmathutil.dll
 0002:00000228       __imp_muDoubleScalarRound  0000000180009228     libmwmathutil:libmwmathutil.dll
 0002:00000230       __imp_muDoubleScalarFloor  0000000180009230     libmwmathutil:libmwmathutil.dll
 0002:00000238       __imp_muDoubleScalarIsNaN  0000000180009238     libmwmathutil:libmwmathutil.dll
 0002:00000240       __imp_muDoubleScalarHypot  0000000180009240     libmwmathutil:libmwmathutil.dll
 0002:00000248       __imp_muDoubleScalarAbs    0000000180009248     libmwmathutil:libmwmathutil.dll
 0002:00000250       __imp_muDoubleScalarPower  0000000180009250     libmwmathutil:libmwmathutil.dll
 0002:00000258       __imp_muDoubleScalarSqrt   0000000180009258     libmwmathutil:libmwmathutil.dll
 0002:00000260       __imp_muDoubleScalarIsInf  0000000180009260     libmwmathutil:libmwmathutil.dll
 0002:00000268       \177libmwmathutil_NULL_THUNK_DATA 0000000180009268     libmwmathutil:libmwmathutil.dll
 0002:00000270       __imp_mxCreateStructMatrix_700 0000000180009270     libmx:libmx.dll
 0002:00000278       __imp_mxCreateLogicalMatrix_700 0000000180009278     libmx:libmx.dll
 0002:00000280       __imp_mxCreateString       0000000180009280     libmx:libmx.dll
 0002:00000288       __imp_mxSetFieldByNumber_700 0000000180009288     libmx:libmx.dll
 0002:00000290       __imp_mxCreateCharArray_700 0000000180009290     libmx:libmx.dll
 0002:00000298       __imp_mxGetInf             0000000180009298     libmx:libmx.dll
 0002:000002a0       __imp_mxGetNaN             00000001800092a0     libmx:libmx.dll
 0002:000002a8       __imp_mxCreateDoubleScalar 00000001800092a8     libmx:libmx.dll
 0002:000002b0       __imp_mxCreateNumericMatrix_700 00000001800092b0     libmx:libmx.dll
 0002:000002b8       __imp_mxGetPi              00000001800092b8     libmx:libmx.dll
 0002:000002c0       __imp_mxCreateNumericArray_700 00000001800092c0     libmx:libmx.dll
 0002:000002c8       __imp_mxGetPr              00000001800092c8     libmx:libmx.dll
 0002:000002d0       __imp_mxGetData            00000001800092d0     libmx:libmx.dll
 0002:000002d8       \177libmx_NULL_THUNK_DATA  00000001800092d8     libmx:libmx.dll
 0002:000002e0       __xc_a                     00000001800092e0     MSVCRT:cinitexe.obj
 0002:000002e8       __xc_z                     00000001800092e8     MSVCRT:cinitexe.obj
 0002:000002f0       __xi_a                     00000001800092f0     MSVCRT:cinitexe.obj
 0002:00000300       __xi_z                     0000000180009300     MSVCRT:cinitexe.obj
 0002:00000318       ??_C@_06BNJCAIGJ@double?$AA@ 0000000180009318     dsfield_mexutil.obj
 0002:00000320       ??_C@_06DANODJPF@Rcoeff?$AA@ 0000000180009320     dsfield_mexutil.obj
 0002:00000328       ??_C@_07OLMIPCBG@GRcoeff?$AA@ 0000000180009328     dsfield_mexutil.obj
 0002:00000330       ??_C@_01KNKLHLMO@K?$AA@    0000000180009330     dsfield_mexutil.obj
 0002:00000334       ??_C@_03JLPAMFEP@CEP?$AA@  0000000180009334     dsfield_mexutil.obj
 0002:00000338       ??_C@_03PNFNLNLI@eta?$AA@  0000000180009338     dsfield_mexutil.obj
 0002:0000033c       ??_C@_04PAOIBBOA@Geta?$AA@ 000000018000933c     dsfield_mexutil.obj
 0002:00000344       ??_C@_04JGEFGJBH@GCEP?$AA@ 0000000180009344     dsfield_mexutil.obj
 0002:0000034c       ??_C@_05EFAACOB@kxpol?$AA@ 000000018000934c     dsfield_mexutil.obj
 0002:00000358       ??_C@_07ENLPPJKC@GScoeff?$AA@ 0000000180009358     dsfield_mexutil.obj
 0002:00000360       ??_C@_06JGKJDCEB@Scoeff?$AA@ 0000000180009360     dsfield_mexutil.obj
 0002:00000368       ??_C@_04DJPJDKC@GAii?$AA@  0000000180009368     dsfield_mexutil.obj
 0002:00000370       ??_C@_04JLIKNPMD@GLam?$AA@ 0000000180009370     dsfield_mexutil.obj
 0002:00000378       ??_C@_03OCKDPPK@Aii?$AA@   0000000180009378     dsfield_mexutil.obj
 0002:0000037c       ??_C@_03JGDPHDJL@Lam?$AA@  000000018000937c     dsfield_mexutil.obj
 0002:00000380       ??_C@_03LECJLMOE@GAr?$AA@  0000000180009380     dsfield_mexutil.obj
 0002:00000384       ??_C@_02GMOPNKGO@Ar?$AA@   0000000180009384     dsfield_mexutil.obj
 0002:00000388       ??_C@_06HIILNPGM@GModel?$AA@ 0000000180009388     dsfield_mexutil.obj
 0002:00000390       ??_C@_05NFIJOKEG@Model?$AA@ 0000000180009390     dsfield_mexutil.obj
 0002:00000398       ??_C@_06FJKEMHGD@global?$AA@ 0000000180009398     dsfield_mexutil.obj
 0002:000003a0       ??_C@_07DCAJEGJA@vnfaces?$AA@ 00000001800093a0     dsfield_mexutil.obj
 0002:000003a8       ??_C@_05KKCIMGE@error?$AA@ 00000001800093a8     dsfield_mexutil.obj
 0002:000003b0       ??_C@_07ONPBMBOP@message?$AA@ 00000001800093b0     dsfield_mexutil.obj
 0002:000003b8       ??_C@_00CNPNBAHC@?$AA@     00000001800093b8     dsfield_data.obj
 0002:000003c0       ??_C@_0M@HKOIKMBN@dsfield_api?$AA@ 00000001800093c0     dsfield_data.obj
 0002:000003d0       ??_C@_0FI@CFAJHO@C?3?1Mingming?1Master?5Thesis?1Superv@ 00000001800093d0     dsfield_data.obj
 0002:00000428       ??_C@_08DELIDCDK@RefField?$AA@ 0000000180009428     dsfield_data.obj
 0002:00000440       ??_C@_0FH@IMPHHNCB@C?3?1Mingming?1Master?5Thesis?1Superv@ 0000000180009440     dsfield_data.obj
 0002:00000498       ??_C@_07BFNHCGMM@dsfield?$AA@ 0000000180009498     dsfield_data.obj
 0002:000004a0       ??_C@_0EC@JHKDGDPC@C?3?1Program?5Files?1MATLAB?1R2012b?1t@ 00000001800094a0     dsfield_data.obj
 0002:000004e4       ??_C@_05PLIADJJL@power?$AA@ 00000001800094e4     dsfield_data.obj
 0002:000004f0       ??_C@_0EG@BJPHDCH@C?3?1Program?5Files?1MATLAB?1R2012b?1t@ 00000001800094f0     dsfield_data.obj
 0002:00000538       ??_C@_09JANBMANM@eml_error?$AA@ 0000000180009538     dsfield_data.obj
 0002:00000550       ??_C@_0ED@DGFGHOCF@C?3?1Program?5Files?1MATLAB?1R2012b?1t@ 0000000180009550     dsfield_data.obj
 0002:00000594       ??_C@_04EIAKFFMI@sqrt?$AA@ 0000000180009594     dsfield_data.obj
 0002:000005a0       __real@401921fb54442d18    00000001800095a0     dsfield.obj
 0002:000005a8       __real@bff0000000000000    00000001800095a8     dsfield.obj
 0002:000005b0       __real@400921fb54442d18    00000001800095b0     dsfield.obj
 0002:000005b8       __real@4008000000000000    00000001800095b8     dsfield.obj
 0002:000005c0       __real@c000000000000000    00000001800095c0     dsfield.obj
 0002:000005d0       __mask@@NegDouble@         00000001800095d0     dsfield.obj
 0002:000005e0       __real@8000000000000000    00000001800095e0     dsfield.obj
 0002:000005e8       __real@4000000000000000    00000001800095e8     dsfield.obj
 0002:000005f0       __real@3ff0000000000000    00000001800095f0     dsfield.obj
 0002:000005f8       __real@0010000000000000    00000001800095f8     norm.obj
 0002:00000628       __real@3ff6a09e667f3bcd    0000000180009628     sqrt.obj
 0002:00000630       __real@3fe0000000000000    0000000180009630     sqrt.obj
 0002:00000638       __real@7fcfffffffffffff    0000000180009638     sqrt.obj
 0002:00000640       ??_C@_0FG@KJJBFHGJ@C?3?1Mingming?1Master?5Thesis?1Superv@ 0000000180009640     Falpha.obj
 0002:00000698       ??_C@_06ILDPEGJD@Falpha?$AA@ 0000000180009698     Falpha.obj
 0002:000006a0       ??_C@_0EI@LPHHIDNM@C?3?1Program?5Files?1MATLAB?1R2012b?1t@ 00000001800096a0     nchoosek.obj
 0002:000006e8       ??_C@_0M@MMMIKBD@eml_warning?$AA@ 00000001800096e8     nchoosek.obj
 0002:00000700       ??_C@_0EJ@LIDBIMIE@C?3?1Program?5Files?1MATLAB?1R2012b?1t@ 0000000180009700     nchoosek.obj
 0002:00000750       ??_C@_08DIDFPNHL@nchoosek?$AA@ 0000000180009750     nchoosek.obj
 0002:000007e0       ??_C@_07FPLKDJGL@warning?$AA@ 00000001800097e0     nchoosek.obj
 0002:000007e8       __real@3fd0000000000000    00000001800097e8     nchoosek.obj
 0002:000007f0       __real@408f400000000000    00000001800097f0     nchoosek.obj
 0002:000007f8       __real@0000000000000000    00000001800097f8     nchoosek.obj
 0002:00000800       ??_C@_0FE@HGJBMMEN@C?3?1Mingming?1Master?5Thesis?1Superv@ 0000000180009800     lobe.obj
 0002:00000854       ??_C@_04FFIDPFFH@lobe?$AA@ 0000000180009854     lobe.obj
 0002:00000890       __real@bfe0000000000000    0000000180009890     RefField.obj
 0002:00000898       __real@3eb0c6f7a0b5ed8d    0000000180009898     RefField.obj
 0002:000008a0       ??_C@_0EF@GHNPGBIH@C?3?1Program?5Files?1MATLAB?1R2012b?1t@ 00000001800098a0     rand.obj
 0002:000008e8       ??_C@_04HKINGDKC@rand?$AA@ 00000001800098e8     rand.obj
 0002:000008f8       ??_C@_04LPJMLCEM@surf?$AA@ 00000001800098f8     dsfield_api.obj
 0002:00000900       ??_C@_05OGMIPNNE@sp_re?$AA@ 0000000180009900     dsfield_api.obj
 0002:00000908       ??_C@_02GFKODMMF@sf?$AA@   0000000180009908     dsfield_api.obj
 0002:0000090c       ??_C@_06FPJNPCMI@fin_re?$AA@ 000000018000990c     dsfield_api.obj
 0002:00000918       ??_C@_08EDCKBKJH@start_re?$AA@ 0000000180009918     dsfield_api.obj
 0002:00000924       ??_C@_04ODHJLJBM@Einc?$AA@ 0000000180009924     dsfield_api.obj
 0002:00000930       ??_C@_0CH@DLJMAEFE@emlcoder?3emlmex?3TooManyOutputArg@ 0000000180009930     dsfield_mex.obj
 0002:00000958       ??_C@_0DF@GNJBLHPL@Too?5many?5output?5arguments?5for?5en@ 0000000180009958     dsfield_mex.obj
 0002:00000990       ??_C@_0CE@IHHIPLIO@emlcoder?3emlmex?3WrongNumberOfInp@ 0000000180009990     dsfield_mex.obj
 0002:000009b8       ??_C@_0CN@EAEEBIAF@6?5inputs?5required?5for?5entry?9poin@ 00000001800099b8     dsfield_mex.obj
 0002:000009e8       ??_C@_0BD@NDMMKFEF@8?40?40?4783?5?$CIR2012b?$CJ?$AA@ 00000001800099e8     dsfield_mex.obj
 0002:00000a00       __real@4018000000000000    0000000180009a00     dsfield_mex.obj
 0002:00000a08       ??_C@_0P@FDPDNMBC@ConstantInputs?$AA@ 0000000180009a08     dsfield_mex.obj
 0002:00000a18       ??_C@_0BA@HBLCOFA@NumberOfOutputs?$AA@ 0000000180009a18     dsfield_mex.obj
 0002:00000a28       ??_C@_0P@DJPKAEOC@NumberOfInputs?$AA@ 0000000180009a28     dsfield_mex.obj
 0002:00000a38       ??_C@_04FABLJDN@Name?$AA@  0000000180009a38     dsfield_mex.obj
 0002:00000a40       ??_C@_0M@HOOGCLMJ@EntryPoints?$AA@ 0000000180009a40     dsfield_mex.obj
 0002:00000a50       ??_C@_07NGFJPNPN@Version?$AA@ 0000000180009a50     dsfield_mex.obj
 0002:00000a58       _pDefaultRawDllMain        0000000180009a58     MSVCRT:crtdll.obj
 0002:00000a58       _pRawDllMain               0000000180009a58     MSVCRT:crtdll.obj
 0002:00000a70       __rtc_iaa                  0000000180009a70     MSVCRT:_initsect_.obj
 0002:00000a78       __rtc_izz                  0000000180009a78     MSVCRT:_initsect_.obj
 0002:00000a80       __rtc_taa                  0000000180009a80     MSVCRT:_initsect_.obj
 0002:00000a88       __rtc_tzz                  0000000180009a88     MSVCRT:_initsect_.obj
 0002:00000ee0       __IMPORT_DESCRIPTOR_libmx  0000000180009ee0     libmx:libmx.dll
 0002:00000ef4       __IMPORT_DESCRIPTOR_libmex 0000000180009ef4     libmex:libmex.dll
 0002:00000f08       __IMPORT_DESCRIPTOR_libemlrt 0000000180009f08     libemlrt:libemlrt.dll
 0002:00000f1c       __IMPORT_DESCRIPTOR_libmwmathutil 0000000180009f1c     libmwmathutil:libmwmathutil.dll
 0002:00000f30       __IMPORT_DESCRIPTOR_MSVCR100 0000000180009f30     MSVCRT:MSVCR100.dll
 0002:00000f44       __IMPORT_DESCRIPTOR_KERNEL32 0000000180009f44     kernel32:KERNEL32.dll
 0002:00000f58       __NULL_IMPORT_DESCRIPTOR   0000000180009f58     libmx:libmx.dll
 0003:00000000       p_emlrtRSI                 000000018000b000     dsfield_data.obj
 0003:00000018       q_emlrtRSI                 000000018000b018     dsfield_data.obj
 0003:00000030       w_emlrtRSI                 000000018000b030     dsfield_data.obj
 0003:00000048       emlrtMCI                   000000018000b048     dsfield_data.obj
 0003:00000060       b_emlrtMCI                 000000018000b060     dsfield_data.obj
 0003:00000078       emlrtRTEI                  000000018000b078     dsfield_data.obj
 0003:00000090       b_emlrtRTEI                000000018000b090     dsfield_data.obj
 0003:000000a8       c_emlrtRTEI                000000018000b0a8     dsfield_data.obj
 0003:000000c0       d_emlrtRTEI                000000018000b0c0     dsfield_data.obj
 0003:000000d8       e_emlrtRTEI                000000018000b0d8     dsfield_data.obj
 0003:000000f0       f_emlrtRTEI                000000018000b0f0     dsfield_data.obj
 0003:00000108       g_emlrtRTEI                000000018000b108     dsfield_data.obj
 0003:00000120       h_emlrtRTEI                000000018000b120     dsfield_data.obj
 0003:00000138       i_emlrtRTEI                000000018000b138     dsfield_data.obj
 0003:00000150       j_emlrtRTEI                000000018000b150     dsfield_data.obj
 0003:00000900       emlrtContextGlobal         000000018000b900     dsfield_mex.obj
 0003:00000940       _fltused                   000000018000b940     MSVCRT:dllsupp.obj
 0003:00000948       __security_cookie          000000018000b948     MSVCRT:gs_cookie.obj
 0003:00000950       __security_cookie_complement 000000018000b950     MSVCRT:gs_cookie.obj
 0003:00000960       __native_dllmain_reason    000000018000b960     MSVCRT:natstart.obj
 0003:00000964       __native_vcclrit_reason    000000018000b964     MSVCRT:natstart.obj
 0003:00000980       emlrtRootTLSGlobal         000000018000b980     dsfield_mex.obj
 0003:00000f00       ?__type_info_root_node@@3U__type_info_node@@A 000000018000bf00     MSVCRT:tncleanup.obj
 0003:00000f10       GRcoeff                    000000018000bf10     <common>
 0003:00000f18       GAr_dirty                  000000018000bf18     <common>
 0003:00000f20       vnfaces                    000000018000bf20     <common>
 0003:00006390       GCEP                       0000000180011390     <common>
 0003:000063a0       CEP                        00000001800113a0     <common>
 0003:00006858       CEP_dirty                  0000000180011858     <common>
 0003:0000685c       Geta_dirty                 000000018001185c     <common>
 0003:00006860       Lam                        0000000180011860     <common>
 0003:00006d18       GModel_dirty               0000000180011d18     <common>
 0003:00006d20       kxpol                      0000000180011d20     <common>
 0003:00006d40       Scoeff                     0000000180011d40     <common>
 0003:000071f8       Aii_dirty                  00000001800121f8     <common>
 0003:00007200       Model                      0000000180012200     <common>
 0003:000076b8       Rcoeff_dirty               00000001800126b8     <common>
 0003:000076bc       GCEP_dirty                 00000001800126bc     <common>
 0003:000076c0       GLam                       00000001800126c0     <common>
 0003:000076c8       Scoeff_dirty               00000001800126c8     <common>
 0003:000076cc       K_dirty                    00000001800126cc     <common>
 0003:000076d0       Lam_dirty                  00000001800126d0     <common>
 0003:000076d4       Ar_dirty                   00000001800126d4     <common>
 0003:000076d8       GAr                        00000001800126d8     <common>
 0003:000076e0       GModel                     00000001800126e0     <common>
 0003:000076f0       Geta                       00000001800126f0     <common>
 0003:00007700       eta_dirty                  0000000180012700     <common>
 0003:00007708       K                          0000000180012708     <common>
 0003:00007710       GRcoeff_dirty              0000000180012710     <common>
 0003:00007720       Rcoeff                     0000000180012720     <common>
 0003:00007be0       eta                        0000000180012be0     <common>
 0003:00008560       Aii                        0000000180013560     <common>
 0003:00008a20       Ar                         0000000180013a20     <common>
 0003:00008ed8       vnfaces_dirty              0000000180013ed8     <common>
 0003:00008edc       kxpol_dirty                0000000180013edc     <common>
 0003:00008ee0       GAii_dirty                 0000000180013ee0     <common>
 0003:00008ee4       GScoeff_dirty              0000000180013ee4     <common>
 0003:00008ee8       Model_dirty                0000000180013ee8     <common>
 0003:00008ef0       GAii                       0000000180013ef0     <common>
 0003:00008ef8       GScoeff                    0000000180013ef8     <common>
 0003:00008f00       GLam_dirty                 0000000180013f00     <common>
 0003:00008f08       emlrtBreakCheckR2012bFlagVar 0000000180013f08     <common>
 0003:00008f10       __native_startup_state     0000000180013f10     <common>
 0003:00008f18       __native_startup_lock      0000000180013f18     <common>
 0003:00008f20       __onexitend                0000000180013f20     <common>
 0003:00008f28       __onexitbegin              0000000180013f28     <common>
 0003:00008f30       __dyn_tls_init_callback    0000000180013f30     <common>

 entry point at        0001:00006e1c

 Static symbols

 0001:00000000       x_emlrt_marshallIn         0000000180001000 f   dsfield_mexutil.obj
 0001:00001620       dsfield_once               0000000180002620 f   dsfield_initialize.obj
 0001:00003b40       c_eml_error                0000000180004b40 f   nchoosek.obj
 0001:00003be0       eml_warning                0000000180004be0 f   nchoosek.obj
 0001:00004140       b_eml_error                0000000180005140 f   lobe.obj
 0001:00005890       e_emlrt_marshallIn         0000000180006890 f   dsfield_api.obj
 0001:00005930       g_emlrt_marshallIn         0000000180006930 f   dsfield_api.obj
 0001:000059e0       i_emlrt_marshallIn         00000001800069e0 f   dsfield_api.obj
 0001:00006550       dsfield_mexFunction        0000000180007550 f   dsfield_mex.obj
 0001:00006a24       pre_c_init                 0000000180007a24 f   MSVCRT:crtdll.obj
 0001:00006ce0       __DllMainCRTStartup        0000000180007ce0 f   MSVCRT:crtdll.obj
 0001:000072e0       __DllMainCRTStartup$filt$0 00000001800082e0 f   MSVCRT:crtdll.obj
 0001:00007310       __DllMainCRTStartup$fin$1  0000000180008310 f   MSVCRT:crtdll.obj
 0001:0000732a       _onexit$fin$0              000000018000832a f   MSVCRT:atonexit.obj
 0001:00007350       _IsNonwritableInCurrentImage$filt$0 0000000180008350 f   MSVCRT:pesect.obj
