 PointsImages

 Timestamp is 52b45f8f (Fri Dec 20 16:17:35 2013)

 Preferred load address is 0000000180000000

 Start         Length     Name                   Class
 0001:00000000 00005372H .text                   CODE
 0001:00005380 00000092H .text$x                 CODE
 0002:00000000 00000278H .idata$5                DATA
 0002:00000278 00000008H .CRT$XCA                DATA
 0002:00000280 00000008H .CRT$XCZ                DATA
 0002:00000288 00000008H .CRT$XIA                DATA
 0002:00000290 00000008H .CRT$XIAA               DATA
 0002:00000298 00000008H .CRT$XIZ                DATA
 0002:000002a0 00000400H .rdata                  DATA
 0002:000006a0 00000008H .rtc$IAA                DATA
 0002:000006a8 00000008H .rtc$IZZ                DATA
 0002:000006b0 00000008H .rtc$TAA                DATA
 0002:000006b8 00000008H .rtc$TZZ                DATA
 0002:000006c0 00000318H .xdata                  DATA
 0002:000009d8 00000078H .idata$2                DATA
 0002:00000a50 00000014H .idata$3                DATA
 0002:00000a68 00000278H .idata$4                DATA
 0002:00000ce0 00000684H .idata$6                DATA
 0002:00001370 000000ccH .edata                  DATA
 0003:00000000 00000bd8H .data                   DATA
 0003:00000be0 00005b78H .bss                    DATA
 0004:00000000 00000258H .pdata                  DATA

  Address         Publics by Value              Rva+Base               Lib:Object

 0000:00000000       ___safe_se_handler_table   0000000000000000     <absolute>
 0000:00000000       ___safe_se_handler_count   0000000000000000     <absolute>
 0000:00000000       __ImageBase                0000000180000000     <linker-defined>
 0001:000003d0       PointsImages_initialize    00000001800013d0 f   PointsImages_initialize.obj
 0001:00000440       PointsImages_atexit        0000000180001440 f   PointsImages_terminate.obj
 0001:000004a0       PointsImages_terminate     00000001800014a0 f   PointsImages_terminate.obj
 0001:000004c0       PointsImages               00000001800014c0 f   PointsImages.obj
 0001:00002c40       AppGround                  0000000180003c40 f   AppGround.obj
 0001:00003950       PointsImages_api           0000000180004950 f   PointsImages_api.obj
 0001:00004420       emxEnsureCapacity          0000000180005420 f   PointsImages_emxutil.obj
 0001:00004530       emxFree_real_T             0000000180005530 f   PointsImages_emxutil.obj
 0001:00004570       b_emxInit_real_T           0000000180005570 f   PointsImages_emxutil.obj
 0001:00004570       emxInit_real_T             0000000180005570 f   PointsImages_emxutil.obj
 0001:00004710       PointsImages_atexit_wrapper 0000000180005710 f   PointsImages_mex.obj
 0001:00004720       mexFunction                0000000180005720 f   PointsImages_mex.obj
 0001:00004770       emlrtMexFcnProperties      0000000180005770 f   PointsImages_mex.obj
 0001:000048aa       mxGetPr                    00000001800058aa f   libmx:libmx.dll
 0001:000048b0       mxCreateNumericArray_700   00000001800058b0 f   libmx:libmx.dll
 0001:000048b6       mxCreateDoubleScalar       00000001800058b6 f   libmx:libmx.dll
 0001:000048bc       mxGetData                  00000001800058bc f   libmx:libmx.dll
 0001:000048c2       mxSetFieldByNumber_700     00000001800058c2 f   libmx:libmx.dll
 0001:000048c8       mxCreateString             00000001800058c8 f   libmx:libmx.dll
 0001:000048ce       mxCreateLogicalMatrix_700  00000001800058ce f   libmx:libmx.dll
 0001:000048d4       mxCreateStructMatrix_700   00000001800058d4 f   libmx:libmx.dll
 0001:000048da       mexPutVariable             00000001800058da f   libmex:libmex.dll
 0001:000048e0       mexGetVariable             00000001800058e0 f   libmex:libmex.dll
 0001:000048e6       mexErrMsgIdAndTxt          00000001800058e6 f   libmex:libmex.dll
 0001:000048ec       mexAtExit                  00000001800058ec f   libmex:libmex.dll
 0001:000048f2       emlrtFirstTimeR2012b       00000001800058f2 f   libemlrt:libemlrt.dll
 0001:000048f8       emlrtEnterRtStackR2012b    00000001800058f8 f   libemlrt:libemlrt.dll
 0001:000048fe       emlrtClearAllocCountR2012b 00000001800058fe f   libemlrt:libemlrt.dll
 0001:00004904       emlrtCreateRootTLS         0000000180005904 f   libemlrt:libemlrt.dll
 0001:0000490a       emlrtGetBreakCheckFlagAddressR2012b 000000018000590a f   libemlrt:libemlrt.dll
 0001:00004910       emlrtDestroyRootTLS        0000000180005910 f   libemlrt:libemlrt.dll
 0001:00004916       emlrtLeaveRtStackR2012b    0000000180005916 f   libemlrt:libemlrt.dll
 0001:0000491c       emlrtPopRtStackR2012b      000000018000591c f   libemlrt:libemlrt.dll
 0001:00004922       emlrtPushRtStackR2012b     0000000180005922 f   libemlrt:libemlrt.dll
 0001:00004928       emlrtBreakCheckR2012b      0000000180005928 f   libemlrt:libemlrt.dll
 0001:0000492e       emlrtForLoopVectorCheckR2012b 000000018000592e f   libemlrt:libemlrt.dll
 0001:00004934       emlrtDynamicBoundsCheckR2012b 0000000180005934 f   libemlrt:libemlrt.dll
 0001:0000493a       emlrtIntegerCheckR2012b    000000018000593a f   libemlrt:libemlrt.dll
 0001:00004940       emlrtAssign                0000000180005940 f   libemlrt:libemlrt.dll
 0001:00004946       emlrtDestroyArray          0000000180005946 f   libemlrt:libemlrt.dll
 0001:0000494c       emlrtCheckBuiltInR2012b    000000018000594c f   libemlrt:libemlrt.dll
 0001:00004952       emlrtImportArrayR2011b     0000000180005952 f   libemlrt:libemlrt.dll
 0001:00004958       emlrtCheckVsBuiltInR2012b  0000000180005958 f   libemlrt:libemlrt.dll
 0001:0000495e       emlrtAlias                 000000018000595e f   libemlrt:libemlrt.dll
 0001:00004964       emlrtHeapReferenceStackLeaveFcnR2012b 0000000180005964 f   libemlrt:libemlrt.dll
 0001:0000496a       emlrtHeapReferenceStackEnterFcnR2012b 000000018000596a f   libemlrt:libemlrt.dll
 0001:00004970       emlrtFreeMex               0000000180005970 f   libemlrt:libemlrt.dll
 0001:00004976       emlrtHeapAllocationErrorR2012b 0000000180005976 f   libemlrt:libemlrt.dll
 0001:0000497c       emlrtCallocMex             000000018000597c f   libemlrt:libemlrt.dll
 0001:00004982       emlrtSizeMulR2012b         0000000180005982 f   libemlrt:libemlrt.dll
 0001:00004988       emlrtPushHeapReferenceStackR2012b 0000000180005988 f   libemlrt:libemlrt.dll
 0001:0000498e       emlrtMallocMex             000000018000598e f   libemlrt:libemlrt.dll
 0001:00004994       emlrtReturnArrayR2009a     0000000180005994 f   libemlrt:libemlrt.dll
 0001:0000499a       muDoubleScalarAbs          000000018000599a f   libmwmathutil:libmwmathutil.dll
 0001:000049a0       __GSHandlerCheckCommon     00000001800059a0 f   MSVCRT:gshandler.obj
 0001:00004a04       __GSHandlerCheck           0000000180005a04 f   MSVCRT:gshandler.obj
 0001:00004a40       __security_check_cookie    0000000180005a40 f   MSVCRT:amdsecgs.obj
 0001:00004a70       __chkstk                   0000000180005a70 f   MSVCRT:chkstk.obj
 0001:00004a70       _alloca_probe              0000000180005a70     MSVCRT:chkstk.obj
 0001:00004abe       memcpy                     0000000180005abe f   MSVCRT:MSVCR100.dll
 0001:00004b24       _CRT_INIT                  0000000180005b24 f   MSVCRT:crtdll.obj
 0001:00004ebc       _DllMainCRTStartup         0000000180005ebc f   MSVCRT:crtdll.obj
 0001:00004efc       __report_gsfailure         0000000180005efc f   MSVCRT:gs_report.obj
 0001:00005048       __clean_type_info_names    0000000180006048 f   MSVCRT:tncleanup.obj
 0001:00005054       _onexit                    0000000180006054 f   MSVCRT:atonexit.obj
 0001:00005104       atexit                     0000000180006104 f   MSVCRT:atonexit.obj
 0001:0000511c       _RTC_Initialize            000000018000611c f   MSVCRT:_initsect_.obj
 0001:00005154       _RTC_Terminate             0000000180006154 f   MSVCRT:_initsect_.obj
 0001:00005190       _ValidateImageBase         0000000180006190 f   MSVCRT:pesect.obj
 0001:000051c0       _FindPESection             00000001800061c0 f   MSVCRT:pesect.obj
 0001:00005210       _IsNonwritableInCurrentImage 0000000180006210 f   MSVCRT:pesect.obj
 0001:00005252       _initterm                  0000000180006252 f   MSVCRT:MSVCR100.dll
 0001:00005258       _initterm_e                0000000180006258 f   MSVCRT:MSVCR100.dll
 0001:0000525e       _amsg_exit                 000000018000625e f   MSVCRT:MSVCR100.dll
 0001:00005264       __C_specific_handler       0000000180006264 f   MSVCRT:MSVCR100.dll
 0001:0000526a       __CppXcptFilter            000000018000626a f   MSVCRT:MSVCR100.dll
 0001:00005270       DllMain                    0000000180006270 f   MSVCRT:dllmain.obj
 0001:00005294       __security_init_cookie     0000000180006294 f   MSVCRT:gs_support.obj
 0001:00005348       __crt_debugger_hook        0000000180006348 f   MSVCRT:MSVCR100.dll
 0001:0000534e       __clean_type_info_names_internal 000000018000634e f   MSVCRT:MSVCR100.dll
 0001:00005354       _unlock                    0000000180006354 f   MSVCRT:MSVCR100.dll
 0001:0000535a       __dllonexit                000000018000635a f   MSVCRT:MSVCR100.dll
 0001:00005360       _lock                      0000000180006360 f   MSVCRT:MSVCR100.dll
 0001:00005366       RtlVirtualUnwind           0000000180006366 f   kernel32:KERNEL32.dll
 0001:0000536c       RtlLookupFunctionEntry     000000018000636c f   kernel32:KERNEL32.dll
 0002:00000000       __imp_GetSystemTimeAsFileTime 0000000180007000     kernel32:KERNEL32.dll
 0002:00000008       __imp_GetCurrentProcessId  0000000180007008     kernel32:KERNEL32.dll
 0002:00000010       __imp_GetCurrentThreadId   0000000180007010     kernel32:KERNEL32.dll
 0002:00000018       __imp_GetTickCount         0000000180007018     kernel32:KERNEL32.dll
 0002:00000020       __imp_QueryPerformanceCounter 0000000180007020     kernel32:KERNEL32.dll
 0002:00000028       __imp_DisableThreadLibraryCalls 0000000180007028     kernel32:KERNEL32.dll
 0002:00000030       __imp_RtlCaptureContext    0000000180007030     kernel32:KERNEL32.dll
 0002:00000038       __imp_RtlLookupFunctionEntry 0000000180007038     kernel32:KERNEL32.dll
 0002:00000040       __imp_RtlVirtualUnwind     0000000180007040     kernel32:KERNEL32.dll
 0002:00000048       __imp_IsDebuggerPresent    0000000180007048     kernel32:KERNEL32.dll
 0002:00000050       __imp_SetUnhandledExceptionFilter 0000000180007050     kernel32:KERNEL32.dll
 0002:00000058       __imp_UnhandledExceptionFilter 0000000180007058     kernel32:KERNEL32.dll
 0002:00000060       __imp_GetCurrentProcess    0000000180007060     kernel32:KERNEL32.dll
 0002:00000068       __imp_EncodePointer        0000000180007068     kernel32:KERNEL32.dll
 0002:00000070       __imp_Sleep                0000000180007070     kernel32:KERNEL32.dll
 0002:00000078       __imp_TerminateProcess     0000000180007078     kernel32:KERNEL32.dll
 0002:00000080       __imp_DecodePointer        0000000180007080     kernel32:KERNEL32.dll
 0002:00000088       \177KERNEL32_NULL_THUNK_DATA 0000000180007088     kernel32:KERNEL32.dll
 0002:00000090       __imp__onexit              0000000180007090     MSVCRT:MSVCR100.dll
 0002:00000098       __imp___dllonexit          0000000180007098     MSVCRT:MSVCR100.dll
 0002:000000a0       __imp__unlock              00000001800070a0     MSVCRT:MSVCR100.dll
 0002:000000a8       __imp___clean_type_info_names_internal 00000001800070a8     MSVCRT:MSVCR100.dll
 0002:000000b0       __imp___crt_debugger_hook  00000001800070b0     MSVCRT:MSVCR100.dll
 0002:000000b8       __imp___CppXcptFilter      00000001800070b8     MSVCRT:MSVCR100.dll
 0002:000000c0       __imp___C_specific_handler 00000001800070c0     MSVCRT:MSVCR100.dll
 0002:000000c8       __imp__amsg_exit           00000001800070c8     MSVCRT:MSVCR100.dll
 0002:000000d0       __imp__encoded_null        00000001800070d0     MSVCRT:MSVCR100.dll
 0002:000000d8       __imp_free                 00000001800070d8     MSVCRT:MSVCR100.dll
 0002:000000e0       __imp__initterm_e          00000001800070e0     MSVCRT:MSVCR100.dll
 0002:000000e8       __imp__initterm            00000001800070e8     MSVCRT:MSVCR100.dll
 0002:000000f0       __imp__malloc_crt          00000001800070f0     MSVCRT:MSVCR100.dll
 0002:000000f8       __imp_memcpy               00000001800070f8     MSVCRT:MSVCR100.dll
 0002:00000100       __imp__lock                0000000180007100     MSVCRT:MSVCR100.dll
 0002:00000108       \177MSVCR100_NULL_THUNK_DATA 0000000180007108     MSVCRT:MSVCR100.dll
 0002:00000110       __imp_emlrtHeapReferenceStackEnterFcnR2012b 0000000180007110     libemlrt:libemlrt.dll
 0002:00000118       __imp_emlrtFreeMex         0000000180007118     libemlrt:libemlrt.dll
 0002:00000120       __imp_emlrtHeapAllocationErrorR2012b 0000000180007120     libemlrt:libemlrt.dll
 0002:00000128       __imp_emlrtCallocMex       0000000180007128     libemlrt:libemlrt.dll
 0002:00000130       __imp_emlrtSizeMulR2012b   0000000180007130     libemlrt:libemlrt.dll
 0002:00000138       __imp_emlrtHeapReferenceStackLeaveFcnR2012b 0000000180007138     libemlrt:libemlrt.dll
 0002:00000140       __imp_emlrtMallocMex       0000000180007140     libemlrt:libemlrt.dll
 0002:00000148       __imp_emlrtReturnArrayR2009a 0000000180007148     libemlrt:libemlrt.dll
 0002:00000150       __imp_emlrtClearAllocCountR2012b 0000000180007150     libemlrt:libemlrt.dll
 0002:00000158       __imp_emlrtEnterRtStackR2012b 0000000180007158     libemlrt:libemlrt.dll
 0002:00000160       __imp_emlrtAlias           0000000180007160     libemlrt:libemlrt.dll
 0002:00000168       __imp_emlrtCreateRootTLS   0000000180007168     libemlrt:libemlrt.dll
 0002:00000170       __imp_emlrtImportArrayR2011b 0000000180007170     libemlrt:libemlrt.dll
 0002:00000178       __imp_emlrtCheckBuiltInR2012b 0000000180007178     libemlrt:libemlrt.dll
 0002:00000180       __imp_emlrtDestroyArray    0000000180007180     libemlrt:libemlrt.dll
 0002:00000188       __imp_emlrtAssign          0000000180007188     libemlrt:libemlrt.dll
 0002:00000190       __imp_emlrtIntegerCheckR2012b 0000000180007190     libemlrt:libemlrt.dll
 0002:00000198       __imp_emlrtDynamicBoundsCheckR2012b 0000000180007198     libemlrt:libemlrt.dll
 0002:000001a0       __imp_emlrtForLoopVectorCheckR2012b 00000001800071a0     libemlrt:libemlrt.dll
 0002:000001a8       __imp_emlrtBreakCheckR2012b 00000001800071a8     libemlrt:libemlrt.dll
 0002:000001b0       __imp_emlrtPushRtStackR2012b 00000001800071b0     libemlrt:libemlrt.dll
 0002:000001b8       __imp_emlrtPopRtStackR2012b 00000001800071b8     libemlrt:libemlrt.dll
 0002:000001c0       __imp_emlrtLeaveRtStackR2012b 00000001800071c0     libemlrt:libemlrt.dll
 0002:000001c8       __imp_emlrtDestroyRootTLS  00000001800071c8     libemlrt:libemlrt.dll
 0002:000001d0       __imp_emlrtPushHeapReferenceStackR2012b 00000001800071d0     libemlrt:libemlrt.dll
 0002:000001d8       __imp_emlrtGetBreakCheckFlagAddressR2012b 00000001800071d8     libemlrt:libemlrt.dll
 0002:000001e0       __imp_emlrtFirstTimeR2012b 00000001800071e0     libemlrt:libemlrt.dll
 0002:000001e8       __imp_emlrtCheckVsBuiltInR2012b 00000001800071e8     libemlrt:libemlrt.dll
 0002:000001f0       \177libemlrt_NULL_THUNK_DATA 00000001800071f0     libemlrt:libemlrt.dll
 0002:000001f8       __imp_mexGetVariable       00000001800071f8     libmex:libmex.dll
 0002:00000200       __imp_mexAtExit            0000000180007200     libmex:libmex.dll
 0002:00000208       __imp_mexErrMsgIdAndTxt    0000000180007208     libmex:libmex.dll
 0002:00000210       __imp_mexPutVariable       0000000180007210     libmex:libmex.dll
 0002:00000218       \177libmex_NULL_THUNK_DATA 0000000180007218     libmex:libmex.dll
 0002:00000220       __imp_muDoubleScalarAbs    0000000180007220     libmwmathutil:libmwmathutil.dll
 0002:00000228       \177libmwmathutil_NULL_THUNK_DATA 0000000180007228     libmwmathutil:libmwmathutil.dll
 0002:00000230       __imp_mxCreateStructMatrix_700 0000000180007230     libmx:libmx.dll
 0002:00000238       __imp_mxCreateLogicalMatrix_700 0000000180007238     libmx:libmx.dll
 0002:00000240       __imp_mxCreateString       0000000180007240     libmx:libmx.dll
 0002:00000248       __imp_mxSetFieldByNumber_700 0000000180007248     libmx:libmx.dll
 0002:00000250       __imp_mxGetData            0000000180007250     libmx:libmx.dll
 0002:00000258       __imp_mxCreateDoubleScalar 0000000180007258     libmx:libmx.dll
 0002:00000260       __imp_mxCreateNumericArray_700 0000000180007260     libmx:libmx.dll
 0002:00000268       __imp_mxGetPr              0000000180007268     libmx:libmx.dll
 0002:00000270       \177libmx_NULL_THUNK_DATA  0000000180007270     libmx:libmx.dll
 0002:00000278       __xc_a                     0000000180007278     MSVCRT:cinitexe.obj
 0002:00000280       __xc_z                     0000000180007280     MSVCRT:cinitexe.obj
 0002:00000288       __xi_a                     0000000180007288     MSVCRT:cinitexe.obj
 0002:00000298       __xi_z                     0000000180007298     MSVCRT:cinitexe.obj
 0002:000002a0       ??_C@_0FH@DOFCEKAL@C?3?1Mingming?1Master?5Thesis?1Superv@ 00000001800072a0     PointsImages_data.obj
 0002:000002f8       ??_C@_07JOJCOIBL@AppFace?$AA@ 00000001800072f8     PointsImages_data.obj
 0002:00000300       ??_C@_06JDCIGNAE@wedges?$AA@ 0000000180007300     PointsImages_data.obj
 0002:00000310       ??_C@_0FM@GOMFCEOD@C?3?1Mingming?1Master?5Thesis?1Superv@ 0000000180007310     PointsImages_data.obj
 0002:00000370       ??_C@_0N@OFLEHLDG@PointsImages?$AA@ 0000000180007370     PointsImages_data.obj
 0002:0000037d       ??_C@_00CNPNBAHC@?$AA@     000000018000737d     PointsImages_initialize.obj
 0002:00000380       __real@4014000000000000    0000000180007380     PointsImages_initialize.obj
 0002:00000388       ??_C@_06JMBECOMB@Nbrimg?$AA@ 0000000180007388     PointsImages.obj
 0002:00000390       ??_C@_05JJNLIFGE@Mtrun?$AA@ 0000000180007390     PointsImages.obj
 0002:00000398       ??_C@_07DCAJEGJA@vnfaces?$AA@ 0000000180007398     PointsImages.obj
 0002:000003a0       ??_C@_0FM@LHHNKFKA@C?3?1Mingming?1Master?5Thesis?1Superv@ 00000001800073a0     PointsImages.obj
 0002:00000400       ??_C@_0N@FFCNHFKB@Breakthrough?$AA@ 0000000180007400     PointsImages.obj
 0002:00000418       __real@3e45798ee2308c3a    0000000180007418     PointsImages.obj
 0002:00000420       __real@3ddb7cdfd9d7bdbb    0000000180007420     PointsImages.obj
 0002:00000428       __real@0000000000000000    0000000180007428     PointsImages.obj
 0002:00000430       __real@4000000000000000    0000000180007430     PointsImages.obj
 0002:00000440       __mask@@NegDouble@         0000000180007440     PointsImages.obj
 0002:00000450       __real@bff0000000000000    0000000180007450     PointsImages.obj
 0002:00000458       __real@4010000000000000    0000000180007458     PointsImages.obj
 0002:00000460       __real@3ff0000000000000    0000000180007460     PointsImages.obj
 0002:00000470       ??_C@_0FJ@JDLPGMLA@C?3?1Mingming?1Master?5Thesis?1Superv@ 0000000180007470     AppGround.obj
 0002:000004d0       ??_C@_09PCODLGNE@AppGround?$AA@ 00000001800074d0     AppGround.obj
 0002:000004e0       ??_C@_0BB@EDKCNEF@PointsImages_api?$AA@ 00000001800074e0     PointsImages_api.obj
 0002:0000051c       ??_C@_06BNJCAIGJ@double?$AA@ 000000018000751c     PointsImages_api.obj
 0002:00000524       ??_C@_06IMJFKBGE@recept?$AA@ 0000000180007524     PointsImages_api.obj
 0002:0000052c       ??_C@_06NJPJBDDH@Nreflx?$AA@ 000000018000752c     PointsImages_api.obj
 0002:00000538       ??_C@_08BHPCAFBD@DBIMAGES?$AA@ 0000000180007538     PointsImages_api.obj
 0002:00000544       ??_C@_06MAIEDKPI@Nblock?$AA@ 0000000180007544     PointsImages_api.obj
 0002:0000054c       ??_C@_06FJKEMHGD@global?$AA@ 000000018000754c     PointsImages_api.obj
 0002:00000554       ??_C@_03FBGAFBDB@mid?$AA@  0000000180007554     PointsImages_api.obj
 0002:00000558       ??_C@_0CH@DLJMAEFE@emlcoder?3emlmex?3TooManyOutputArg@ 0000000180007558     PointsImages_mex.obj
 0002:00000580       ??_C@_0DK@BGGGLMA@Too?5many?5output?5arguments?5for?5en@ 0000000180007580     PointsImages_mex.obj
 0002:000005c0       ??_C@_0CE@IHHIPLIO@emlcoder?3emlmex?3WrongNumberOfInp@ 00000001800075c0     PointsImages_mex.obj
 0002:000005e8       ??_C@_0DB@KFNMLGL@1?5input?5required?5for?5entry?9point@ 00000001800075e8     PointsImages_mex.obj
 0002:00000620       ??_C@_0BD@NDMMKFEF@8?40?40?4783?5?$CIR2012b?$CJ?$AA@ 0000000180007620     PointsImages_mex.obj
 0002:00000638       ??_C@_0P@FDPDNMBC@ConstantInputs?$AA@ 0000000180007638     PointsImages_mex.obj
 0002:00000648       ??_C@_0BA@HBLCOFA@NumberOfOutputs?$AA@ 0000000180007648     PointsImages_mex.obj
 0002:00000658       ??_C@_0P@DJPKAEOC@NumberOfInputs?$AA@ 0000000180007658     PointsImages_mex.obj
 0002:00000668       ??_C@_04FABLJDN@Name?$AA@  0000000180007668     PointsImages_mex.obj
 0002:00000670       ??_C@_0M@HOOGCLMJ@EntryPoints?$AA@ 0000000180007670     PointsImages_mex.obj
 0002:00000680       ??_C@_07NGFJPNPN@Version?$AA@ 0000000180007680     PointsImages_mex.obj
 0002:00000688       _pRawDllMain               0000000180007688     MSVCRT:crtdll.obj
 0002:00000688       _pDefaultRawDllMain        0000000180007688     MSVCRT:crtdll.obj
 0002:000006a0       __rtc_iaa                  00000001800076a0     MSVCRT:_initsect_.obj
 0002:000006a8       __rtc_izz                  00000001800076a8     MSVCRT:_initsect_.obj
 0002:000006b0       __rtc_taa                  00000001800076b0     MSVCRT:_initsect_.obj
 0002:000006b8       __rtc_tzz                  00000001800076b8     MSVCRT:_initsect_.obj
 0002:000009d8       __IMPORT_DESCRIPTOR_libmx  00000001800079d8     libmx:libmx.dll
 0002:000009ec       __IMPORT_DESCRIPTOR_libmex 00000001800079ec     libmex:libmex.dll
 0002:00000a00       __IMPORT_DESCRIPTOR_libemlrt 0000000180007a00     libemlrt:libemlrt.dll
 0002:00000a14       __IMPORT_DESCRIPTOR_libmwmathutil 0000000180007a14     libmwmathutil:libmwmathutil.dll
 0002:00000a28       __IMPORT_DESCRIPTOR_MSVCR100 0000000180007a28     MSVCRT:MSVCR100.dll
 0002:00000a3c       __IMPORT_DESCRIPTOR_KERNEL32 0000000180007a3c     kernel32:KERNEL32.dll
 0002:00000a50       __NULL_IMPORT_DESCRIPTOR   0000000180007a50     libmx:libmx.dll
 0003:00000000       emlrtRTEI                  0000000180009000     PointsImages_data.obj
 0003:00000018       d_emlrtRTEI                0000000180009018     PointsImages_data.obj
 0003:00000030       b_emlrtBCI                 0000000180009030     PointsImages_data.obj
 0003:00000060       d_emlrtBCI                 0000000180009060     PointsImages_data.obj
 0003:00000090       f_emlrtBCI                 0000000180009090     PointsImages_data.obj
 0003:00000b70       emlrtContextGlobal         0000000180009b70     PointsImages_mex.obj
 0003:00000bb0       _fltused                   0000000180009bb0     MSVCRT:dllsupp.obj
 0003:00000bb8       __security_cookie          0000000180009bb8     MSVCRT:gs_cookie.obj
 0003:00000bc0       __security_cookie_complement 0000000180009bc0     MSVCRT:gs_cookie.obj
 0003:00000bd0       __native_dllmain_reason    0000000180009bd0     MSVCRT:natstart.obj
 0003:00000bd4       __native_vcclrit_reason    0000000180009bd4     MSVCRT:natstart.obj
 0003:00000be0       emlrtRootTLSGlobal         0000000180009be0     PointsImages_mex.obj
 0003:00001160       ?__type_info_root_node@@3U__type_info_node@@A 000000018000a160     MSVCRT:tncleanup.obj
 0003:00001180       vnfaces                    000000018000a180     <common>
 0003:000065f0       Nreflx                     000000018000f5f0     <common>
 0003:000065f8       Nblock_dirty               000000018000f5f8     <common>
 0003:000065fc       wedges_dirty               000000018000f5fc     <common>
 0003:00006600       DBIMAGES_dirty             000000018000f600     <common>
 0003:00006608       wedges                     000000018000f608     <common>
 0003:00006620       recept                     000000018000f620     <common>
 0003:00006638       vnfaces_dirty              000000018000f638     <common>
 0003:0000663c       Mtrun_dirty                000000018000f63c     <common>
 0003:00006640       DBIMAGES                   000000018000f640     <common>
 0003:00006688       Nreflx_dirty               000000018000f688     <common>
 0003:00006690       Mtrun                      000000018000f690     <common>
 0003:00006698       Nblock                     000000018000f698     <common>
 0003:000066a0       Nbrimg                     000000018000f6a0     <common>
 0003:00006720       Nbrimg_dirty               000000018000f720     <common>
 0003:00006728       emlrtBreakCheckR2012bFlagVar 000000018000f728     <common>
 0003:00006730       recept_dirty               000000018000f730     <common>
 0003:00006734       __native_startup_state     000000018000f734     <common>
 0003:00006738       __native_startup_lock      000000018000f738     <common>
 0003:00006740       __onexitend                000000018000f740     <common>
 0003:00006748       __onexitbegin              000000018000f748     <common>
 0003:00006750       __dyn_tls_init_callback    000000018000f750     <common>

 entry point at        0001:00004ebc

 Static symbols

 0001:00000000       PointsImages_once          0000000180001000 f   PointsImages_initialize.obj
 0001:00003270       b_emlrt_marshallOut        0000000180004270 f   PointsImages_api.obj
 0001:00003350       c_emlrt_marshallOut        0000000180004350 f   PointsImages_api.obj
 0001:00003450       s_emlrt_marshallIn         0000000180004450 f   PointsImages_api.obj
 0001:00003550       t_emlrt_marshallIn         0000000180004550 f   PointsImages_api.obj
 0001:00003660       emlrt_marshallIn           0000000180004660 f   PointsImages_api.obj
 0001:00003700       i_emlrt_marshallIn         0000000180004700 f   PointsImages_api.obj
 0001:000037b0       m_emlrt_marshallIn         00000001800047b0 f   PointsImages_api.obj
 0001:00003880       o_emlrt_marshallIn         0000000180004880 f   PointsImages_api.obj
 0001:00004640       PointsImages_mexFunction   0000000180005640 f   PointsImages_mex.obj
 0001:00004ac4       pre_c_init                 0000000180005ac4 f   MSVCRT:crtdll.obj
 0001:00004d80       __DllMainCRTStartup        0000000180005d80 f   MSVCRT:crtdll.obj
 0001:00005380       __DllMainCRTStartup$filt$0 0000000180006380 f   MSVCRT:crtdll.obj
 0001:000053b0       __DllMainCRTStartup$fin$1  00000001800063b0 f   MSVCRT:crtdll.obj
 0001:000053ca       _onexit$fin$0              00000001800063ca f   MSVCRT:atonexit.obj
 0001:000053f0       _IsNonwritableInCurrentImage$filt$0 00000001800063f0 f   MSVCRT:pesect.obj
