 Blocking

 Timestamp is 52b45e9f (Fri Dec 20 16:13:35 2013)

 Preferred load address is 0000000180000000

 Start         Length     Name                   Class
 0001:00000000 00003622H .text                   CODE
 0001:00003630 00000092H .text$x                 CODE
 0002:00000000 00000280H .idata$5                DATA
 0002:00000280 00000008H .CRT$XCA                DATA
 0002:00000288 00000008H .CRT$XCZ                DATA
 0002:00000290 00000008H .CRT$XIA                DATA
 0002:00000298 00000008H .CRT$XIAA               DATA
 0002:000002a0 00000008H .CRT$XIZ                DATA
 0002:000002b0 00000318H .rdata                  DATA
 0002:000005c8 00000008H .rtc$IAA                DATA
 0002:000005d0 00000008H .rtc$IZZ                DATA
 0002:000005d8 00000008H .rtc$TAA                DATA
 0002:000005e0 00000008H .rtc$TZZ                DATA
 0002:000005e8 000002f8H .xdata                  DATA
 0002:000008e0 00000078H .idata$2                DATA
 0002:00000958 00000014H .idata$3                DATA
 0002:00000970 00000280H .idata$4                DATA
 0002:00000bf0 00000690H .idata$6                DATA
 0002:00001280 000000bcH .edata                  DATA
 0003:00000000 00000448H .data                   DATA
 0003:00000460 000063f0H .bss                    DATA
 0004:00000000 00000264H .pdata                  DATA

  Address         Publics by Value              Rva+Base               Lib:Object

 0000:00000000       ___safe_se_handler_count   0000000000000000     <absolute>
 0000:00000000       ___safe_se_handler_table   0000000000000000     <absolute>
 0000:00000000       __ImageBase                0000000180000000     <linker-defined>
 0001:000001f0       b_emlrt_marshallOut        00000001800011f0 f   Blocking_mexutil.obj
 0001:000002c0       c_emlrt_marshallOut        00000001800012c0 f   Blocking_mexutil.obj
 0001:000003c0       d_emlrt_marshallOut        00000001800013c0 f   Blocking_mexutil.obj
 0001:00000450       emlrt_marshallOut          0000000180001450 f   Blocking_mexutil.obj
 0001:00000480       emlrt_synchGlobalsToML     0000000180001480 f   Blocking_mexutil.obj
 0001:00000970       c_emlrt_marshallIn         0000000180001970 f   Blocking_mexutil.obj
 0001:00000a20       e_emlrt_marshallIn         0000000180001a20 f   Blocking_mexutil.obj
 0001:00000a90       g_emlrt_marshallIn         0000000180001a90 f   Blocking_mexutil.obj
 0001:00000af0       i_emlrt_marshallIn         0000000180001af0 f   Blocking_mexutil.obj
 0001:00000bd0       emlrt_synchGlobalsFromML   0000000180001bd0 f   Blocking_mexutil.obj
 0001:000010b0       Blocking_initialize        00000001800020b0 f   Blocking_initialize.obj
 0001:00001120       Blocking_atexit            0000000180002120 f   Blocking_terminate.obj
 0001:00001180       Blocking_terminate         0000000180002180 f   Blocking_terminate.obj
 0001:000011a0       Blocking                   00000001800021a0 f   Blocking.obj
 0001:00002210       Blocking_api               0000000180003210 f   Blocking_api.obj
 0001:000026d0       emxEnsureCapacity          00000001800036d0 f   Blocking_emxutil.obj
 0001:000027e0       emxFree_real_T             00000001800037e0 f   Blocking_emxutil.obj
 0001:00002820       emxInit_real_T             0000000180003820 f   Blocking_emxutil.obj
 0001:000029c0       Blocking_atexit_wrapper    00000001800039c0 f   Blocking_mex.obj
 0001:000029d0       mexFunction                00000001800039d0 f   Blocking_mex.obj
 0001:00002a20       emlrtMexFcnProperties      0000000180003a20 f   Blocking_mex.obj
 0001:00002b5a       mxGetData                  0000000180003b5a f   libmx:libmx.dll
 0001:00002b60       mxGetPr                    0000000180003b60 f   libmx:libmx.dll
 0001:00002b66       mxCreateNumericArray_700   0000000180003b66 f   libmx:libmx.dll
 0001:00002b6c       mxCreateDoubleScalar       0000000180003b6c f   libmx:libmx.dll
 0001:00002b72       mxCreateCharArray_700      0000000180003b72 f   libmx:libmx.dll
 0001:00002b78       mxSetFieldByNumber_700     0000000180003b78 f   libmx:libmx.dll
 0001:00002b7e       mxCreateString             0000000180003b7e f   libmx:libmx.dll
 0001:00002b84       mxCreateLogicalMatrix_700  0000000180003b84 f   libmx:libmx.dll
 0001:00002b8a       mxCreateStructMatrix_700   0000000180003b8a f   libmx:libmx.dll
 0001:00002b90       mexPutVariable             0000000180003b90 f   libmex:libmex.dll
 0001:00002b96       mexGetVariable             0000000180003b96 f   libmex:libmex.dll
 0001:00002b9c       mexErrMsgIdAndTxt          0000000180003b9c f   libmex:libmex.dll
 0001:00002ba2       mexAtExit                  0000000180003ba2 f   libmex:libmex.dll
 0001:00002ba8       emlrtDestroyArray          0000000180003ba8 f   libemlrt:libemlrt.dll
 0001:00002bae       emlrtCheckBuiltInR2012b    0000000180003bae f   libemlrt:libemlrt.dll
 0001:00002bb4       emlrtImportArrayR2011b     0000000180003bb4 f   libemlrt:libemlrt.dll
 0001:00002bba       emlrtCheckVsBuiltInR2012b  0000000180003bba f   libemlrt:libemlrt.dll
 0001:00002bc0       emlrtAssign                0000000180003bc0 f   libemlrt:libemlrt.dll
 0001:00002bc6       emlrtHeapReferenceStackLeaveFcnR2012b 0000000180003bc6 f   libemlrt:libemlrt.dll
 0001:00002bcc       emlrtHeapReferenceStackEnterFcnR2012b 0000000180003bcc f   libemlrt:libemlrt.dll
 0001:00002bd2       emlrtAlias                 0000000180003bd2 f   libemlrt:libemlrt.dll
 0001:00002bd8       emlrtFirstTimeR2012b       0000000180003bd8 f   libemlrt:libemlrt.dll
 0001:00002bde       emlrtEnterRtStackR2012b    0000000180003bde f   libemlrt:libemlrt.dll
 0001:00002be4       emlrtClearAllocCountR2012b 0000000180003be4 f   libemlrt:libemlrt.dll
 0001:00002bea       emlrtCreateRootTLS         0000000180003bea f   libemlrt:libemlrt.dll
 0001:00002bf0       emlrtGetBreakCheckFlagAddressR2012b 0000000180003bf0 f   libemlrt:libemlrt.dll
 0001:00002bf6       emlrtDestroyRootTLS        0000000180003bf6 f   libemlrt:libemlrt.dll
 0001:00002bfc       emlrtLeaveRtStackR2012b    0000000180003bfc f   libemlrt:libemlrt.dll
 0001:00002c02       emlrtCallMATLABR2012b      0000000180003c02 f   libemlrt:libemlrt.dll
 0001:00002c08       emlrtBreakCheckR2012b      0000000180003c08 f   libemlrt:libemlrt.dll
 0001:00002c0e       emlrtPopRtStackR2012b      0000000180003c0e f   libemlrt:libemlrt.dll
 0001:00002c14       emlrtInitCharArray         0000000180003c14 f   libemlrt:libemlrt.dll
 0001:00002c1a       emlrtPushRtStackR2012b     0000000180003c1a f   libemlrt:libemlrt.dll
 0001:00002c20       emlrtDynamicBoundsCheckR2012b 0000000180003c20 f   libemlrt:libemlrt.dll
 0001:00002c26       emlrtFreeMex               0000000180003c26 f   libemlrt:libemlrt.dll
 0001:00002c2c       emlrtHeapAllocationErrorR2012b 0000000180003c2c f   libemlrt:libemlrt.dll
 0001:00002c32       emlrtCallocMex             0000000180003c32 f   libemlrt:libemlrt.dll
 0001:00002c38       emlrtSizeMulR2012b         0000000180003c38 f   libemlrt:libemlrt.dll
 0001:00002c3e       emlrtPushHeapReferenceStackR2012b 0000000180003c3e f   libemlrt:libemlrt.dll
 0001:00002c44       emlrtMallocMex             0000000180003c44 f   libemlrt:libemlrt.dll
 0001:00002c4a       emlrtReturnArrayR2009a     0000000180003c4a f   libemlrt:libemlrt.dll
 0001:00002c50       muDoubleScalarAbs          0000000180003c50 f   libmwmathutil:libmwmathutil.dll
 0001:00002c58       __GSHandlerCheckCommon     0000000180003c58 f   MSVCRT:gshandler.obj
 0001:00002cbc       __GSHandlerCheck           0000000180003cbc f   MSVCRT:gshandler.obj
 0001:00002cf0       __security_check_cookie    0000000180003cf0 f   MSVCRT:amdsecgs.obj
 0001:00002d20       _alloca_probe              0000000180003d20     MSVCRT:chkstk.obj
 0001:00002d20       __chkstk                   0000000180003d20 f   MSVCRT:chkstk.obj
 0001:00002d6e       memcpy                     0000000180003d6e f   MSVCRT:MSVCR100.dll
 0001:00002dd4       _CRT_INIT                  0000000180003dd4 f   MSVCRT:crtdll.obj
 0001:0000316c       _DllMainCRTStartup         000000018000416c f   MSVCRT:crtdll.obj
 0001:000031ac       __report_gsfailure         00000001800041ac f   MSVCRT:gs_report.obj
 0001:000032f8       __clean_type_info_names    00000001800042f8 f   MSVCRT:tncleanup.obj
 0001:00003304       _onexit                    0000000180004304 f   MSVCRT:atonexit.obj
 0001:000033b4       atexit                     00000001800043b4 f   MSVCRT:atonexit.obj
 0001:000033cc       _RTC_Initialize            00000001800043cc f   MSVCRT:_initsect_.obj
 0001:00003404       _RTC_Terminate             0000000180004404 f   MSVCRT:_initsect_.obj
 0001:00003440       _ValidateImageBase         0000000180004440 f   MSVCRT:pesect.obj
 0001:00003470       _FindPESection             0000000180004470 f   MSVCRT:pesect.obj
 0001:000034c0       _IsNonwritableInCurrentImage 00000001800044c0 f   MSVCRT:pesect.obj
 0001:00003502       _initterm                  0000000180004502 f   MSVCRT:MSVCR100.dll
 0001:00003508       _initterm_e                0000000180004508 f   MSVCRT:MSVCR100.dll
 0001:0000350e       _amsg_exit                 000000018000450e f   MSVCRT:MSVCR100.dll
 0001:00003514       __C_specific_handler       0000000180004514 f   MSVCRT:MSVCR100.dll
 0001:0000351a       __CppXcptFilter            000000018000451a f   MSVCRT:MSVCR100.dll
 0001:00003520       DllMain                    0000000180004520 f   MSVCRT:dllmain.obj
 0001:00003544       __security_init_cookie     0000000180004544 f   MSVCRT:gs_support.obj
 0001:000035f8       __crt_debugger_hook        00000001800045f8 f   MSVCRT:MSVCR100.dll
 0001:000035fe       __clean_type_info_names_internal 00000001800045fe f   MSVCRT:MSVCR100.dll
 0001:00003604       _unlock                    0000000180004604 f   MSVCRT:MSVCR100.dll
 0001:0000360a       __dllonexit                000000018000460a f   MSVCRT:MSVCR100.dll
 0001:00003610       _lock                      0000000180004610 f   MSVCRT:MSVCR100.dll
 0001:00003616       RtlVirtualUnwind           0000000180004616 f   kernel32:KERNEL32.dll
 0001:0000361c       RtlLookupFunctionEntry     000000018000461c f   kernel32:KERNEL32.dll
 0002:00000000       __imp_GetSystemTimeAsFileTime 0000000180005000     kernel32:KERNEL32.dll
 0002:00000008       __imp_GetCurrentProcessId  0000000180005008     kernel32:KERNEL32.dll
 0002:00000010       __imp_GetCurrentThreadId   0000000180005010     kernel32:KERNEL32.dll
 0002:00000018       __imp_GetTickCount         0000000180005018     kernel32:KERNEL32.dll
 0002:00000020       __imp_QueryPerformanceCounter 0000000180005020     kernel32:KERNEL32.dll
 0002:00000028       __imp_DisableThreadLibraryCalls 0000000180005028     kernel32:KERNEL32.dll
 0002:00000030       __imp_RtlCaptureContext    0000000180005030     kernel32:KERNEL32.dll
 0002:00000038       __imp_RtlLookupFunctionEntry 0000000180005038     kernel32:KERNEL32.dll
 0002:00000040       __imp_RtlVirtualUnwind     0000000180005040     kernel32:KERNEL32.dll
 0002:00000048       __imp_IsDebuggerPresent    0000000180005048     kernel32:KERNEL32.dll
 0002:00000050       __imp_SetUnhandledExceptionFilter 0000000180005050     kernel32:KERNEL32.dll
 0002:00000058       __imp_UnhandledExceptionFilter 0000000180005058     kernel32:KERNEL32.dll
 0002:00000060       __imp_GetCurrentProcess    0000000180005060     kernel32:KERNEL32.dll
 0002:00000068       __imp_TerminateProcess     0000000180005068     kernel32:KERNEL32.dll
 0002:00000070       __imp_DecodePointer        0000000180005070     kernel32:KERNEL32.dll
 0002:00000078       __imp_Sleep                0000000180005078     kernel32:KERNEL32.dll
 0002:00000080       __imp_EncodePointer        0000000180005080     kernel32:KERNEL32.dll
 0002:00000088       \177KERNEL32_NULL_THUNK_DATA 0000000180005088     kernel32:KERNEL32.dll
 0002:00000090       __imp__onexit              0000000180005090     MSVCRT:MSVCR100.dll
 0002:00000098       __imp___dllonexit          0000000180005098     MSVCRT:MSVCR100.dll
 0002:000000a0       __imp__unlock              00000001800050a0     MSVCRT:MSVCR100.dll
 0002:000000a8       __imp___clean_type_info_names_internal 00000001800050a8     MSVCRT:MSVCR100.dll
 0002:000000b0       __imp___crt_debugger_hook  00000001800050b0     MSVCRT:MSVCR100.dll
 0002:000000b8       __imp___CppXcptFilter      00000001800050b8     MSVCRT:MSVCR100.dll
 0002:000000c0       __imp___C_specific_handler 00000001800050c0     MSVCRT:MSVCR100.dll
 0002:000000c8       __imp__amsg_exit           00000001800050c8     MSVCRT:MSVCR100.dll
 0002:000000d0       __imp__encoded_null        00000001800050d0     MSVCRT:MSVCR100.dll
 0002:000000d8       __imp_free                 00000001800050d8     MSVCRT:MSVCR100.dll
 0002:000000e0       __imp__initterm_e          00000001800050e0     MSVCRT:MSVCR100.dll
 0002:000000e8       __imp__initterm            00000001800050e8     MSVCRT:MSVCR100.dll
 0002:000000f0       __imp__malloc_crt          00000001800050f0     MSVCRT:MSVCR100.dll
 0002:000000f8       __imp_memcpy               00000001800050f8     MSVCRT:MSVCR100.dll
 0002:00000100       __imp__lock                0000000180005100     MSVCRT:MSVCR100.dll
 0002:00000108       \177MSVCR100_NULL_THUNK_DATA 0000000180005108     MSVCRT:MSVCR100.dll
 0002:00000110       __imp_emlrtPushRtStackR2012b 0000000180005110     libemlrt:libemlrt.dll
 0002:00000118       __imp_emlrtDynamicBoundsCheckR2012b 0000000180005118     libemlrt:libemlrt.dll
 0002:00000120       __imp_emlrtFreeMex         0000000180005120     libemlrt:libemlrt.dll
 0002:00000128       __imp_emlrtHeapAllocationErrorR2012b 0000000180005128     libemlrt:libemlrt.dll
 0002:00000130       __imp_emlrtCallocMex       0000000180005130     libemlrt:libemlrt.dll
 0002:00000138       __imp_emlrtInitCharArray   0000000180005138     libemlrt:libemlrt.dll
 0002:00000140       __imp_emlrtPushHeapReferenceStackR2012b 0000000180005140     libemlrt:libemlrt.dll
 0002:00000148       __imp_emlrtMallocMex       0000000180005148     libemlrt:libemlrt.dll
 0002:00000150       __imp_emlrtReturnArrayR2009a 0000000180005150     libemlrt:libemlrt.dll
 0002:00000158       __imp_emlrtCheckBuiltInR2012b 0000000180005158     libemlrt:libemlrt.dll
 0002:00000160       __imp_emlrtDestroyArray    0000000180005160     libemlrt:libemlrt.dll
 0002:00000168       __imp_emlrtPopRtStackR2012b 0000000180005168     libemlrt:libemlrt.dll
 0002:00000170       __imp_emlrtImportArrayR2011b 0000000180005170     libemlrt:libemlrt.dll
 0002:00000178       __imp_emlrtCallMATLABR2012b 0000000180005178     libemlrt:libemlrt.dll
 0002:00000180       __imp_emlrtLeaveRtStackR2012b 0000000180005180     libemlrt:libemlrt.dll
 0002:00000188       __imp_emlrtDestroyRootTLS  0000000180005188     libemlrt:libemlrt.dll
 0002:00000190       __imp_emlrtGetBreakCheckFlagAddressR2012b 0000000180005190     libemlrt:libemlrt.dll
 0002:00000198       __imp_emlrtCreateRootTLS   0000000180005198     libemlrt:libemlrt.dll
 0002:000001a0       __imp_emlrtClearAllocCountR2012b 00000001800051a0     libemlrt:libemlrt.dll
 0002:000001a8       __imp_emlrtEnterRtStackR2012b 00000001800051a8     libemlrt:libemlrt.dll
 0002:000001b0       __imp_emlrtFirstTimeR2012b 00000001800051b0     libemlrt:libemlrt.dll
 0002:000001b8       __imp_emlrtAlias           00000001800051b8     libemlrt:libemlrt.dll
 0002:000001c0       __imp_emlrtHeapReferenceStackEnterFcnR2012b 00000001800051c0     libemlrt:libemlrt.dll
 0002:000001c8       __imp_emlrtHeapReferenceStackLeaveFcnR2012b 00000001800051c8     libemlrt:libemlrt.dll
 0002:000001d0       __imp_emlrtAssign          00000001800051d0     libemlrt:libemlrt.dll
 0002:000001d8       __imp_emlrtSizeMulR2012b   00000001800051d8     libemlrt:libemlrt.dll
 0002:000001e0       __imp_emlrtCheckVsBuiltInR2012b 00000001800051e0     libemlrt:libemlrt.dll
 0002:000001e8       __imp_emlrtBreakCheckR2012b 00000001800051e8     libemlrt:libemlrt.dll
 0002:000001f0       \177libemlrt_NULL_THUNK_DATA 00000001800051f0     libemlrt:libemlrt.dll
 0002:000001f8       __imp_mexGetVariable       00000001800051f8     libmex:libmex.dll
 0002:00000200       __imp_mexAtExit            0000000180005200     libmex:libmex.dll
 0002:00000208       __imp_mexErrMsgIdAndTxt    0000000180005208     libmex:libmex.dll
 0002:00000210       __imp_mexPutVariable       0000000180005210     libmex:libmex.dll
 0002:00000218       \177libmex_NULL_THUNK_DATA 0000000180005218     libmex:libmex.dll
 0002:00000220       __imp_muDoubleScalarAbs    0000000180005220     libmwmathutil:libmwmathutil.dll
 0002:00000228       \177libmwmathutil_NULL_THUNK_DATA 0000000180005228     libmwmathutil:libmwmathutil.dll
 0002:00000230       __imp_mxCreateStructMatrix_700 0000000180005230     libmx:libmx.dll
 0002:00000238       __imp_mxCreateLogicalMatrix_700 0000000180005238     libmx:libmx.dll
 0002:00000240       __imp_mxCreateString       0000000180005240     libmx:libmx.dll
 0002:00000248       __imp_mxSetFieldByNumber_700 0000000180005248     libmx:libmx.dll
 0002:00000250       __imp_mxCreateCharArray_700 0000000180005250     libmx:libmx.dll
 0002:00000258       __imp_mxCreateDoubleScalar 0000000180005258     libmx:libmx.dll
 0002:00000260       __imp_mxCreateNumericArray_700 0000000180005260     libmx:libmx.dll
 0002:00000268       __imp_mxGetPr              0000000180005268     libmx:libmx.dll
 0002:00000270       __imp_mxGetData            0000000180005270     libmx:libmx.dll
 0002:00000278       \177libmx_NULL_THUNK_DATA  0000000180005278     libmx:libmx.dll
 0002:00000280       __xc_a                     0000000180005280     MSVCRT:cinitexe.obj
 0002:00000288       __xc_z                     0000000180005288     MSVCRT:cinitexe.obj
 0002:00000290       __xi_a                     0000000180005290     MSVCRT:cinitexe.obj
 0002:000002a0       __xi_z                     00000001800052a0     MSVCRT:cinitexe.obj
 0002:000002c0       ??_C@_06BNJCAIGJ@double?$AA@ 00000001800052c0     Blocking_mexutil.obj
 0002:000002c8       ??_C@_03JLPAMFEP@CEP?$AA@  00000001800052c8     Blocking_mexutil.obj
 0002:000002d0       ??_C@_07JKANEHAK@MSKFlag?$AA@ 00000001800052d0     Blocking_mexutil.obj
 0002:000002d8       ??_C@_06JDCIGNAE@wedges?$AA@ 00000001800052d8     Blocking_mexutil.obj
 0002:000002e0       ??_C@_07DCAJEGJA@vnfaces?$AA@ 00000001800052e0     Blocking_mexutil.obj
 0002:000002e8       ??_C@_06FJKEMHGD@global?$AA@ 00000001800052e8     Blocking_mexutil.obj
 0002:000002f0       ??_C@_06MAIEDKPI@Nblock?$AA@ 00000001800052f0     Blocking_mexutil.obj
 0002:00000300       ??_C@_0FI@MHNLBBMK@C?3?1Mingming?1Master?5Thesis?1Superv@ 0000000180005300     Blocking_data.obj
 0002:00000358       ??_C@_08FNHBNBED@Blocking?$AA@ 0000000180005358     Blocking_data.obj
 0002:00000361       ??_C@_00CNPNBAHC@?$AA@     0000000180005361     Blocking_initialize.obj
 0002:00000368       __real@4014000000000000    0000000180005368     Blocking_initialize.obj
 0002:00000370       ??_C@_0FH@DOFCEKAL@C?3?1Mingming?1Master?5Thesis?1Superv@ 0000000180005370     Blocking.obj
 0002:000003c8       ??_C@_07JOJCOIBL@AppFace?$AA@ 00000001800053c8     Blocking.obj
 0002:00000414       ??_C@_04MKNBDEPB@exit?$AA@ 0000000180005414     Blocking.obj
 0002:0000041c       ??_C@_04GKMJMOBJ@disp?$AA@ 000000018000541c     Blocking.obj
 0002:00000428       __real@3eb0c6f7a0b5ed8d    0000000180005428     Blocking.obj
 0002:00000430       __real@3e45798ee2308c3a    0000000180005430     Blocking.obj
 0002:00000438       __real@3ddb7cdfd9d7bdbb    0000000180005438     Blocking.obj
 0002:00000440       __real@0000000000000000    0000000180005440     Blocking.obj
 0002:00000448       __real@3ff000010c6f7a0b    0000000180005448     Blocking.obj
 0002:00000450       __real@beb0c6f7a0b5ed8d    0000000180005450     Blocking.obj
 0002:00000458       __real@3f50624dd2f1a9fc    0000000180005458     Blocking.obj
 0002:00000460       __real@3ff0000000000000    0000000180005460     Blocking.obj
 0002:00000468       ??_C@_0N@PPADLNOI@Blocking_api?$AA@ 0000000180005468     Blocking_api.obj
 0002:00000478       ??_C@_05EFMDIBGF@P2_re?$AA@ 0000000180005478     Blocking_api.obj
 0002:00000480       ??_C@_05CGDPLLF@P1_re?$AA@ 0000000180005480     Blocking_api.obj
 0002:00000488       ??_C@_0CH@DLJMAEFE@emlcoder?3emlmex?3TooManyOutputArg@ 0000000180005488     Blocking_mex.obj
 0002:000004b0       ??_C@_0DG@HKGNBHJA@Too?5many?5output?5arguments?5for?5en@ 00000001800054b0     Blocking_mex.obj
 0002:000004e8       ??_C@_0CE@IHHIPLIO@emlcoder?3emlmex?3WrongNumberOfInp@ 00000001800054e8     Blocking_mex.obj
 0002:00000510       ??_C@_0CO@EBCHFCJ@2?5inputs?5required?5for?5entry?9poin@ 0000000180005510     Blocking_mex.obj
 0002:00000540       ??_C@_0BD@NDMMKFEF@8?40?40?4783?5?$CIR2012b?$CJ?$AA@ 0000000180005540     Blocking_mex.obj
 0002:00000558       __real@4000000000000000    0000000180005558     Blocking_mex.obj
 0002:00000560       ??_C@_0P@FDPDNMBC@ConstantInputs?$AA@ 0000000180005560     Blocking_mex.obj
 0002:00000570       ??_C@_0BA@HBLCOFA@NumberOfOutputs?$AA@ 0000000180005570     Blocking_mex.obj
 0002:00000580       ??_C@_0P@DJPKAEOC@NumberOfInputs?$AA@ 0000000180005580     Blocking_mex.obj
 0002:00000590       ??_C@_04FABLJDN@Name?$AA@  0000000180005590     Blocking_mex.obj
 0002:00000598       ??_C@_0M@HOOGCLMJ@EntryPoints?$AA@ 0000000180005598     Blocking_mex.obj
 0002:000005a8       ??_C@_07NGFJPNPN@Version?$AA@ 00000001800055a8     Blocking_mex.obj
 0002:000005b0       _pDefaultRawDllMain        00000001800055b0     MSVCRT:crtdll.obj
 0002:000005b0       _pRawDllMain               00000001800055b0     MSVCRT:crtdll.obj
 0002:000005c8       __rtc_iaa                  00000001800055c8     MSVCRT:_initsect_.obj
 0002:000005d0       __rtc_izz                  00000001800055d0     MSVCRT:_initsect_.obj
 0002:000005d8       __rtc_taa                  00000001800055d8     MSVCRT:_initsect_.obj
 0002:000005e0       __rtc_tzz                  00000001800055e0     MSVCRT:_initsect_.obj
 0002:000008e0       __IMPORT_DESCRIPTOR_libmx  00000001800058e0     libmx:libmx.dll
 0002:000008f4       __IMPORT_DESCRIPTOR_libmex 00000001800058f4     libmex:libmex.dll
 0002:00000908       __IMPORT_DESCRIPTOR_libemlrt 0000000180005908     libemlrt:libemlrt.dll
 0002:0000091c       __IMPORT_DESCRIPTOR_libmwmathutil 000000018000591c     libmwmathutil:libmwmathutil.dll
 0002:00000930       __IMPORT_DESCRIPTOR_MSVCR100 0000000180005930     MSVCRT:MSVCR100.dll
 0002:00000944       __IMPORT_DESCRIPTOR_KERNEL32 0000000180005944     kernel32:KERNEL32.dll
 0002:00000958       __NULL_IMPORT_DESCRIPTOR   0000000180005958     libmx:libmx.dll
 0003:00000000       emlrtRTEI                  0000000180007000     Blocking_data.obj
 0003:00000018       c_emlrtRTEI                0000000180007018     Blocking_data.obj
 0003:00000030       d_emlrtRTEI                0000000180007030     Blocking_data.obj
 0003:000003e0       emlrtContextGlobal         00000001800073e0     Blocking_mex.obj
 0003:00000420       _fltused                   0000000180007420     MSVCRT:dllsupp.obj
 0003:00000428       __security_cookie          0000000180007428     MSVCRT:gs_cookie.obj
 0003:00000430       __security_cookie_complement 0000000180007430     MSVCRT:gs_cookie.obj
 0003:00000440       __native_dllmain_reason    0000000180007440     MSVCRT:natstart.obj
 0003:00000444       __native_vcclrit_reason    0000000180007444     MSVCRT:natstart.obj
 0003:00000460       emlrtRootTLSGlobal         0000000180007460     Blocking_mex.obj
 0003:000009e0       ?__type_info_root_node@@3U__type_info_node@@A 00000001800079e0     MSVCRT:tncleanup.obj
 0003:00000a00       MSKFlag                    0000000180007a00     <common>
 0003:00000ec0       vnfaces                    0000000180007ec0     <common>
 0003:00006340       CEP                        000000018000d340     <common>
 0003:000067f8       CEP_dirty                  000000018000d7f8     <common>
 0003:000067fc       Nblock_dirty               000000018000d7fc     <common>
 0003:00006800       wedges_dirty               000000018000d800     <common>
 0003:00006808       wedges                     000000018000d808     <common>
 0003:00006810       MSKFlag_dirty              000000018000d810     <common>
 0003:00006814       vnfaces_dirty              000000018000d814     <common>
 0003:00006818       Nblock                     000000018000d818     <common>
 0003:00006820       emlrtBreakCheckR2012bFlagVar 000000018000d820     <common>
 0003:00006828       __native_startup_state     000000018000d828     <common>
 0003:00006830       __native_startup_lock      000000018000d830     <common>
 0003:00006838       __onexitend                000000018000d838     <common>
 0003:00006840       __onexitbegin              000000018000d840     <common>
 0003:00006848       __dyn_tls_init_callback    000000018000d848     <common>

 entry point at        0001:0000316c

 Static symbols

 0001:00000000       m_emlrt_marshallIn         0000000180001000 f   Blocking_mexutil.obj
 0001:000000e0       n_emlrt_marshallIn         00000001800010e0 f   Blocking_mexutil.obj
 0001:00000e20       Blocking_once              0000000180001e20 f   Blocking_initialize.obj
 0001:00002170       emlrt_marshallIn           0000000180003170 f   Blocking_api.obj
 0001:000028f0       Blocking_mexFunction       00000001800038f0 f   Blocking_mex.obj
 0001:00002d74       pre_c_init                 0000000180003d74 f   MSVCRT:crtdll.obj
 0001:00003030       __DllMainCRTStartup        0000000180004030 f   MSVCRT:crtdll.obj
 0001:00003630       __DllMainCRTStartup$filt$0 0000000180004630 f   MSVCRT:crtdll.obj
 0001:00003660       __DllMainCRTStartup$fin$1  0000000180004660 f   MSVCRT:crtdll.obj
 0001:0000367a       _onexit$fin$0              000000018000467a f   MSVCRT:atonexit.obj
 0001:000036a0       _IsNonwritableInCurrentImage$filt$0 00000001800046a0 f   MSVCRT:pesect.obj
