 EffConstruct

 Timestamp is 52b45f1f (Fri Dec 20 16:15:43 2013)

 Preferred load address is 0000000180000000

 Start         Length     Name                   Class
 0001:00000000 0000c9c2H .text                   CODE
 0001:0000c9d0 00000092H .text$x                 CODE
 0002:00000000 000002b0H .idata$5                DATA
 0002:000002b0 00000008H .CRT$XCA                DATA
 0002:000002b8 00000008H .CRT$XCZ                DATA
 0002:000002c0 00000008H .CRT$XIA                DATA
 0002:000002c8 00000008H .CRT$XIAA               DATA
 0002:000002d0 00000008H .CRT$XIZ                DATA
 0002:000002e0 00000610H .rdata                  DATA
 0002:000008f0 00000008H .rtc$IAA                DATA
 0002:000008f8 00000008H .rtc$IZZ                DATA
 0002:00000900 00000008H .rtc$TAA                DATA
 0002:00000908 00000008H .rtc$TZZ                DATA
 0002:00000910 000005f4H .xdata                  DATA
 0002:00000f04 00000078H .idata$2                DATA
 0002:00000f7c 00000014H .idata$3                DATA
 0002:00000f90 000002b0H .idata$4                DATA
 0002:00001240 00000736H .idata$6                DATA
 0002:00001980 000000ccH .edata                  DATA
 0003:00000000 00002578H .data                   DATA
 0003:00002580 000065a0H .bss                    DATA
 0004:00000000 00000444H .pdata                  DATA

  Address         Publics by Value              Rva+Base               Lib:Object

 0000:00000000       ___safe_se_handler_count   0000000000000000     <absolute>
 0000:00000000       ___safe_se_handler_table   0000000000000000     <absolute>
 0000:00000000       __ImageBase                0000000180000000     <linker-defined>
 0001:000004d0       b_emlrt_marshallOut        00000001800014d0 f   EffConstruct_mexutil.obj
 0001:00000540       c_emlrt_marshallOut        0000000180001540 f   EffConstruct_mexutil.obj
 0001:00000620       d_emlrt_marshallOut        0000000180001620 f   EffConstruct_mexutil.obj
 0001:000006f0       i_emlrt_marshallOut        00000001800016f0 f   EffConstruct_mexutil.obj
 0001:000006f0       e_emlrt_marshallOut        00000001800016f0 f   EffConstruct_mexutil.obj
 0001:00000780       emlrt_marshallOut          0000000180001780 f   EffConstruct_mexutil.obj
 0001:000007b0       f_emlrt_marshallOut        00000001800017b0 f   EffConstruct_mexutil.obj
 0001:000008c0       g_emlrt_marshallOut        00000001800018c0 f   EffConstruct_mexutil.obj
 0001:000009d0       h_emlrt_marshallOut        00000001800019d0 f   EffConstruct_mexutil.obj
 0001:00000ad0       k_emlrt_marshallIn         0000000180001ad0 f   EffConstruct_mexutil.obj
 0001:00000bb0       m_emlrt_marshallIn         0000000180001bb0 f   EffConstruct_mexutil.obj
 0001:00000c10       o_emlrt_marshallIn         0000000180001c10 f   EffConstruct_mexutil.obj
 0001:00000c70       q_emlrt_marshallIn         0000000180001c70 f   EffConstruct_mexutil.obj
 0001:00000cd0       s_emlrt_marshallIn         0000000180001cd0 f   EffConstruct_mexutil.obj
 0001:00000db0       e_emlrt_marshallIn         0000000180001db0 f   EffConstruct_mexutil.obj
 0001:00000e80       emlrt_marshallIn           0000000180001e80 f   EffConstruct_mexutil.obj
 0001:00000f30       emlrt_synchGlobalsToML     0000000180001f30 f   EffConstruct_mexutil.obj
 0001:00001ef0       g_emlrt_marshallIn         0000000180002ef0 f   EffConstruct_mexutil.obj
 0001:00001f50       i_emlrt_marshallIn         0000000180002f50 f   EffConstruct_mexutil.obj
 0001:00001fc0       emlrt_synchGlobalsFromML   0000000180002fc0 f   EffConstruct_mexutil.obj
 0001:00002e30       EffConstruct_initialize    0000000180003e30 f   EffConstruct_initialize.obj
 0001:00002ea0       EffConstruct_atexit        0000000180003ea0 f   EffConstruct_terminate.obj
 0001:00002f30       EffConstruct_terminate     0000000180003f30 f   EffConstruct_terminate.obj
 0001:00002f50       EffConstruct               0000000180003f50 f   EffConstruct.obj
 0001:000082a0       EffPointsImages            00000001800092a0 f   EffPointsImages.obj
 0001:00009120       Breakthrough               000000018000a120 f   Breakthrough.obj
 0001:00009570       AppGround                  000000018000a570 f   AppGround.obj
 0001:00009680       AppFace                    000000018000a680 f   AppFace.obj
 0001:00009d70       Blocking                   000000018000ad70 f   Blocking.obj
 0001:0000a900       norm                       000000018000b900 f   norm.obj
 0001:0000aa50       EffConstruct_api           000000018000ba50 f   EffConstruct_api.obj
 0001:0000bab0       emxEnsureCapacity          000000018000cab0 f   EffConstruct_emxutil.obj
 0001:0000bbc0       emxFree_int32_T            000000018000cbc0 f   EffConstruct_emxutil.obj
 0001:0000bbc0       emxFree_real_T             000000018000cbc0 f   EffConstruct_emxutil.obj
 0001:0000bc00       c_emxInit_real_T           000000018000cc00 f   EffConstruct_emxutil.obj
 0001:0000bc00       emxInit_real_T             000000018000cc00 f   EffConstruct_emxutil.obj
 0001:0000bc00       emxInit_int32_T            000000018000cc00 f   EffConstruct_emxutil.obj
 0001:0000bc00       b_emxInit_real_T           000000018000cc00 f   EffConstruct_emxutil.obj
 0001:0000bc00       d_emxInit_real_T           000000018000cc00 f   EffConstruct_emxutil.obj
 0001:0000bc00       b_emxInit_int32_T          000000018000cc00 f   EffConstruct_emxutil.obj
 0001:0000bd50       EffConstruct_atexit_wrapper 000000018000cd50 f   EffConstruct_mex.obj
 0001:0000bd60       mexFunction                000000018000cd60 f   EffConstruct_mex.obj
 0001:0000bda0       emlrtMexFcnProperties      000000018000cda0 f   EffConstruct_mex.obj
 0001:0000bed6       mxGetData                  000000018000ced6 f   libmx:libmx.dll
 0001:0000bedc       mxGetPr                    000000018000cedc f   libmx:libmx.dll
 0001:0000bee2       mxCreateNumericArray_700   000000018000cee2 f   libmx:libmx.dll
 0001:0000bee8       mxCreateDoubleScalar       000000018000cee8 f   libmx:libmx.dll
 0001:0000beee       mxCreateCharArray_700      000000018000ceee f   libmx:libmx.dll
 0001:0000bef4       mxSetFieldByNumber_700     000000018000cef4 f   libmx:libmx.dll
 0001:0000befa       mxCreateString             000000018000cefa f   libmx:libmx.dll
 0001:0000bf00       mxCreateLogicalMatrix_700  000000018000cf00 f   libmx:libmx.dll
 0001:0000bf06       mxCreateStructMatrix_700   000000018000cf06 f   libmx:libmx.dll
 0001:0000bf0c       mexPutVariable             000000018000cf0c f   libmex:libmex.dll
 0001:0000bf12       mexGetVariable             000000018000cf12 f   libmex:libmex.dll
 0001:0000bf18       mexErrMsgIdAndTxt          000000018000cf18 f   libmex:libmex.dll
 0001:0000bf1e       mexAtExit                  000000018000cf1e f   libmex:libmex.dll
 0001:0000bf24       emlrtDestroyArray          000000018000cf24 f   libemlrt:libemlrt.dll
 0001:0000bf2a       emlrtImportArrayR2011b     000000018000cf2a f   libemlrt:libemlrt.dll
 0001:0000bf30       emlrtCheckVsBuiltInR2012b  000000018000cf30 f   libemlrt:libemlrt.dll
 0001:0000bf36       emlrtAlias                 000000018000cf36 f   libemlrt:libemlrt.dll
 0001:0000bf3c       emlrtCheckBuiltInR2012b    000000018000cf3c f   libemlrt:libemlrt.dll
 0001:0000bf42       emlrtAssign                000000018000cf42 f   libemlrt:libemlrt.dll
 0001:0000bf48       emlrtHeapReferenceStackLeaveFcnR2012b 000000018000cf48 f   libemlrt:libemlrt.dll
 0001:0000bf4e       emlrtHeapReferenceStackEnterFcnR2012b 000000018000cf4e f   libemlrt:libemlrt.dll
 0001:0000bf54       emlrtFirstTimeR2012b       000000018000cf54 f   libemlrt:libemlrt.dll
 0001:0000bf5a       emlrtEnterRtStackR2012b    000000018000cf5a f   libemlrt:libemlrt.dll
 0001:0000bf60       emlrtClearAllocCountR2012b 000000018000cf60 f   libemlrt:libemlrt.dll
 0001:0000bf66       emlrtCreateRootTLS         000000018000cf66 f   libemlrt:libemlrt.dll
 0001:0000bf6c       emlrtGetBreakCheckFlagAddressR2012b 000000018000cf6c f   libemlrt:libemlrt.dll
 0001:0000bf72       emlrtDestroyRootTLS        000000018000cf72 f   libemlrt:libemlrt.dll
 0001:0000bf78       emlrtLeaveRtStackR2012b    000000018000cf78 f   libemlrt:libemlrt.dll
 0001:0000bf7e       emlrtMatrixMatrixIndexCheckR2012b 000000018000cf7e f   libemlrt:libemlrt.dll
 0001:0000bf84       emlrtSubAssignSizeCheckR2012b 000000018000cf84 f   libemlrt:libemlrt.dll
 0001:0000bf8a       emlrtBreakCheckR2012b      000000018000cf8a f   libemlrt:libemlrt.dll
 0001:0000bf90       emlrtPopRtStackR2012b      000000018000cf90 f   libemlrt:libemlrt.dll
 0001:0000bf96       emlrtDynamicBoundsCheckR2012b 000000018000cf96 f   libemlrt:libemlrt.dll
 0001:0000bf9c       emlrtPushRtStackR2012b     000000018000cf9c f   libemlrt:libemlrt.dll
 0001:0000bfa2       emlrtForLoopVectorCheckR2012b 000000018000cfa2 f   libemlrt:libemlrt.dll
 0001:0000bfa8       emlrtIntegerCheckR2012b    000000018000cfa8 f   libemlrt:libemlrt.dll
 0001:0000bfae       emlrtNonNegativeCheckR2012b 000000018000cfae f   libemlrt:libemlrt.dll
 0001:0000bfb4       emlrtCallMATLABR2012b      000000018000cfb4 f   libemlrt:libemlrt.dll
 0001:0000bfba       emlrtInitCharArray         000000018000cfba f   libemlrt:libemlrt.dll
 0001:0000bfc0       emlrtAliasP                000000018000cfc0 f   libemlrt:libemlrt.dll
 0001:0000bfc6       emlrtFreeMex               000000018000cfc6 f   libemlrt:libemlrt.dll
 0001:0000bfcc       emlrtHeapAllocationErrorR2012b 000000018000cfcc f   libemlrt:libemlrt.dll
 0001:0000bfd2       emlrtCallocMex             000000018000cfd2 f   libemlrt:libemlrt.dll
 0001:0000bfd8       emlrtSizeMulR2012b         000000018000cfd8 f   libemlrt:libemlrt.dll
 0001:0000bfde       emlrtPushHeapReferenceStackR2012b 000000018000cfde f   libemlrt:libemlrt.dll
 0001:0000bfe4       emlrtMallocMex             000000018000cfe4 f   libemlrt:libemlrt.dll
 0001:0000bfea       muDoubleScalarAbs          000000018000cfea f   libmwmathutil:libmwmathutil.dll
 0001:0000bff0       muDoubleScalarSqrt         000000018000cff0 f   libmwmathutil:libmwmathutil.dll
 0001:0000bff8       __GSHandlerCheckCommon     000000018000cff8 f   MSVCRT:gshandler.obj
 0001:0000c05c       __GSHandlerCheck           000000018000d05c f   MSVCRT:gshandler.obj
 0001:0000c090       __security_check_cookie    000000018000d090 f   MSVCRT:amdsecgs.obj
 0001:0000c0c0       __chkstk                   000000018000d0c0 f   MSVCRT:chkstk.obj
 0001:0000c0c0       _alloca_probe              000000018000d0c0     MSVCRT:chkstk.obj
 0001:0000c10e       memcpy                     000000018000d10e f   MSVCRT:MSVCR100.dll
 0001:0000c174       _CRT_INIT                  000000018000d174 f   MSVCRT:crtdll.obj
 0001:0000c50c       _DllMainCRTStartup         000000018000d50c f   MSVCRT:crtdll.obj
 0001:0000c54c       __report_gsfailure         000000018000d54c f   MSVCRT:gs_report.obj
 0001:0000c698       __clean_type_info_names    000000018000d698 f   MSVCRT:tncleanup.obj
 0001:0000c6a4       _onexit                    000000018000d6a4 f   MSVCRT:atonexit.obj
 0001:0000c754       atexit                     000000018000d754 f   MSVCRT:atonexit.obj
 0001:0000c76c       _RTC_Initialize            000000018000d76c f   MSVCRT:_initsect_.obj
 0001:0000c7a4       _RTC_Terminate             000000018000d7a4 f   MSVCRT:_initsect_.obj
 0001:0000c7e0       _ValidateImageBase         000000018000d7e0 f   MSVCRT:pesect.obj
 0001:0000c810       _FindPESection             000000018000d810 f   MSVCRT:pesect.obj
 0001:0000c860       _IsNonwritableInCurrentImage 000000018000d860 f   MSVCRT:pesect.obj
 0001:0000c8a2       _initterm                  000000018000d8a2 f   MSVCRT:MSVCR100.dll
 0001:0000c8a8       _initterm_e                000000018000d8a8 f   MSVCRT:MSVCR100.dll
 0001:0000c8ae       _amsg_exit                 000000018000d8ae f   MSVCRT:MSVCR100.dll
 0001:0000c8b4       __C_specific_handler       000000018000d8b4 f   MSVCRT:MSVCR100.dll
 0001:0000c8ba       __CppXcptFilter            000000018000d8ba f   MSVCRT:MSVCR100.dll
 0001:0000c8c0       DllMain                    000000018000d8c0 f   MSVCRT:dllmain.obj
 0001:0000c8e4       __security_init_cookie     000000018000d8e4 f   MSVCRT:gs_support.obj
 0001:0000c998       __crt_debugger_hook        000000018000d998 f   MSVCRT:MSVCR100.dll
 0001:0000c99e       __clean_type_info_names_internal 000000018000d99e f   MSVCRT:MSVCR100.dll
 0001:0000c9a4       _unlock                    000000018000d9a4 f   MSVCRT:MSVCR100.dll
 0001:0000c9aa       __dllonexit                000000018000d9aa f   MSVCRT:MSVCR100.dll
 0001:0000c9b0       _lock                      000000018000d9b0 f   MSVCRT:MSVCR100.dll
 0001:0000c9b6       RtlVirtualUnwind           000000018000d9b6 f   kernel32:KERNEL32.dll
 0001:0000c9bc       RtlLookupFunctionEntry     000000018000d9bc f   kernel32:KERNEL32.dll
 0002:00000000       __imp_GetSystemTimeAsFileTime 000000018000e000     kernel32:KERNEL32.dll
 0002:00000008       __imp_GetCurrentProcessId  000000018000e008     kernel32:KERNEL32.dll
 0002:00000010       __imp_GetCurrentThreadId   000000018000e010     kernel32:KERNEL32.dll
 0002:00000018       __imp_GetTickCount         000000018000e018     kernel32:KERNEL32.dll
 0002:00000020       __imp_QueryPerformanceCounter 000000018000e020     kernel32:KERNEL32.dll
 0002:00000028       __imp_DisableThreadLibraryCalls 000000018000e028     kernel32:KERNEL32.dll
 0002:00000030       __imp_RtlCaptureContext    000000018000e030     kernel32:KERNEL32.dll
 0002:00000038       __imp_RtlLookupFunctionEntry 000000018000e038     kernel32:KERNEL32.dll
 0002:00000040       __imp_RtlVirtualUnwind     000000018000e040     kernel32:KERNEL32.dll
 0002:00000048       __imp_IsDebuggerPresent    000000018000e048     kernel32:KERNEL32.dll
 0002:00000050       __imp_SetUnhandledExceptionFilter 000000018000e050     kernel32:KERNEL32.dll
 0002:00000058       __imp_UnhandledExceptionFilter 000000018000e058     kernel32:KERNEL32.dll
 0002:00000060       __imp_GetCurrentProcess    000000018000e060     kernel32:KERNEL32.dll
 0002:00000068       __imp_TerminateProcess     000000018000e068     kernel32:KERNEL32.dll
 0002:00000070       __imp_DecodePointer        000000018000e070     kernel32:KERNEL32.dll
 0002:00000078       __imp_Sleep                000000018000e078     kernel32:KERNEL32.dll
 0002:00000080       __imp_EncodePointer        000000018000e080     kernel32:KERNEL32.dll
 0002:00000088       \177KERNEL32_NULL_THUNK_DATA 000000018000e088     kernel32:KERNEL32.dll
 0002:00000090       __imp___clean_type_info_names_internal 000000018000e090     MSVCRT:MSVCR100.dll
 0002:00000098       __imp___crt_debugger_hook  000000018000e098     MSVCRT:MSVCR100.dll
 0002:000000a0       __imp___CppXcptFilter      000000018000e0a0     MSVCRT:MSVCR100.dll
 0002:000000a8       __imp___C_specific_handler 000000018000e0a8     MSVCRT:MSVCR100.dll
 0002:000000b0       __imp__amsg_exit           000000018000e0b0     MSVCRT:MSVCR100.dll
 0002:000000b8       __imp__encoded_null        000000018000e0b8     MSVCRT:MSVCR100.dll
 0002:000000c0       __imp_free                 000000018000e0c0     MSVCRT:MSVCR100.dll
 0002:000000c8       __imp__initterm_e          000000018000e0c8     MSVCRT:MSVCR100.dll
 0002:000000d0       __imp__initterm            000000018000e0d0     MSVCRT:MSVCR100.dll
 0002:000000d8       __imp__malloc_crt          000000018000e0d8     MSVCRT:MSVCR100.dll
 0002:000000e0       __imp_memcpy               000000018000e0e0     MSVCRT:MSVCR100.dll
 0002:000000e8       __imp__unlock              000000018000e0e8     MSVCRT:MSVCR100.dll
 0002:000000f0       __imp__lock                000000018000e0f0     MSVCRT:MSVCR100.dll
 0002:000000f8       __imp___dllonexit          000000018000e0f8     MSVCRT:MSVCR100.dll
 0002:00000100       __imp__onexit              000000018000e100     MSVCRT:MSVCR100.dll
 0002:00000108       \177MSVCR100_NULL_THUNK_DATA 000000018000e108     MSVCRT:MSVCR100.dll
 0002:00000110       __imp_emlrtPopRtStackR2012b 000000018000e110     libemlrt:libemlrt.dll
 0002:00000118       __imp_emlrtPushRtStackR2012b 000000018000e118     libemlrt:libemlrt.dll
 0002:00000120       __imp_emlrtForLoopVectorCheckR2012b 000000018000e120     libemlrt:libemlrt.dll
 0002:00000128       __imp_emlrtIntegerCheckR2012b 000000018000e128     libemlrt:libemlrt.dll
 0002:00000130       __imp_emlrtNonNegativeCheckR2012b 000000018000e130     libemlrt:libemlrt.dll
 0002:00000138       __imp_emlrtCallMATLABR2012b 000000018000e138     libemlrt:libemlrt.dll
 0002:00000140       __imp_emlrtInitCharArray   000000018000e140     libemlrt:libemlrt.dll
 0002:00000148       __imp_emlrtAliasP          000000018000e148     libemlrt:libemlrt.dll
 0002:00000150       __imp_emlrtFreeMex         000000018000e150     libemlrt:libemlrt.dll
 0002:00000158       __imp_emlrtHeapAllocationErrorR2012b 000000018000e158     libemlrt:libemlrt.dll
 0002:00000160       __imp_emlrtCallocMex       000000018000e160     libemlrt:libemlrt.dll
 0002:00000168       __imp_emlrtSizeMulR2012b   000000018000e168     libemlrt:libemlrt.dll
 0002:00000170       __imp_emlrtPushHeapReferenceStackR2012b 000000018000e170     libemlrt:libemlrt.dll
 0002:00000178       __imp_emlrtMallocMex       000000018000e178     libemlrt:libemlrt.dll
 0002:00000180       __imp_emlrtBreakCheckR2012b 000000018000e180     libemlrt:libemlrt.dll
 0002:00000188       __imp_emlrtSubAssignSizeCheckR2012b 000000018000e188     libemlrt:libemlrt.dll
 0002:00000190       __imp_emlrtMatrixMatrixIndexCheckR2012b 000000018000e190     libemlrt:libemlrt.dll
 0002:00000198       __imp_emlrtLeaveRtStackR2012b 000000018000e198     libemlrt:libemlrt.dll
 0002:000001a0       __imp_emlrtDestroyRootTLS  000000018000e1a0     libemlrt:libemlrt.dll
 0002:000001a8       __imp_emlrtGetBreakCheckFlagAddressR2012b 000000018000e1a8     libemlrt:libemlrt.dll
 0002:000001b0       __imp_emlrtCreateRootTLS   000000018000e1b0     libemlrt:libemlrt.dll
 0002:000001b8       __imp_emlrtClearAllocCountR2012b 000000018000e1b8     libemlrt:libemlrt.dll
 0002:000001c0       __imp_emlrtEnterRtStackR2012b 000000018000e1c0     libemlrt:libemlrt.dll
 0002:000001c8       __imp_emlrtFirstTimeR2012b 000000018000e1c8     libemlrt:libemlrt.dll
 0002:000001d0       __imp_emlrtHeapReferenceStackEnterFcnR2012b 000000018000e1d0     libemlrt:libemlrt.dll
 0002:000001d8       __imp_emlrtHeapReferenceStackLeaveFcnR2012b 000000018000e1d8     libemlrt:libemlrt.dll
 0002:000001e0       __imp_emlrtAssign          000000018000e1e0     libemlrt:libemlrt.dll
 0002:000001e8       __imp_emlrtCheckBuiltInR2012b 000000018000e1e8     libemlrt:libemlrt.dll
 0002:000001f0       __imp_emlrtAlias           000000018000e1f0     libemlrt:libemlrt.dll
 0002:000001f8       __imp_emlrtCheckVsBuiltInR2012b 000000018000e1f8     libemlrt:libemlrt.dll
 0002:00000200       __imp_emlrtImportArrayR2011b 000000018000e200     libemlrt:libemlrt.dll
 0002:00000208       __imp_emlrtDestroyArray    000000018000e208     libemlrt:libemlrt.dll
 0002:00000210       __imp_emlrtDynamicBoundsCheckR2012b 000000018000e210     libemlrt:libemlrt.dll
 0002:00000218       \177libemlrt_NULL_THUNK_DATA 000000018000e218     libemlrt:libemlrt.dll
 0002:00000220       __imp_mexGetVariable       000000018000e220     libmex:libmex.dll
 0002:00000228       __imp_mexErrMsgIdAndTxt    000000018000e228     libmex:libmex.dll
 0002:00000230       __imp_mexAtExit            000000018000e230     libmex:libmex.dll
 0002:00000238       __imp_mexPutVariable       000000018000e238     libmex:libmex.dll
 0002:00000240       \177libmex_NULL_THUNK_DATA 000000018000e240     libmex:libmex.dll
 0002:00000248       __imp_muDoubleScalarAbs    000000018000e248     libmwmathutil:libmwmathutil.dll
 0002:00000250       __imp_muDoubleScalarSqrt   000000018000e250     libmwmathutil:libmwmathutil.dll
 0002:00000258       \177libmwmathutil_NULL_THUNK_DATA 000000018000e258     libmwmathutil:libmwmathutil.dll
 0002:00000260       __imp_mxCreateStructMatrix_700 000000018000e260     libmx:libmx.dll
 0002:00000268       __imp_mxCreateLogicalMatrix_700 000000018000e268     libmx:libmx.dll
 0002:00000270       __imp_mxCreateString       000000018000e270     libmx:libmx.dll
 0002:00000278       __imp_mxSetFieldByNumber_700 000000018000e278     libmx:libmx.dll
 0002:00000280       __imp_mxCreateCharArray_700 000000018000e280     libmx:libmx.dll
 0002:00000288       __imp_mxCreateDoubleScalar 000000018000e288     libmx:libmx.dll
 0002:00000290       __imp_mxCreateNumericArray_700 000000018000e290     libmx:libmx.dll
 0002:00000298       __imp_mxGetPr              000000018000e298     libmx:libmx.dll
 0002:000002a0       __imp_mxGetData            000000018000e2a0     libmx:libmx.dll
 0002:000002a8       \177libmx_NULL_THUNK_DATA  000000018000e2a8     libmx:libmx.dll
 0002:000002b0       __xc_a                     000000018000e2b0     MSVCRT:cinitexe.obj
 0002:000002b8       __xc_z                     000000018000e2b8     MSVCRT:cinitexe.obj
 0002:000002c0       __xi_a                     000000018000e2c0     MSVCRT:cinitexe.obj
 0002:000002d0       __xi_z                     000000018000e2d0     MSVCRT:cinitexe.obj
 0002:00000310       ??_C@_06BNJCAIGJ@double?$AA@ 000000018000e310     EffConstruct_mexutil.obj
 0002:00000318       ??_C@_03JLPAMFEP@CEP?$AA@  000000018000e318     EffConstruct_mexutil.obj
 0002:00000320       ??_C@_07JKANEHAK@MSKFlag?$AA@ 000000018000e320     EffConstruct_mexutil.obj
 0002:00000328       ??_C@_06JDCIGNAE@wedges?$AA@ 000000018000e328     EffConstruct_mexutil.obj
 0002:00000330       ??_C@_02MJKFDELA@RF?$AA@   000000018000e330     EffConstruct_mexutil.obj
 0002:00000334       ??_C@_02NFDNIBGH@RP?$AA@   000000018000e334     EffConstruct_mexutil.obj
 0002:00000338       ??_C@_09HCKAIFNJ@NbrDSSlns?$AA@ 000000018000e338     EffConstruct_mexutil.obj
 0002:00000344       ??_C@_04CAKMBDGI@FSLN?$AA@ 000000018000e344     EffConstruct_mexutil.obj
 0002:0000034c       ??_C@_04MPAMHBEK@PSLN?$AA@ 000000018000e34c     EffConstruct_mexutil.obj
 0002:00000358       ??_C@_07LEBBDAPA@NbrSlns?$AA@ 000000018000e358     EffConstruct_mexutil.obj
 0002:00000360       ??_C@_07DCAJEGJA@vnfaces?$AA@ 000000018000e360     EffConstruct_mexutil.obj
 0002:00000368       ??_C@_05HJGPBGGE@Mpath?$AA@ 000000018000e368     EffConstruct_mexutil.obj
 0002:00000370       ??_C@_06IMJFKBGE@recept?$AA@ 000000018000e370     EffConstruct_mexutil.obj
 0002:00000378       ??_C@_06MAIEDKPI@Nblock?$AA@ 000000018000e378     EffConstruct_mexutil.obj
 0002:00000380       ??_C@_06EAJIHGJF@Reflex?$AA@ 000000018000e380     EffConstruct_mexutil.obj
 0002:00000388       ??_C@_06FJKEMHGD@global?$AA@ 000000018000e388     EffConstruct_mexutil.obj
 0002:00000390       ??_C@_09PAGEECJB@oldReflex?$AA@ 000000018000e390     EffConstruct_mexutil.obj
 0002:000003a0       ??_C@_0FI@MHNLBBMK@C?3?1Mingming?1Master?5Thesis?1Superv@ 000000018000e3a0     EffConstruct_data.obj
 0002:000003f8       ??_C@_08FNHBNBED@Blocking?$AA@ 000000018000e3f8     EffConstruct_data.obj
 0002:00000410       ??_C@_0FM@JLELDEAF@C?3?1Mingming?1Master?5Thesis?1Superv@ 000000018000e410     EffConstruct_data.obj
 0002:00000470       ??_C@_0N@IPBDOBOC@EffConstruct?$AA@ 000000018000e470     EffConstruct_data.obj
 0002:0000047d       ??_C@_00CNPNBAHC@?$AA@     000000018000e47d     EffConstruct_initialize.obj
 0002:00000480       ??_C@_0FP@GCLCCOFH@C?3?1Mingming?1Master?5Thesis?1Superv@ 000000018000e480     EffConstruct_initialize.obj
 0002:000004e0       ??_C@_0BA@EGIHAIID@EffPointsImages?$AA@ 000000018000e4e0     EffConstruct_initialize.obj
 0002:000004f0       __real@4014000000000000    000000018000e4f0     EffConstruct_initialize.obj
 0002:000004f8       ??_C@_09PHFPPJHF@numberuse?$AA@ 000000018000e4f8     EffConstruct.obj
 0002:00000504       ??_C@_04BBDAIEHH@pass?$AA@ 000000018000e504     EffConstruct.obj
 0002:00000510       ??_C@_0L@BJMLIKJB@loopdomain?$AA@ 000000018000e510     EffConstruct.obj
 0002:00000520       ??_C@_09GCEHODFD@leveltemp?$AA@ 000000018000e520     EffConstruct.obj
 0002:0000052c       ??_C@_05BCJOPFFH@track?$AA@ 000000018000e52c     EffConstruct.obj
 0002:00000538       ??_C@_09DOFNKIOM@trackface?$AA@ 000000018000e538     EffConstruct.obj
 0002:00000548       __real@3d719799812dea11    000000018000e548     EffConstruct.obj
 0002:00000550       __real@4000000000000000    000000018000e550     EffConstruct.obj
 0002:00000558       __real@3ff0000000000000    000000018000e558     EffConstruct.obj
 0002:00000560       __real@4018000000000000    000000018000e560     EffConstruct.obj
 0002:00000570       __mask@@NegDouble@         000000018000e570     EffPointsImages.obj
 0002:00000580       __real@bff0000000000000    000000018000e580     EffPointsImages.obj
 0002:00000588       __real@4010000000000000    000000018000e588     EffPointsImages.obj
 0002:00000590       ??_C@_0FM@LHHNKFKA@C?3?1Mingming?1Master?5Thesis?1Superv@ 000000018000e590     Breakthrough.obj
 0002:000005f0       ??_C@_0N@FFCNHFKB@Breakthrough?$AA@ 000000018000e5f0     Breakthrough.obj
 0002:00000610       ??_C@_0FJ@JDLPGMLA@C?3?1Mingming?1Master?5Thesis?1Superv@ 000000018000e610     AppGround.obj
 0002:00000670       ??_C@_09PCODLGNE@AppGround?$AA@ 000000018000e670     AppGround.obj
 0002:00000680       ??_C@_0FH@DOFCEKAL@C?3?1Mingming?1Master?5Thesis?1Superv@ 000000018000e680     AppFace.obj
 0002:000006d8       ??_C@_07JOJCOIBL@AppFace?$AA@ 000000018000e6d8     AppFace.obj
 0002:000006e0       __real@3e45798ee2308c3a    000000018000e6e0     AppFace.obj
 0002:000006e8       __real@3ddb7cdfd9d7bdbb    000000018000e6e8     AppFace.obj
 0002:000006f0       __real@0000000000000000    000000018000e6f0     AppFace.obj
 0002:0000073c       ??_C@_04MKNBDEPB@exit?$AA@ 000000018000e73c     Blocking.obj
 0002:00000744       ??_C@_04GKMJMOBJ@disp?$AA@ 000000018000e744     Blocking.obj
 0002:00000750       __real@3eb0c6f7a0b5ed8d    000000018000e750     Blocking.obj
 0002:00000758       __real@3ff000010c6f7a0b    000000018000e758     Blocking.obj
 0002:00000760       __real@beb0c6f7a0b5ed8d    000000018000e760     Blocking.obj
 0002:00000768       __real@3f50624dd2f1a9fc    000000018000e768     Blocking.obj
 0002:00000770       __real@0010000000000000    000000018000e770     norm.obj
 0002:00000778       ??_C@_0BB@BBKJJMMF@EffConstruct_api?$AA@ 000000018000e778     EffConstruct_api.obj
 0002:0000078c       ??_C@_05EMADKBEC@rvsds?$AA@ 000000018000e78c     EffConstruct_api.obj
 0002:00000794       ??_C@_02LEKABFJP@tx?$AA@   000000018000e794     EffConstruct_api.obj
 0002:00000798       ??_C@_06OGDHFKJF@OrdRef?$AA@ 000000018000e798     EffConstruct_api.obj
 0002:000007a0       ??_C@_0CH@DLJMAEFE@emlcoder?3emlmex?3TooManyOutputArg@ 000000018000e7a0     EffConstruct_mex.obj
 0002:000007c8       ??_C@_0DK@PEOIHLCG@Too?5many?5output?5arguments?5for?5en@ 000000018000e7c8     EffConstruct_mex.obj
 0002:00000808       ??_C@_0CE@IHHIPLIO@emlcoder?3emlmex?3WrongNumberOfInp@ 000000018000e808     EffConstruct_mex.obj
 0002:00000830       ??_C@_0DC@EEOKEFIL@3?5inputs?5required?5for?5entry?9poin@ 000000018000e830     EffConstruct_mex.obj
 0002:00000868       ??_C@_0BD@NDMMKFEF@8?40?40?4783?5?$CIR2012b?$CJ?$AA@ 000000018000e868     EffConstruct_mex.obj
 0002:00000880       __real@4008000000000000    000000018000e880     EffConstruct_mex.obj
 0002:00000888       ??_C@_0P@FDPDNMBC@ConstantInputs?$AA@ 000000018000e888     EffConstruct_mex.obj
 0002:00000898       ??_C@_0BA@HBLCOFA@NumberOfOutputs?$AA@ 000000018000e898     EffConstruct_mex.obj
 0002:000008a8       ??_C@_0P@DJPKAEOC@NumberOfInputs?$AA@ 000000018000e8a8     EffConstruct_mex.obj
 0002:000008b8       ??_C@_04FABLJDN@Name?$AA@  000000018000e8b8     EffConstruct_mex.obj
 0002:000008c0       ??_C@_0M@HOOGCLMJ@EntryPoints?$AA@ 000000018000e8c0     EffConstruct_mex.obj
 0002:000008d0       ??_C@_07NGFJPNPN@Version?$AA@ 000000018000e8d0     EffConstruct_mex.obj
 0002:000008d8       _pDefaultRawDllMain        000000018000e8d8     MSVCRT:crtdll.obj
 0002:000008d8       _pRawDllMain               000000018000e8d8     MSVCRT:crtdll.obj
 0002:000008f0       __rtc_iaa                  000000018000e8f0     MSVCRT:_initsect_.obj
 0002:000008f8       __rtc_izz                  000000018000e8f8     MSVCRT:_initsect_.obj
 0002:00000900       __rtc_taa                  000000018000e900     MSVCRT:_initsect_.obj
 0002:00000908       __rtc_tzz                  000000018000e908     MSVCRT:_initsect_.obj
 0002:00000f04       __IMPORT_DESCRIPTOR_libmx  000000018000ef04     libmx:libmx.dll
 0002:00000f18       __IMPORT_DESCRIPTOR_libmex 000000018000ef18     libmex:libmex.dll
 0002:00000f2c       __IMPORT_DESCRIPTOR_libemlrt 000000018000ef2c     libemlrt:libemlrt.dll
 0002:00000f40       __IMPORT_DESCRIPTOR_libmwmathutil 000000018000ef40     libmwmathutil:libmwmathutil.dll
 0002:00000f54       __IMPORT_DESCRIPTOR_MSVCR100 000000018000ef54     MSVCRT:MSVCR100.dll
 0002:00000f68       __IMPORT_DESCRIPTOR_KERNEL32 000000018000ef68     kernel32:KERNEL32.dll
 0002:00000f7c       __NULL_IMPORT_DESCRIPTOR   000000018000ef7c     libmx:libmx.dll
 0003:00000000       b_emlrtRTEI                0000000180010000     EffConstruct_data.obj
 0003:00000018       c_emlrtRTEI                0000000180010018     EffConstruct_data.obj
 0003:00000030       f_emlrtRTEI                0000000180010030     EffConstruct_data.obj
 0003:00000048       j_emlrtRTEI                0000000180010048     EffConstruct_data.obj
 0003:00000060       k_emlrtRTEI                0000000180010060     EffConstruct_data.obj
 0003:00002510       emlrtContextGlobal         0000000180012510     EffConstruct_mex.obj
 0003:00002550       __security_cookie          0000000180012550     MSVCRT:gs_cookie.obj
 0003:00002558       __security_cookie_complement 0000000180012558     MSVCRT:gs_cookie.obj
 0003:00002560       _fltused                   0000000180012560     MSVCRT:dllsupp.obj
 0003:00002570       __native_dllmain_reason    0000000180012570     MSVCRT:natstart.obj
 0003:00002574       __native_vcclrit_reason    0000000180012574     MSVCRT:natstart.obj
 0003:00002580       emlrtRootTLSGlobal         0000000180012580     EffConstruct_mex.obj
 0003:00002b00       ?__type_info_root_node@@3U__type_info_node@@A 0000000180012b00     MSVCRT:tncleanup.obj
 0003:00002b20       MSKFlag                    0000000180012b20     <common>
 0003:00002fe0       vnfaces                    0000000180012fe0     <common>
 0003:00008460       CEP                        0000000180018460     <common>
 0003:00008918       NbrDSSlns_dirty            0000000180018918     <common>
 0003:0000891c       FSLN_dirty                 000000018001891c     <common>
 0003:00008920       CEP_dirty                  0000000180018920     <common>
 0003:00008940       NbrDSSlns                  0000000180018940     <common>
 0003:000089c0       oldReflex                  00000001800189c0     <common>
 0003:000089c8       Nblock_dirty               00000001800189c8     <common>
 0003:000089cc       wedges_dirty               00000001800189cc     <common>
 0003:000089e0       NbrSlns                    00000001800189e0     <common>
 0003:00008a60       wedges                     0000000180018a60     <common>
 0003:00008a68       PSLN_dirty                 0000000180018a68     <common>
 0003:00008a6c       Reflex_dirty               0000000180018a6c     <common>
 0003:00008a70       MSKFlag_dirty              0000000180018a70     <common>
 0003:00008a74       RF_dirty                   0000000180018a74     <common>
 0003:00008a78       Mpath_dirty                0000000180018a78     <common>
 0003:00008a80       recept                     0000000180018a80     <common>
 0003:00008a98       oldReflex_dirty            0000000180018a98     <common>
 0003:00008aa0       RP                         0000000180018aa0     <common>
 0003:00008aa8       Mpath                      0000000180018aa8     <common>
 0003:00008ab0       FSLN                       0000000180018ab0     <common>
 0003:00008ab8       vnfaces_dirty              0000000180018ab8     <common>
 0003:00008ac0       RF                         0000000180018ac0     <common>
 0003:00008ac8       Nblock                     0000000180018ac8     <common>
 0003:00008ad0       RP_dirty                   0000000180018ad0     <common>
 0003:00008ad8       Reflex                     0000000180018ad8     <common>
 0003:00008ae0       PSLN                       0000000180018ae0     <common>
 0003:00008ae8       NbrSlns_dirty              0000000180018ae8     <common>
 0003:00008af0       emlrtBreakCheckR2012bFlagVar 0000000180018af0     <common>
 0003:00008af8       recept_dirty               0000000180018af8     <common>
 0003:00008afc       __native_startup_state     0000000180018afc     <common>
 0003:00008b00       __native_startup_lock      0000000180018b00     <common>
 0003:00008b08       __onexitend                0000000180018b08     <common>
 0003:00008b10       __onexitbegin              0000000180018b10     <common>
 0003:00008b18       __dyn_tls_init_callback    0000000180018b18     <common>

 entry point at        0001:0000c50c

 Static symbols

 0001:00000000       bb_emlrt_marshallIn        0000000180001000 f   EffConstruct_mexutil.obj
 0001:000000f0       cb_emlrt_marshallIn        00000001800010f0 f   EffConstruct_mexutil.obj
 0001:000001e0       db_emlrt_marshallIn        00000001800011e0 f   EffConstruct_mexutil.obj
 0001:000002f0       x_emlrt_marshallIn         00000001800012f0 f   EffConstruct_mexutil.obj
 0001:000003f0       y_emlrt_marshallIn         00000001800013f0 f   EffConstruct_mexutil.obj
 0001:000024b0       EffConstruct_once          00000001800034b0 f   EffConstruct_initialize.obj
 0001:0000a9b0       c_emlrt_marshallIn         000000018000b9b0 f   EffConstruct_api.obj
 0001:0000bcd0       EffConstruct_mexFunction   000000018000ccd0 f   EffConstruct_mex.obj
 0001:0000c114       pre_c_init                 000000018000d114 f   MSVCRT:crtdll.obj
 0001:0000c3d0       __DllMainCRTStartup        000000018000d3d0 f   MSVCRT:crtdll.obj
 0001:0000c9d0       __DllMainCRTStartup$filt$0 000000018000d9d0 f   MSVCRT:crtdll.obj
 0001:0000ca00       __DllMainCRTStartup$fin$1  000000018000da00 f   MSVCRT:crtdll.obj
 0001:0000ca1a       _onexit$fin$0              000000018000da1a f   MSVCRT:atonexit.obj
 0001:0000ca40       _IsNonwritableInCurrentImage$filt$0 000000018000da40 f   MSVCRT:pesect.obj
