 Construct

 Timestamp is 52b45edf (Fri Dec 20 16:14:39 2013)

 Preferred load address is 0000000180000000

 Start         Length     Name                   Class
 0001:00000000 00005d12H .text                   CODE
 0001:00005d20 00000092H .text$x                 CODE
 0002:00000000 00000280H .idata$5                DATA
 0002:00000280 00000008H .CRT$XCA                DATA
 0002:00000288 00000008H .CRT$XCZ                DATA
 0002:00000290 00000008H .CRT$XIA                DATA
 0002:00000298 00000008H .CRT$XIAA               DATA
 0002:000002a0 00000008H .CRT$XIZ                DATA
 0002:000002b0 00000460H .rdata                  DATA
 0002:00000710 00000008H .rtc$IAA                DATA
 0002:00000718 00000008H .rtc$IZZ                DATA
 0002:00000720 00000008H .rtc$TAA                DATA
 0002:00000728 00000008H .rtc$TZZ                DATA
 0002:00000730 0000035cH .xdata                  DATA
 0002:00000a8c 00000078H .idata$2                DATA
 0002:00000b04 00000014H .idata$3                DATA
 0002:00000b18 00000280H .idata$4                DATA
 0002:00000d98 00000696H .idata$6                DATA
 0002:00001430 000000c0H .edata                  DATA
 0003:00000000 00000e68H .data                   DATA
 0003:00000e80 00005b78H .bss                    DATA
 0004:00000000 00000270H .pdata                  DATA

  Address         Publics by Value              Rva+Base               Lib:Object

 0000:00000000       ___safe_se_handler_count   0000000000000000     <absolute>
 0000:00000000       ___safe_se_handler_table   0000000000000000     <absolute>
 0000:00000000       __ImageBase                0000000180000000     <linker-defined>
 0001:000003e0       Construct_initialize       00000001800013e0 f   Construct_initialize.obj
 0001:00000450       Construct_atexit           0000000180001450 f   Construct_terminate.obj
 0001:000004b0       Construct_terminate        00000001800014b0 f   Construct_terminate.obj
 0001:000004d0       Construct                  00000001800014d0 f   Construct.obj
 0001:00001090       PointsImages               0000000180002090 f   PointsImages.obj
 0001:00003710       AppGround                  0000000180004710 f   AppGround.obj
 0001:00004380       Construct_api              0000000180005380 f   Construct_api.obj
 0001:00004e20       emxEnsureCapacity          0000000180005e20 f   Construct_emxutil.obj
 0001:00004f30       emxFree_real_T             0000000180005f30 f   Construct_emxutil.obj
 0001:00004f30       emxFree_int32_T            0000000180005f30 f   Construct_emxutil.obj
 0001:00004f70       emxInit_real_T             0000000180005f70 f   Construct_emxutil.obj
 0001:00004f70       b_emxInit_real_T           0000000180005f70 f   Construct_emxutil.obj
 0001:00004f70       emxInit_int32_T            0000000180005f70 f   Construct_emxutil.obj
 0001:00004f70       c_emxInit_real_T           0000000180005f70 f   Construct_emxutil.obj
 0001:000050c0       Construct_atexit_wrapper   00000001800060c0 f   Construct_mex.obj
 0001:000050d0       mexFunction                00000001800060d0 f   Construct_mex.obj
 0001:00005110       emlrtMexFcnProperties      0000000180006110 f   Construct_mex.obj
 0001:00005246       mxGetPr                    0000000180006246 f   libmx:libmx.dll
 0001:0000524c       mxCreateNumericArray_700   000000018000624c f   libmx:libmx.dll
 0001:00005252       mxCreateDoubleScalar       0000000180006252 f   libmx:libmx.dll
 0001:00005258       mxGetData                  0000000180006258 f   libmx:libmx.dll
 0001:0000525e       mxSetFieldByNumber_700     000000018000625e f   libmx:libmx.dll
 0001:00005264       mxCreateString             0000000180006264 f   libmx:libmx.dll
 0001:0000526a       mxCreateLogicalMatrix_700  000000018000626a f   libmx:libmx.dll
 0001:00005270       mxCreateStructMatrix_700   0000000180006270 f   libmx:libmx.dll
 0001:00005276       mexPutVariable             0000000180006276 f   libmex:libmex.dll
 0001:0000527c       mexGetVariable             000000018000627c f   libmex:libmex.dll
 0001:00005282       mexErrMsgIdAndTxt          0000000180006282 f   libmex:libmex.dll
 0001:00005288       mexAtExit                  0000000180006288 f   libmex:libmex.dll
 0001:0000528e       emlrtFirstTimeR2012b       000000018000628e f   libemlrt:libemlrt.dll
 0001:00005294       emlrtEnterRtStackR2012b    0000000180006294 f   libemlrt:libemlrt.dll
 0001:0000529a       emlrtClearAllocCountR2012b 000000018000629a f   libemlrt:libemlrt.dll
 0001:000052a0       emlrtCreateRootTLS         00000001800062a0 f   libemlrt:libemlrt.dll
 0001:000052a6       emlrtGetBreakCheckFlagAddressR2012b 00000001800062a6 f   libemlrt:libemlrt.dll
 0001:000052ac       emlrtDestroyRootTLS        00000001800062ac f   libemlrt:libemlrt.dll
 0001:000052b2       emlrtLeaveRtStackR2012b    00000001800062b2 f   libemlrt:libemlrt.dll
 0001:000052b8       emlrtHeapReferenceStackLeaveFcnR2012b 00000001800062b8 f   libemlrt:libemlrt.dll
 0001:000052be       emlrtBreakCheckR2012b      00000001800062be f   libemlrt:libemlrt.dll
 0001:000052c4       emlrtPopRtStackR2012b      00000001800062c4 f   libemlrt:libemlrt.dll
 0001:000052ca       emlrtPushRtStackR2012b     00000001800062ca f   libemlrt:libemlrt.dll
 0001:000052d0       emlrtForLoopVectorCheckR2012b 00000001800062d0 f   libemlrt:libemlrt.dll
 0001:000052d6       emlrtDynamicBoundsCheckR2012b 00000001800062d6 f   libemlrt:libemlrt.dll
 0001:000052dc       emlrtIntegerCheckR2012b    00000001800062dc f   libemlrt:libemlrt.dll
 0001:000052e2       emlrtNonNegativeCheckR2012b 00000001800062e2 f   libemlrt:libemlrt.dll
 0001:000052e8       emlrtHeapReferenceStackEnterFcnR2012b 00000001800062e8 f   libemlrt:libemlrt.dll
 0001:000052ee       emlrtAssign                00000001800062ee f   libemlrt:libemlrt.dll
 0001:000052f4       emlrtDestroyArray          00000001800062f4 f   libemlrt:libemlrt.dll
 0001:000052fa       emlrtCheckBuiltInR2012b    00000001800062fa f   libemlrt:libemlrt.dll
 0001:00005300       emlrtImportArrayR2011b     0000000180006300 f   libemlrt:libemlrt.dll
 0001:00005306       emlrtCheckVsBuiltInR2012b  0000000180006306 f   libemlrt:libemlrt.dll
 0001:0000530c       emlrtAlias                 000000018000630c f   libemlrt:libemlrt.dll
 0001:00005312       emlrtAliasP                0000000180006312 f   libemlrt:libemlrt.dll
 0001:00005318       emlrtFreeMex               0000000180006318 f   libemlrt:libemlrt.dll
 0001:0000531e       emlrtHeapAllocationErrorR2012b 000000018000631e f   libemlrt:libemlrt.dll
 0001:00005324       emlrtCallocMex             0000000180006324 f   libemlrt:libemlrt.dll
 0001:0000532a       emlrtSizeMulR2012b         000000018000632a f   libemlrt:libemlrt.dll
 0001:00005330       emlrtPushHeapReferenceStackR2012b 0000000180006330 f   libemlrt:libemlrt.dll
 0001:00005336       emlrtMallocMex             0000000180006336 f   libemlrt:libemlrt.dll
 0001:0000533c       muDoubleScalarAbs          000000018000633c f   libmwmathutil:libmwmathutil.dll
 0001:00005344       __GSHandlerCheckCommon     0000000180006344 f   MSVCRT:gshandler.obj
 0001:000053a8       __GSHandlerCheck           00000001800063a8 f   MSVCRT:gshandler.obj
 0001:000053e0       __security_check_cookie    00000001800063e0 f   MSVCRT:amdsecgs.obj
 0001:00005410       _alloca_probe              0000000180006410     MSVCRT:chkstk.obj
 0001:00005410       __chkstk                   0000000180006410 f   MSVCRT:chkstk.obj
 0001:0000545e       memcpy                     000000018000645e f   MSVCRT:MSVCR100.dll
 0001:000054c4       _CRT_INIT                  00000001800064c4 f   MSVCRT:crtdll.obj
 0001:0000585c       _DllMainCRTStartup         000000018000685c f   MSVCRT:crtdll.obj
 0001:0000589c       __report_gsfailure         000000018000689c f   MSVCRT:gs_report.obj
 0001:000059e8       __clean_type_info_names    00000001800069e8 f   MSVCRT:tncleanup.obj
 0001:000059f4       _onexit                    00000001800069f4 f   MSVCRT:atonexit.obj
 0001:00005aa4       atexit                     0000000180006aa4 f   MSVCRT:atonexit.obj
 0001:00005abc       _RTC_Initialize            0000000180006abc f   MSVCRT:_initsect_.obj
 0001:00005af4       _RTC_Terminate             0000000180006af4 f   MSVCRT:_initsect_.obj
 0001:00005b30       _ValidateImageBase         0000000180006b30 f   MSVCRT:pesect.obj
 0001:00005b60       _FindPESection             0000000180006b60 f   MSVCRT:pesect.obj
 0001:00005bb0       _IsNonwritableInCurrentImage 0000000180006bb0 f   MSVCRT:pesect.obj
 0001:00005bf2       _initterm                  0000000180006bf2 f   MSVCRT:MSVCR100.dll
 0001:00005bf8       _initterm_e                0000000180006bf8 f   MSVCRT:MSVCR100.dll
 0001:00005bfe       _amsg_exit                 0000000180006bfe f   MSVCRT:MSVCR100.dll
 0001:00005c04       __C_specific_handler       0000000180006c04 f   MSVCRT:MSVCR100.dll
 0001:00005c0a       __CppXcptFilter            0000000180006c0a f   MSVCRT:MSVCR100.dll
 0001:00005c10       DllMain                    0000000180006c10 f   MSVCRT:dllmain.obj
 0001:00005c34       __security_init_cookie     0000000180006c34 f   MSVCRT:gs_support.obj
 0001:00005ce8       __crt_debugger_hook        0000000180006ce8 f   MSVCRT:MSVCR100.dll
 0001:00005cee       __clean_type_info_names_internal 0000000180006cee f   MSVCRT:MSVCR100.dll
 0001:00005cf4       _unlock                    0000000180006cf4 f   MSVCRT:MSVCR100.dll
 0001:00005cfa       __dllonexit                0000000180006cfa f   MSVCRT:MSVCR100.dll
 0001:00005d00       _lock                      0000000180006d00 f   MSVCRT:MSVCR100.dll
 0001:00005d06       RtlVirtualUnwind           0000000180006d06 f   kernel32:KERNEL32.dll
 0001:00005d0c       RtlLookupFunctionEntry     0000000180006d0c f   kernel32:KERNEL32.dll
 0002:00000000       __imp_GetSystemTimeAsFileTime 0000000180007000     kernel32:KERNEL32.dll
 0002:00000008       __imp_GetCurrentProcessId  0000000180007008     kernel32:KERNEL32.dll
 0002:00000010       __imp_GetCurrentThreadId   0000000180007010     kernel32:KERNEL32.dll
 0002:00000018       __imp_GetTickCount         0000000180007018     kernel32:KERNEL32.dll
 0002:00000020       __imp_QueryPerformanceCounter 0000000180007020     kernel32:KERNEL32.dll
 0002:00000028       __imp_DisableThreadLibraryCalls 0000000180007028     kernel32:KERNEL32.dll
 0002:00000030       __imp_RtlCaptureContext    0000000180007030     kernel32:KERNEL32.dll
 0002:00000038       __imp_RtlLookupFunctionEntry 0000000180007038     kernel32:KERNEL32.dll
 0002:00000040       __imp_RtlVirtualUnwind     0000000180007040     kernel32:KERNEL32.dll
 0002:00000048       __imp_IsDebuggerPresent    0000000180007048     kernel32:KERNEL32.dll
 0002:00000050       __imp_SetUnhandledExceptionFilter 0000000180007050     kernel32:KERNEL32.dll
 0002:00000058       __imp_UnhandledExceptionFilter 0000000180007058     kernel32:KERNEL32.dll
 0002:00000060       __imp_GetCurrentProcess    0000000180007060     kernel32:KERNEL32.dll
 0002:00000068       __imp_EncodePointer        0000000180007068     kernel32:KERNEL32.dll
 0002:00000070       __imp_Sleep                0000000180007070     kernel32:KERNEL32.dll
 0002:00000078       __imp_TerminateProcess     0000000180007078     kernel32:KERNEL32.dll
 0002:00000080       __imp_DecodePointer        0000000180007080     kernel32:KERNEL32.dll
 0002:00000088       \177KERNEL32_NULL_THUNK_DATA 0000000180007088     kernel32:KERNEL32.dll
 0002:00000090       __imp__onexit              0000000180007090     MSVCRT:MSVCR100.dll
 0002:00000098       __imp___dllonexit          0000000180007098     MSVCRT:MSVCR100.dll
 0002:000000a0       __imp__unlock              00000001800070a0     MSVCRT:MSVCR100.dll
 0002:000000a8       __imp___clean_type_info_names_internal 00000001800070a8     MSVCRT:MSVCR100.dll
 0002:000000b0       __imp___crt_debugger_hook  00000001800070b0     MSVCRT:MSVCR100.dll
 0002:000000b8       __imp___CppXcptFilter      00000001800070b8     MSVCRT:MSVCR100.dll
 0002:000000c0       __imp___C_specific_handler 00000001800070c0     MSVCRT:MSVCR100.dll
 0002:000000c8       __imp__amsg_exit           00000001800070c8     MSVCRT:MSVCR100.dll
 0002:000000d0       __imp__encoded_null        00000001800070d0     MSVCRT:MSVCR100.dll
 0002:000000d8       __imp_free                 00000001800070d8     MSVCRT:MSVCR100.dll
 0002:000000e0       __imp__initterm_e          00000001800070e0     MSVCRT:MSVCR100.dll
 0002:000000e8       __imp__initterm            00000001800070e8     MSVCRT:MSVCR100.dll
 0002:000000f0       __imp__malloc_crt          00000001800070f0     MSVCRT:MSVCR100.dll
 0002:000000f8       __imp_memcpy               00000001800070f8     MSVCRT:MSVCR100.dll
 0002:00000100       __imp__lock                0000000180007100     MSVCRT:MSVCR100.dll
 0002:00000108       \177MSVCR100_NULL_THUNK_DATA 0000000180007108     MSVCRT:MSVCR100.dll
 0002:00000110       __imp_emlrtCheckVsBuiltInR2012b 0000000180007110     libemlrt:libemlrt.dll
 0002:00000118       __imp_emlrtAlias           0000000180007118     libemlrt:libemlrt.dll
 0002:00000120       __imp_emlrtAliasP          0000000180007120     libemlrt:libemlrt.dll
 0002:00000128       __imp_emlrtFreeMex         0000000180007128     libemlrt:libemlrt.dll
 0002:00000130       __imp_emlrtHeapAllocationErrorR2012b 0000000180007130     libemlrt:libemlrt.dll
 0002:00000138       __imp_emlrtImportArrayR2011b 0000000180007138     libemlrt:libemlrt.dll
 0002:00000140       __imp_emlrtSizeMulR2012b   0000000180007140     libemlrt:libemlrt.dll
 0002:00000148       __imp_emlrtPushHeapReferenceStackR2012b 0000000180007148     libemlrt:libemlrt.dll
 0002:00000150       __imp_emlrtMallocMex       0000000180007150     libemlrt:libemlrt.dll
 0002:00000158       __imp_emlrtClearAllocCountR2012b 0000000180007158     libemlrt:libemlrt.dll
 0002:00000160       __imp_emlrtEnterRtStackR2012b 0000000180007160     libemlrt:libemlrt.dll
 0002:00000168       __imp_emlrtCreateRootTLS   0000000180007168     libemlrt:libemlrt.dll
 0002:00000170       __imp_emlrtDestroyArray    0000000180007170     libemlrt:libemlrt.dll
 0002:00000178       __imp_emlrtAssign          0000000180007178     libemlrt:libemlrt.dll
 0002:00000180       __imp_emlrtHeapReferenceStackEnterFcnR2012b 0000000180007180     libemlrt:libemlrt.dll
 0002:00000188       __imp_emlrtNonNegativeCheckR2012b 0000000180007188     libemlrt:libemlrt.dll
 0002:00000190       __imp_emlrtIntegerCheckR2012b 0000000180007190     libemlrt:libemlrt.dll
 0002:00000198       __imp_emlrtDynamicBoundsCheckR2012b 0000000180007198     libemlrt:libemlrt.dll
 0002:000001a0       __imp_emlrtForLoopVectorCheckR2012b 00000001800071a0     libemlrt:libemlrt.dll
 0002:000001a8       __imp_emlrtPushRtStackR2012b 00000001800071a8     libemlrt:libemlrt.dll
 0002:000001b0       __imp_emlrtPopRtStackR2012b 00000001800071b0     libemlrt:libemlrt.dll
 0002:000001b8       __imp_emlrtBreakCheckR2012b 00000001800071b8     libemlrt:libemlrt.dll
 0002:000001c0       __imp_emlrtHeapReferenceStackLeaveFcnR2012b 00000001800071c0     libemlrt:libemlrt.dll
 0002:000001c8       __imp_emlrtLeaveRtStackR2012b 00000001800071c8     libemlrt:libemlrt.dll
 0002:000001d0       __imp_emlrtDestroyRootTLS  00000001800071d0     libemlrt:libemlrt.dll
 0002:000001d8       __imp_emlrtCallocMex       00000001800071d8     libemlrt:libemlrt.dll
 0002:000001e0       __imp_emlrtGetBreakCheckFlagAddressR2012b 00000001800071e0     libemlrt:libemlrt.dll
 0002:000001e8       __imp_emlrtFirstTimeR2012b 00000001800071e8     libemlrt:libemlrt.dll
 0002:000001f0       __imp_emlrtCheckBuiltInR2012b 00000001800071f0     libemlrt:libemlrt.dll
 0002:000001f8       \177libemlrt_NULL_THUNK_DATA 00000001800071f8     libemlrt:libemlrt.dll
 0002:00000200       __imp_mexGetVariable       0000000180007200     libmex:libmex.dll
 0002:00000208       __imp_mexAtExit            0000000180007208     libmex:libmex.dll
 0002:00000210       __imp_mexErrMsgIdAndTxt    0000000180007210     libmex:libmex.dll
 0002:00000218       __imp_mexPutVariable       0000000180007218     libmex:libmex.dll
 0002:00000220       \177libmex_NULL_THUNK_DATA 0000000180007220     libmex:libmex.dll
 0002:00000228       __imp_muDoubleScalarAbs    0000000180007228     libmwmathutil:libmwmathutil.dll
 0002:00000230       \177libmwmathutil_NULL_THUNK_DATA 0000000180007230     libmwmathutil:libmwmathutil.dll
 0002:00000238       __imp_mxCreateStructMatrix_700 0000000180007238     libmx:libmx.dll
 0002:00000240       __imp_mxCreateLogicalMatrix_700 0000000180007240     libmx:libmx.dll
 0002:00000248       __imp_mxCreateString       0000000180007248     libmx:libmx.dll
 0002:00000250       __imp_mxSetFieldByNumber_700 0000000180007250     libmx:libmx.dll
 0002:00000258       __imp_mxGetData            0000000180007258     libmx:libmx.dll
 0002:00000260       __imp_mxCreateDoubleScalar 0000000180007260     libmx:libmx.dll
 0002:00000268       __imp_mxCreateNumericArray_700 0000000180007268     libmx:libmx.dll
 0002:00000270       __imp_mxGetPr              0000000180007270     libmx:libmx.dll
 0002:00000278       \177libmx_NULL_THUNK_DATA  0000000180007278     libmx:libmx.dll
 0002:00000280       __xc_a                     0000000180007280     MSVCRT:cinitexe.obj
 0002:00000288       __xc_z                     0000000180007288     MSVCRT:cinitexe.obj
 0002:00000290       __xi_a                     0000000180007290     MSVCRT:cinitexe.obj
 0002:000002a0       __xi_z                     00000001800072a0     MSVCRT:cinitexe.obj
 0002:000002b0       ??_C@_0FH@DOFCEKAL@C?3?1Mingming?1Master?5Thesis?1Superv@ 00000001800072b0     Construct_data.obj
 0002:00000308       ??_C@_07JOJCOIBL@AppFace?$AA@ 0000000180007308     Construct_data.obj
 0002:00000310       ??_C@_06JDCIGNAE@wedges?$AA@ 0000000180007310     Construct_data.obj
 0002:00000320       ??_C@_0FM@GOMFCEOD@C?3?1Mingming?1Master?5Thesis?1Superv@ 0000000180007320     Construct_data.obj
 0002:00000380       ??_C@_0N@OFLEHLDG@PointsImages?$AA@ 0000000180007380     Construct_data.obj
 0002:00000390       ??_C@_0FJ@GANPIFAA@C?3?1Mingming?1Master?5Thesis?1Superv@ 0000000180007390     Construct_data.obj
 0002:000003f0       ??_C@_09LMEBHIDN@Construct?$AA@ 00000001800073f0     Construct_data.obj
 0002:000003fa       ??_C@_00CNPNBAHC@?$AA@     00000001800073fa     Construct_initialize.obj
 0002:00000400       __real@4014000000000000    0000000180007400     Construct_initialize.obj
 0002:00000408       ??_C@_06JMBECOMB@Nbrimg?$AA@ 0000000180007408     Construct.obj
 0002:00000410       ??_C@_05JJNLIFGE@Mtrun?$AA@ 0000000180007410     Construct.obj
 0002:00000418       ??_C@_01PLPBNMEI@M?$AA@    0000000180007418     Construct.obj
 0002:00000420       __real@3ff0000000000000    0000000180007420     Construct.obj
 0002:00000428       ??_C@_07DCAJEGJA@vnfaces?$AA@ 0000000180007428     PointsImages.obj
 0002:00000430       ??_C@_0FM@LHHNKFKA@C?3?1Mingming?1Master?5Thesis?1Superv@ 0000000180007430     PointsImages.obj
 0002:00000490       ??_C@_0N@FFCNHFKB@Breakthrough?$AA@ 0000000180007490     PointsImages.obj
 0002:000004a8       __real@3e45798ee2308c3a    00000001800074a8     PointsImages.obj
 0002:000004b0       __real@3ddb7cdfd9d7bdbb    00000001800074b0     PointsImages.obj
 0002:000004b8       __real@0000000000000000    00000001800074b8     PointsImages.obj
 0002:000004c0       __real@4000000000000000    00000001800074c0     PointsImages.obj
 0002:000004d0       __mask@@NegDouble@         00000001800074d0     PointsImages.obj
 0002:000004e0       __real@bff0000000000000    00000001800074e0     PointsImages.obj
 0002:000004e8       __real@4010000000000000    00000001800074e8     PointsImages.obj
 0002:000004f0       ??_C@_0FJ@JDLPGMLA@C?3?1Mingming?1Master?5Thesis?1Superv@ 00000001800074f0     AppGround.obj
 0002:00000550       ??_C@_09PCODLGNE@AppGround?$AA@ 0000000180007550     AppGround.obj
 0002:00000560       ??_C@_0O@KKABOILF@Construct_api?$AA@ 0000000180007560     Construct_api.obj
 0002:00000594       ??_C@_06BNJCAIGJ@double?$AA@ 0000000180007594     Construct_api.obj
 0002:0000059c       ??_C@_06IMJFKBGE@recept?$AA@ 000000018000759c     Construct_api.obj
 0002:000005a4       ??_C@_06NJPJBDDH@Nreflx?$AA@ 00000001800075a4     Construct_api.obj
 0002:000005b0       ??_C@_08BHPCAFBD@DBIMAGES?$AA@ 00000001800075b0     Construct_api.obj
 0002:000005bc       ??_C@_06MAIEDKPI@Nblock?$AA@ 00000001800075bc     Construct_api.obj
 0002:000005c4       ??_C@_06FJKEMHGD@global?$AA@ 00000001800075c4     Construct_api.obj
 0002:000005cc       ??_C@_06OGDHFKJF@OrdRef?$AA@ 00000001800075cc     Construct_api.obj
 0002:000005d8       ??_C@_0CH@DLJMAEFE@emlcoder?3emlmex?3TooManyOutputArg@ 00000001800075d8     Construct_mex.obj
 0002:00000600       ??_C@_0DH@DAINNALG@Too?5many?5output?5arguments?5for?5en@ 0000000180007600     Construct_mex.obj
 0002:00000638       ??_C@_0CE@IHHIPLIO@emlcoder?3emlmex?3WrongNumberOfInp@ 0000000180007638     Construct_mex.obj
 0002:00000660       ??_C@_0CO@FJBAIFNI@1?5input?5required?5for?5entry?9point@ 0000000180007660     Construct_mex.obj
 0002:00000690       ??_C@_0BD@NDMMKFEF@8?40?40?4783?5?$CIR2012b?$CJ?$AA@ 0000000180007690     Construct_mex.obj
 0002:000006a8       ??_C@_0P@FDPDNMBC@ConstantInputs?$AA@ 00000001800076a8     Construct_mex.obj
 0002:000006b8       ??_C@_0BA@HBLCOFA@NumberOfOutputs?$AA@ 00000001800076b8     Construct_mex.obj
 0002:000006c8       ??_C@_0P@DJPKAEOC@NumberOfInputs?$AA@ 00000001800076c8     Construct_mex.obj
 0002:000006d8       ??_C@_04FABLJDN@Name?$AA@  00000001800076d8     Construct_mex.obj
 0002:000006e0       ??_C@_0M@HOOGCLMJ@EntryPoints?$AA@ 00000001800076e0     Construct_mex.obj
 0002:000006f0       ??_C@_07NGFJPNPN@Version?$AA@ 00000001800076f0     Construct_mex.obj
 0002:000006f8       _pRawDllMain               00000001800076f8     MSVCRT:crtdll.obj
 0002:000006f8       _pDefaultRawDllMain        00000001800076f8     MSVCRT:crtdll.obj
 0002:00000710       __rtc_iaa                  0000000180007710     MSVCRT:_initsect_.obj
 0002:00000718       __rtc_izz                  0000000180007718     MSVCRT:_initsect_.obj
 0002:00000720       __rtc_taa                  0000000180007720     MSVCRT:_initsect_.obj
 0002:00000728       __rtc_tzz                  0000000180007728     MSVCRT:_initsect_.obj
 0002:00000a8c       __IMPORT_DESCRIPTOR_libmx  0000000180007a8c     libmx:libmx.dll
 0002:00000aa0       __IMPORT_DESCRIPTOR_libmex 0000000180007aa0     libmex:libmex.dll
 0002:00000ab4       __IMPORT_DESCRIPTOR_libemlrt 0000000180007ab4     libemlrt:libemlrt.dll
 0002:00000ac8       __IMPORT_DESCRIPTOR_libmwmathutil 0000000180007ac8     libmwmathutil:libmwmathutil.dll
 0002:00000adc       __IMPORT_DESCRIPTOR_MSVCR100 0000000180007adc     MSVCRT:MSVCR100.dll
 0002:00000af0       __IMPORT_DESCRIPTOR_KERNEL32 0000000180007af0     kernel32:KERNEL32.dll
 0002:00000b04       __NULL_IMPORT_DESCRIPTOR   0000000180007b04     libmx:libmx.dll
 0003:00000000       emlrtRTEI                  0000000180009000     Construct_data.obj
 0003:00000018       d_emlrtRTEI                0000000180009018     Construct_data.obj
 0003:00000030       n_emlrtBCI                 0000000180009030     Construct_data.obj
 0003:00000060       p_emlrtBCI                 0000000180009060     Construct_data.obj
 0003:00000090       r_emlrtBCI                 0000000180009090     Construct_data.obj
 0003:00000e00       emlrtContextGlobal         0000000180009e00     Construct_mex.obj
 0003:00000e40       _fltused                   0000000180009e40     MSVCRT:dllsupp.obj
 0003:00000e48       __security_cookie          0000000180009e48     MSVCRT:gs_cookie.obj
 0003:00000e50       __security_cookie_complement 0000000180009e50     MSVCRT:gs_cookie.obj
 0003:00000e60       __native_dllmain_reason    0000000180009e60     MSVCRT:natstart.obj
 0003:00000e64       __native_vcclrit_reason    0000000180009e64     MSVCRT:natstart.obj
 0003:00000e80       emlrtRootTLSGlobal         0000000180009e80     Construct_mex.obj
 0003:00001400       ?__type_info_root_node@@3U__type_info_node@@A 000000018000a400     MSVCRT:tncleanup.obj
 0003:00001420       vnfaces                    000000018000a420     <common>
 0003:00006890       Nreflx                     000000018000f890     <common>
 0003:00006898       Nblock_dirty               000000018000f898     <common>
 0003:0000689c       wedges_dirty               000000018000f89c     <common>
 0003:000068a0       DBIMAGES_dirty             000000018000f8a0     <common>
 0003:000068a8       wedges                     000000018000f8a8     <common>
 0003:000068c0       recept                     000000018000f8c0     <common>
 0003:000068d8       vnfaces_dirty              000000018000f8d8     <common>
 0003:000068dc       Mtrun_dirty                000000018000f8dc     <common>
 0003:000068e0       DBIMAGES                   000000018000f8e0     <common>
 0003:00006928       Nreflx_dirty               000000018000f928     <common>
 0003:00006930       Mtrun                      000000018000f930     <common>
 0003:00006938       Nblock                     000000018000f938     <common>
 0003:00006940       Nbrimg                     000000018000f940     <common>
 0003:000069c0       Nbrimg_dirty               000000018000f9c0     <common>
 0003:000069c8       emlrtBreakCheckR2012bFlagVar 000000018000f9c8     <common>
 0003:000069d0       recept_dirty               000000018000f9d0     <common>
 0003:000069d4       __native_startup_state     000000018000f9d4     <common>
 0003:000069d8       __native_startup_lock      000000018000f9d8     <common>
 0003:000069e0       __onexitend                000000018000f9e0     <common>
 0003:000069e8       __onexitbegin              000000018000f9e8     <common>
 0003:000069f0       __dyn_tls_init_callback    000000018000f9f0     <common>

 entry point at        0001:0000585c

 Static symbols

 0001:00000000       Construct_once             0000000180001000 f   Construct_initialize.obj
 0001:00003d40       b_emlrt_marshallOut        0000000180004d40 f   Construct_api.obj
 0001:00003e20       c_emlrt_marshallOut        0000000180004e20 f   Construct_api.obj
 0001:00003f20       q_emlrt_marshallIn         0000000180004f20 f   Construct_api.obj
 0001:00004020       r_emlrt_marshallIn         0000000180005020 f   Construct_api.obj
 0001:00004130       emlrt_marshallIn           0000000180005130 f   Construct_api.obj
 0001:000041e0       k_emlrt_marshallIn         00000001800051e0 f   Construct_api.obj
 0001:000042b0       m_emlrt_marshallIn         00000001800052b0 f   Construct_api.obj
 0001:00005040       Construct_mexFunction      0000000180006040 f   Construct_mex.obj
 0001:00005464       pre_c_init                 0000000180006464 f   MSVCRT:crtdll.obj
 0001:00005720       __DllMainCRTStartup        0000000180006720 f   MSVCRT:crtdll.obj
 0001:00005d20       __DllMainCRTStartup$filt$0 0000000180006d20 f   MSVCRT:crtdll.obj
 0001:00005d50       __DllMainCRTStartup$fin$1  0000000180006d50 f   MSVCRT:crtdll.obj
 0001:00005d6a       _onexit$fin$0              0000000180006d6a f   MSVCRT:atonexit.obj
 0001:00005d90       _IsNonwritableInCurrentImage$filt$0 0000000180006d90 f   MSVCRT:pesect.obj
