 Breakthrough

 Timestamp is 52b45eac (Fri Dec 20 16:13:48 2013)

 Preferred load address is 0000000180000000

 Start         Length     Name                   Class
 0001:00000000 00001f12H .text                   CODE
 0001:00001f20 00000092H .text$x                 CODE
 0002:00000000 00000260H .idata$5                DATA
 0002:00000260 00000008H .CRT$XCA                DATA
 0002:00000268 00000008H .CRT$XCZ                DATA
 0002:00000270 00000008H .CRT$XIA                DATA
 0002:00000278 00000008H .CRT$XIAA               DATA
 0002:00000280 00000008H .CRT$XIZ                DATA
 0002:00000290 00000258H .rdata                  DATA
 0002:000004e8 00000008H .rtc$IAA                DATA
 0002:000004f0 00000008H .rtc$IZZ                DATA
 0002:000004f8 00000008H .rtc$TAA                DATA
 0002:00000500 00000008H .rtc$TZZ                DATA
 0002:00000508 00000208H .xdata                  DATA
 0002:00000710 00000064H .idata$2                DATA
 0002:00000774 00000014H .idata$3                DATA
 0002:00000788 00000260H .idata$4                DATA
 0002:000009e8 00000622H .idata$6                DATA
 0002:00001010 000000ccH .edata                  DATA
 0003:00000000 00000218H .data                   DATA
 0003:00000220 00005a48H .bss                    DATA
 0004:00000000 000001e0H .pdata                  DATA

  Address         Publics by Value              Rva+Base               Lib:Object

 0000:00000000       ___safe_se_handler_count   0000000000000000     <absolute>
 0000:00000000       ___safe_se_handler_table   0000000000000000     <absolute>
 0000:00000000       __ImageBase                0000000180000000     <linker-defined>
 0001:000001c0       Breakthrough_initialize    00000001800011c0 f   Breakthrough_initialize.obj
 0001:00000230       Breakthrough_atexit        0000000180001230 f   Breakthrough_terminate.obj
 0001:00000290       Breakthrough_terminate     0000000180001290 f   Breakthrough_terminate.obj
 0001:000002b0       Breakthrough               00000001800012b0 f   Breakthrough.obj
 0001:00000a60       Breakthrough_api           0000000180001a60 f   Breakthrough_api.obj
 0001:00000fd0       emxEnsureCapacity          0000000180001fd0 f   Breakthrough_emxutil.obj
 0001:000010e0       emxFree_real_T             00000001800020e0 f   Breakthrough_emxutil.obj
 0001:00001120       emxInit_real_T             0000000180002120 f   Breakthrough_emxutil.obj
 0001:000012c0       Breakthrough_atexit_wrapper 00000001800022c0 f   Breakthrough_mex.obj
 0001:000012d0       mexFunction                00000001800022d0 f   Breakthrough_mex.obj
 0001:00001320       emlrtMexFcnProperties      0000000180002320 f   Breakthrough_mex.obj
 0001:0000145a       mxGetPr                    000000018000245a f   libmx:libmx.dll
 0001:00001460       mxCreateNumericArray_700   0000000180002460 f   libmx:libmx.dll
 0001:00001466       mxSetDimensions_700        0000000180002466 f   libmx:libmx.dll
 0001:0000146c       mxSetData                  000000018000246c f   libmx:libmx.dll
 0001:00001472       mxGetData                  0000000180002472 f   libmx:libmx.dll
 0001:00001478       mxMalloc                   0000000180002478 f   libmx:libmx.dll
 0001:0000147e       mxCreateDoubleScalar       000000018000247e f   libmx:libmx.dll
 0001:00001484       mxSetFieldByNumber_700     0000000180002484 f   libmx:libmx.dll
 0001:0000148a       mxCreateString             000000018000248a f   libmx:libmx.dll
 0001:00001490       mxCreateLogicalMatrix_700  0000000180002490 f   libmx:libmx.dll
 0001:00001496       mxCreateStructMatrix_700   0000000180002496 f   libmx:libmx.dll
 0001:0000149c       mexPutVariable             000000018000249c f   libmex:libmex.dll
 0001:000014a2       mexGetVariable             00000001800024a2 f   libmex:libmex.dll
 0001:000014a8       mexErrMsgIdAndTxt          00000001800024a8 f   libmex:libmex.dll
 0001:000014ae       mexAtExit                  00000001800024ae f   libmex:libmex.dll
 0001:000014b4       emlrtFirstTimeR2012b       00000001800024b4 f   libemlrt:libemlrt.dll
 0001:000014ba       emlrtEnterRtStackR2012b    00000001800024ba f   libemlrt:libemlrt.dll
 0001:000014c0       emlrtClearAllocCountR2012b 00000001800024c0 f   libemlrt:libemlrt.dll
 0001:000014c6       emlrtCreateRootTLS         00000001800024c6 f   libemlrt:libemlrt.dll
 0001:000014cc       emlrtGetBreakCheckFlagAddressR2012b 00000001800024cc f   libemlrt:libemlrt.dll
 0001:000014d2       emlrtDestroyRootTLS        00000001800024d2 f   libemlrt:libemlrt.dll
 0001:000014d8       emlrtLeaveRtStackR2012b    00000001800024d8 f   libemlrt:libemlrt.dll
 0001:000014de       emlrtDynamicBoundsCheckR2012b 00000001800024de f   libemlrt:libemlrt.dll
 0001:000014e4       emlrtIntegerCheckR2012b    00000001800024e4 f   libemlrt:libemlrt.dll
 0001:000014ea       emlrtAssign                00000001800024ea f   libemlrt:libemlrt.dll
 0001:000014f0       emlrtDestroyArray          00000001800024f0 f   libemlrt:libemlrt.dll
 0001:000014f6       emlrtCheckBuiltInR2012b    00000001800024f6 f   libemlrt:libemlrt.dll
 0001:000014fc       emlrtImportArrayR2011b     00000001800024fc f   libemlrt:libemlrt.dll
 0001:00001502       emlrtCheckVsBuiltInR2012b  0000000180002502 f   libemlrt:libemlrt.dll
 0001:00001508       emlrtAlias                 0000000180002508 f   libemlrt:libemlrt.dll
 0001:0000150e       emlrtHeapReferenceStackLeaveFcnR2012b 000000018000250e f   libemlrt:libemlrt.dll
 0001:00001514       emlrtHeapReferenceStackEnterFcnR2012b 0000000180002514 f   libemlrt:libemlrt.dll
 0001:0000151a       emlrtFreeMex               000000018000251a f   libemlrt:libemlrt.dll
 0001:00001520       emlrtHeapAllocationErrorR2012b 0000000180002520 f   libemlrt:libemlrt.dll
 0001:00001526       emlrtCallocMex             0000000180002526 f   libemlrt:libemlrt.dll
 0001:0000152c       emlrtSizeMulR2012b         000000018000252c f   libemlrt:libemlrt.dll
 0001:00001532       emlrtPushHeapReferenceStackR2012b 0000000180002532 f   libemlrt:libemlrt.dll
 0001:00001538       emlrtMallocMex             0000000180002538 f   libemlrt:libemlrt.dll
 0001:0000153e       emlrtReturnArrayR2009a     000000018000253e f   libemlrt:libemlrt.dll
 0001:00001544       __GSHandlerCheckCommon     0000000180002544 f   MSVCRT:gshandler.obj
 0001:000015a8       __GSHandlerCheck           00000001800025a8 f   MSVCRT:gshandler.obj
 0001:000015e0       __security_check_cookie    00000001800025e0 f   MSVCRT:amdsecgs.obj
 0001:00001610       _alloca_probe              0000000180002610     MSVCRT:chkstk.obj
 0001:00001610       __chkstk                   0000000180002610 f   MSVCRT:chkstk.obj
 0001:0000165e       memcpy                     000000018000265e f   MSVCRT:MSVCR100.dll
 0001:000016c4       _CRT_INIT                  00000001800026c4 f   MSVCRT:crtdll.obj
 0001:00001a5c       _DllMainCRTStartup         0000000180002a5c f   MSVCRT:crtdll.obj
 0001:00001a9c       __report_gsfailure         0000000180002a9c f   MSVCRT:gs_report.obj
 0001:00001be8       __clean_type_info_names    0000000180002be8 f   MSVCRT:tncleanup.obj
 0001:00001bf4       _onexit                    0000000180002bf4 f   MSVCRT:atonexit.obj
 0001:00001ca4       atexit                     0000000180002ca4 f   MSVCRT:atonexit.obj
 0001:00001cbc       _RTC_Initialize            0000000180002cbc f   MSVCRT:_initsect_.obj
 0001:00001cf4       _RTC_Terminate             0000000180002cf4 f   MSVCRT:_initsect_.obj
 0001:00001d30       _ValidateImageBase         0000000180002d30 f   MSVCRT:pesect.obj
 0001:00001d60       _FindPESection             0000000180002d60 f   MSVCRT:pesect.obj
 0001:00001db0       _IsNonwritableInCurrentImage 0000000180002db0 f   MSVCRT:pesect.obj
 0001:00001df2       _initterm                  0000000180002df2 f   MSVCRT:MSVCR100.dll
 0001:00001df8       _initterm_e                0000000180002df8 f   MSVCRT:MSVCR100.dll
 0001:00001dfe       _amsg_exit                 0000000180002dfe f   MSVCRT:MSVCR100.dll
 0001:00001e04       __C_specific_handler       0000000180002e04 f   MSVCRT:MSVCR100.dll
 0001:00001e0a       __CppXcptFilter            0000000180002e0a f   MSVCRT:MSVCR100.dll
 0001:00001e10       DllMain                    0000000180002e10 f   MSVCRT:dllmain.obj
 0001:00001e34       __security_init_cookie     0000000180002e34 f   MSVCRT:gs_support.obj
 0001:00001ee8       __crt_debugger_hook        0000000180002ee8 f   MSVCRT:MSVCR100.dll
 0001:00001eee       __clean_type_info_names_internal 0000000180002eee f   MSVCRT:MSVCR100.dll
 0001:00001ef4       _unlock                    0000000180002ef4 f   MSVCRT:MSVCR100.dll
 0001:00001efa       __dllonexit                0000000180002efa f   MSVCRT:MSVCR100.dll
 0001:00001f00       _lock                      0000000180002f00 f   MSVCRT:MSVCR100.dll
 0001:00001f06       RtlVirtualUnwind           0000000180002f06 f   kernel32:KERNEL32.dll
 0001:00001f0c       RtlLookupFunctionEntry     0000000180002f0c f   kernel32:KERNEL32.dll
 0002:00000000       __imp_GetSystemTimeAsFileTime 0000000180003000     kernel32:KERNEL32.dll
 0002:00000008       __imp_GetCurrentProcessId  0000000180003008     kernel32:KERNEL32.dll
 0002:00000010       __imp_GetCurrentThreadId   0000000180003010     kernel32:KERNEL32.dll
 0002:00000018       __imp_GetTickCount         0000000180003018     kernel32:KERNEL32.dll
 0002:00000020       __imp_QueryPerformanceCounter 0000000180003020     kernel32:KERNEL32.dll
 0002:00000028       __imp_DisableThreadLibraryCalls 0000000180003028     kernel32:KERNEL32.dll
 0002:00000030       __imp_RtlCaptureContext    0000000180003030     kernel32:KERNEL32.dll
 0002:00000038       __imp_RtlLookupFunctionEntry 0000000180003038     kernel32:KERNEL32.dll
 0002:00000040       __imp_RtlVirtualUnwind     0000000180003040     kernel32:KERNEL32.dll
 0002:00000048       __imp_IsDebuggerPresent    0000000180003048     kernel32:KERNEL32.dll
 0002:00000050       __imp_SetUnhandledExceptionFilter 0000000180003050     kernel32:KERNEL32.dll
 0002:00000058       __imp_UnhandledExceptionFilter 0000000180003058     kernel32:KERNEL32.dll
 0002:00000060       __imp_GetCurrentProcess    0000000180003060     kernel32:KERNEL32.dll
 0002:00000068       __imp_TerminateProcess     0000000180003068     kernel32:KERNEL32.dll
 0002:00000070       __imp_Sleep                0000000180003070     kernel32:KERNEL32.dll
 0002:00000078       __imp_DecodePointer        0000000180003078     kernel32:KERNEL32.dll
 0002:00000080       __imp_EncodePointer        0000000180003080     kernel32:KERNEL32.dll
 0002:00000088       \177KERNEL32_NULL_THUNK_DATA 0000000180003088     kernel32:KERNEL32.dll
 0002:00000090       __imp__onexit              0000000180003090     MSVCRT:MSVCR100.dll
 0002:00000098       __imp___dllonexit          0000000180003098     MSVCRT:MSVCR100.dll
 0002:000000a0       __imp__unlock              00000001800030a0     MSVCRT:MSVCR100.dll
 0002:000000a8       __imp___clean_type_info_names_internal 00000001800030a8     MSVCRT:MSVCR100.dll
 0002:000000b0       __imp___crt_debugger_hook  00000001800030b0     MSVCRT:MSVCR100.dll
 0002:000000b8       __imp___CppXcptFilter      00000001800030b8     MSVCRT:MSVCR100.dll
 0002:000000c0       __imp___C_specific_handler 00000001800030c0     MSVCRT:MSVCR100.dll
 0002:000000c8       __imp__amsg_exit           00000001800030c8     MSVCRT:MSVCR100.dll
 0002:000000d0       __imp__encoded_null        00000001800030d0     MSVCRT:MSVCR100.dll
 0002:000000d8       __imp_free                 00000001800030d8     MSVCRT:MSVCR100.dll
 0002:000000e0       __imp__initterm_e          00000001800030e0     MSVCRT:MSVCR100.dll
 0002:000000e8       __imp__initterm            00000001800030e8     MSVCRT:MSVCR100.dll
 0002:000000f0       __imp__malloc_crt          00000001800030f0     MSVCRT:MSVCR100.dll
 0002:000000f8       __imp_memcpy               00000001800030f8     MSVCRT:MSVCR100.dll
 0002:00000100       __imp__lock                0000000180003100     MSVCRT:MSVCR100.dll
 0002:00000108       \177MSVCR100_NULL_THUNK_DATA 0000000180003108     MSVCRT:MSVCR100.dll
 0002:00000110       __imp_emlrtFreeMex         0000000180003110     libemlrt:libemlrt.dll
 0002:00000118       __imp_emlrtHeapAllocationErrorR2012b 0000000180003118     libemlrt:libemlrt.dll
 0002:00000120       __imp_emlrtCallocMex       0000000180003120     libemlrt:libemlrt.dll
 0002:00000128       __imp_emlrtHeapReferenceStackEnterFcnR2012b 0000000180003128     libemlrt:libemlrt.dll
 0002:00000130       __imp_emlrtPushHeapReferenceStackR2012b 0000000180003130     libemlrt:libemlrt.dll
 0002:00000138       __imp_emlrtMallocMex       0000000180003138     libemlrt:libemlrt.dll
 0002:00000140       __imp_emlrtReturnArrayR2009a 0000000180003140     libemlrt:libemlrt.dll
 0002:00000148       __imp_emlrtHeapReferenceStackLeaveFcnR2012b 0000000180003148     libemlrt:libemlrt.dll
 0002:00000150       __imp_emlrtAlias           0000000180003150     libemlrt:libemlrt.dll
 0002:00000158       __imp_emlrtCheckVsBuiltInR2012b 0000000180003158     libemlrt:libemlrt.dll
 0002:00000160       __imp_emlrtFirstTimeR2012b 0000000180003160     libemlrt:libemlrt.dll
 0002:00000168       __imp_emlrtCheckBuiltInR2012b 0000000180003168     libemlrt:libemlrt.dll
 0002:00000170       __imp_emlrtDestroyArray    0000000180003170     libemlrt:libemlrt.dll
 0002:00000178       __imp_emlrtAssign          0000000180003178     libemlrt:libemlrt.dll
 0002:00000180       __imp_emlrtIntegerCheckR2012b 0000000180003180     libemlrt:libemlrt.dll
 0002:00000188       __imp_emlrtDynamicBoundsCheckR2012b 0000000180003188     libemlrt:libemlrt.dll
 0002:00000190       __imp_emlrtLeaveRtStackR2012b 0000000180003190     libemlrt:libemlrt.dll
 0002:00000198       __imp_emlrtDestroyRootTLS  0000000180003198     libemlrt:libemlrt.dll
 0002:000001a0       __imp_emlrtGetBreakCheckFlagAddressR2012b 00000001800031a0     libemlrt:libemlrt.dll
 0002:000001a8       __imp_emlrtCreateRootTLS   00000001800031a8     libemlrt:libemlrt.dll
 0002:000001b0       __imp_emlrtClearAllocCountR2012b 00000001800031b0     libemlrt:libemlrt.dll
 0002:000001b8       __imp_emlrtSizeMulR2012b   00000001800031b8     libemlrt:libemlrt.dll
 0002:000001c0       __imp_emlrtEnterRtStackR2012b 00000001800031c0     libemlrt:libemlrt.dll
 0002:000001c8       __imp_emlrtImportArrayR2011b 00000001800031c8     libemlrt:libemlrt.dll
 0002:000001d0       \177libemlrt_NULL_THUNK_DATA 00000001800031d0     libemlrt:libemlrt.dll
 0002:000001d8       __imp_mexAtExit            00000001800031d8     libmex:libmex.dll
 0002:000001e0       __imp_mexErrMsgIdAndTxt    00000001800031e0     libmex:libmex.dll
 0002:000001e8       __imp_mexGetVariable       00000001800031e8     libmex:libmex.dll
 0002:000001f0       __imp_mexPutVariable       00000001800031f0     libmex:libmex.dll
 0002:000001f8       \177libmex_NULL_THUNK_DATA 00000001800031f8     libmex:libmex.dll
 0002:00000200       __imp_mxCreateStructMatrix_700 0000000180003200     libmx:libmx.dll
 0002:00000208       __imp_mxCreateLogicalMatrix_700 0000000180003208     libmx:libmx.dll
 0002:00000210       __imp_mxCreateString       0000000180003210     libmx:libmx.dll
 0002:00000218       __imp_mxSetFieldByNumber_700 0000000180003218     libmx:libmx.dll
 0002:00000220       __imp_mxCreateDoubleScalar 0000000180003220     libmx:libmx.dll
 0002:00000228       __imp_mxMalloc             0000000180003228     libmx:libmx.dll
 0002:00000230       __imp_mxGetData            0000000180003230     libmx:libmx.dll
 0002:00000238       __imp_mxSetData            0000000180003238     libmx:libmx.dll
 0002:00000240       __imp_mxSetDimensions_700  0000000180003240     libmx:libmx.dll
 0002:00000248       __imp_mxCreateNumericArray_700 0000000180003248     libmx:libmx.dll
 0002:00000250       __imp_mxGetPr              0000000180003250     libmx:libmx.dll
 0002:00000258       \177libmx_NULL_THUNK_DATA  0000000180003258     libmx:libmx.dll
 0002:00000260       __xc_a                     0000000180003260     MSVCRT:cinitexe.obj
 0002:00000268       __xc_z                     0000000180003268     MSVCRT:cinitexe.obj
 0002:00000270       __xi_a                     0000000180003270     MSVCRT:cinitexe.obj
 0002:00000280       __xi_z                     0000000180003280     MSVCRT:cinitexe.obj
 0002:00000290       ??_C@_0FM@LHHNKFKA@C?3?1Mingming?1Master?5Thesis?1Superv@ 0000000180003290     Breakthrough_data.obj
 0002:000002f0       ??_C@_0N@FFCNHFKB@Breakthrough?$AA@ 00000001800032f0     Breakthrough_data.obj
 0002:000002fd       ??_C@_00CNPNBAHC@?$AA@     00000001800032fd     Breakthrough_initialize.obj
 0002:00000300       ??_C@_07DCAJEGJA@vnfaces?$AA@ 0000000180003300     Breakthrough.obj
 0002:00000308       ??_C@_06JDCIGNAE@wedges?$AA@ 0000000180003308     Breakthrough.obj
 0002:00000318       __real@3ff0000000000000    0000000180003318     Breakthrough.obj
 0002:00000320       __mask@@NegDouble@         0000000180003320     Breakthrough.obj
 0002:00000330       ??_C@_0BB@EFNBFLIN@Breakthrough_api?$AA@ 0000000180003330     Breakthrough_api.obj
 0002:0000035c       ??_C@_06BNJCAIGJ@double?$AA@ 000000018000335c     Breakthrough_api.obj
 0002:00000364       ??_C@_06FJKEMHGD@global?$AA@ 0000000180003364     Breakthrough_api.obj
 0002:00000370       ??_C@_08NJOMNDDN@Pnpos_re?$AA@ 0000000180003370     Breakthrough_api.obj
 0002:00000380       ??_C@_08NKPGCGIK@Pnneg_re?$AA@ 0000000180003380     Breakthrough_api.obj
 0002:0000038c       ??_C@_04POCOPAPC@face?$AA@ 000000018000338c     Breakthrough_api.obj
 0002:00000398       ??_C@_0CH@DLJMAEFE@emlcoder?3emlmex?3TooManyOutputArg@ 0000000180003398     Breakthrough_mex.obj
 0002:000003c0       ??_C@_0DK@NINOOKID@Too?5many?5output?5arguments?5for?5en@ 00000001800033c0     Breakthrough_mex.obj
 0002:00000400       ??_C@_0CE@IHHIPLIO@emlcoder?3emlmex?3WrongNumberOfInp@ 0000000180003400     Breakthrough_mex.obj
 0002:00000428       ??_C@_0DC@GINMNECO@3?5inputs?5required?5for?5entry?9poin@ 0000000180003428     Breakthrough_mex.obj
 0002:00000460       ??_C@_0BD@NDMMKFEF@8?40?40?4783?5?$CIR2012b?$CJ?$AA@ 0000000180003460     Breakthrough_mex.obj
 0002:00000478       __real@4008000000000000    0000000180003478     Breakthrough_mex.obj
 0002:00000480       ??_C@_0P@FDPDNMBC@ConstantInputs?$AA@ 0000000180003480     Breakthrough_mex.obj
 0002:00000490       ??_C@_0BA@HBLCOFA@NumberOfOutputs?$AA@ 0000000180003490     Breakthrough_mex.obj
 0002:000004a0       ??_C@_0P@DJPKAEOC@NumberOfInputs?$AA@ 00000001800034a0     Breakthrough_mex.obj
 0002:000004b0       ??_C@_04FABLJDN@Name?$AA@  00000001800034b0     Breakthrough_mex.obj
 0002:000004b8       ??_C@_0M@HOOGCLMJ@EntryPoints?$AA@ 00000001800034b8     Breakthrough_mex.obj
 0002:000004c8       ??_C@_07NGFJPNPN@Version?$AA@ 00000001800034c8     Breakthrough_mex.obj
 0002:000004d0       _pRawDllMain               00000001800034d0     MSVCRT:crtdll.obj
 0002:000004d0       _pDefaultRawDllMain        00000001800034d0     MSVCRT:crtdll.obj
 0002:000004e8       __rtc_iaa                  00000001800034e8     MSVCRT:_initsect_.obj
 0002:000004f0       __rtc_izz                  00000001800034f0     MSVCRT:_initsect_.obj
 0002:000004f8       __rtc_taa                  00000001800034f8     MSVCRT:_initsect_.obj
 0002:00000500       __rtc_tzz                  0000000180003500     MSVCRT:_initsect_.obj
 0002:00000710       __IMPORT_DESCRIPTOR_libmx  0000000180003710     libmx:libmx.dll
 0002:00000724       __IMPORT_DESCRIPTOR_libmex 0000000180003724     libmex:libmex.dll
 0002:00000738       __IMPORT_DESCRIPTOR_libemlrt 0000000180003738     libemlrt:libemlrt.dll
 0002:0000074c       __IMPORT_DESCRIPTOR_MSVCR100 000000018000374c     MSVCRT:MSVCR100.dll
 0002:00000760       __IMPORT_DESCRIPTOR_KERNEL32 0000000180003760     kernel32:KERNEL32.dll
 0002:00000774       __NULL_IMPORT_DESCRIPTOR   0000000180003774     libmx:libmx.dll
 0003:00000000       emlrtRTEI                  0000000180005000     Breakthrough_data.obj
 0003:000001b0       emlrtContextGlobal         00000001800051b0     Breakthrough_mex.obj
 0003:000001f0       _fltused                   00000001800051f0     MSVCRT:dllsupp.obj
 0003:000001f8       __security_cookie          00000001800051f8     MSVCRT:gs_cookie.obj
 0003:00000200       __security_cookie_complement 0000000180005200     MSVCRT:gs_cookie.obj
 0003:00000210       __native_dllmain_reason    0000000180005210     MSVCRT:natstart.obj
 0003:00000214       __native_vcclrit_reason    0000000180005214     MSVCRT:natstart.obj
 0003:00000228       emlrtRootTLSGlobal         0000000180005228     Breakthrough_mex.obj
 0003:000007b0       ?__type_info_root_node@@3U__type_info_node@@A 00000001800057b0     MSVCRT:tncleanup.obj
 0003:000007c0       vnfaces                    00000001800057c0     <common>
 0003:00005c30       wedges_dirty               000000018000ac30     <common>
 0003:00005c38       wedges                     000000018000ac38     <common>
 0003:00005c40       vnfaces_dirty              000000018000ac40     <common>
 0003:00005c44       __native_startup_state     000000018000ac44     <common>
 0003:00005c48       __native_startup_lock      000000018000ac48     <common>
 0003:00005c50       __onexitend                000000018000ac50     <common>
 0003:00005c58       __onexitbegin              000000018000ac58     <common>
 0003:00005c60       __dyn_tls_init_callback    000000018000ac60     <common>

 entry point at        0001:00001a5c

 Static symbols

 0001:00000000       Breakthrough_once          0000000180001000 f   Breakthrough_initialize.obj
 0001:00000700       b_emlrt_marshallOut        0000000180001700 f   Breakthrough_api.obj
 0001:00000800       l_emlrt_marshallIn         0000000180001800 f   Breakthrough_api.obj
 0001:00000910       emlrt_marshallIn           0000000180001910 f   Breakthrough_api.obj
 0001:000009c0       c_emlrt_marshallIn         00000001800019c0 f   Breakthrough_api.obj
 0001:000011f0       Breakthrough_mexFunction   00000001800021f0 f   Breakthrough_mex.obj
 0001:00001664       pre_c_init                 0000000180002664 f   MSVCRT:crtdll.obj
 0001:00001920       __DllMainCRTStartup        0000000180002920 f   MSVCRT:crtdll.obj
 0001:00001f20       __DllMainCRTStartup$filt$0 0000000180002f20 f   MSVCRT:crtdll.obj
 0001:00001f50       __DllMainCRTStartup$fin$1  0000000180002f50 f   MSVCRT:crtdll.obj
 0001:00001f6a       _onexit$fin$0              0000000180002f6a f   MSVCRT:atonexit.obj
 0001:00001f90       _IsNonwritableInCurrentImage$filt$0 0000000180002f90 f   MSVCRT:pesect.obj
